CCS PCM C Compiler, Version 5.051, 5967               16-Dec-19 15:51

               Filename:   C:\Users\NGUYEN DUY LINH\Desktop\NOKIA5110\main.lst

               ROM used:   2648 words (32%)
                           Largest free fragment is 2048
               RAM used:   76 (21%) at main() level
                           95 (26%) worst case
               Stack used: 9 locations (4 in main + 5 for interrupts)
               Stack size: 8

*
0000:  MOVLW  08
0001:  MOVWF  0A
0002:  GOTO   053
0003:  NOP
0004:  MOVWF  7F
0005:  SWAPF  03,W
0006:  CLRF   03
0007:  MOVWF  21
0008:  MOVF   0A,W
0009:  MOVWF  20
000A:  CLRF   0A
000B:  MOVF   04,W
000C:  MOVWF  22
000D:  MOVF   77,W
000E:  MOVWF  23
000F:  MOVF   78,W
0010:  MOVWF  24
0011:  MOVF   79,W
0012:  MOVWF  25
0013:  MOVF   7A,W
0014:  MOVWF  26
0015:  MOVF   7B,W
0016:  MOVWF  27
0017:  BSF    03.6
0018:  MOVF   0D,W
0019:  BCF    03.6
001A:  MOVWF  28
001B:  BSF    03.6
001C:  MOVF   0F,W
001D:  BCF    03.6
001E:  MOVWF  29
001F:  BSF    03.6
0020:  MOVF   0C,W
0021:  BCF    03.6
0022:  MOVWF  2A
0023:  BSF    03.6
0024:  MOVF   0E,W
0025:  BCF    03.6
0026:  MOVWF  2B
0027:  BCF    03.7
0028:  BCF    03.5
0029:  BTFSS  0B.4
002A:  GOTO   02D
002B:  BTFSC  0B.1
002C:  GOTO   056
002D:  MOVLW  8C
002E:  MOVWF  04
002F:  BTFSS  00.5
0030:  GOTO   033
0031:  BTFSC  0C.5
0032:  GOTO   059
0033:  MOVF   22,W
0034:  MOVWF  04
0035:  MOVF   23,W
0036:  MOVWF  77
0037:  MOVF   24,W
0038:  MOVWF  78
0039:  MOVF   25,W
003A:  MOVWF  79
003B:  MOVF   26,W
003C:  MOVWF  7A
003D:  MOVF   27,W
003E:  MOVWF  7B
003F:  MOVF   28,W
0040:  BSF    03.6
0041:  MOVWF  0D
0042:  BCF    03.6
0043:  MOVF   29,W
0044:  BSF    03.6
0045:  MOVWF  0F
0046:  BCF    03.6
0047:  MOVF   2A,W
0048:  BSF    03.6
0049:  MOVWF  0C
004A:  BCF    03.6
004B:  MOVF   2B,W
004C:  BSF    03.6
004D:  MOVWF  0E
004E:  BCF    03.6
004F:  MOVF   20,W
0050:  MOVWF  0A
0051:  SWAPF  21,W
0052:  MOVWF  03
0053:  SWAPF  7F,F
0054:  SWAPF  7F,W
0055:  RETFIE
0056:  BCF    0A.3
0057:  BCF    0A.4
0058:  GOTO   627
0059:  BCF    0A.3
005A:  BCF    0A.4
005B:  GOTO   5D2
.................... #include <16F887.h> 
.................... //////////// Standard Header file for the PIC16F887 device //////////////// 
.................... /////////////////////////////////////////////////////////////////////////// 
.................... ////        (C) Copyright 1996, 2014 Custom Computer Services          //// 
.................... //// This source code may only be used by licensed users of the CCS C  //// 
.................... //// compiler.  This source code may only be distributed to other      //// 
.................... //// licensed users of the CCS C compiler.  No other use, reproduction //// 
.................... //// or distribution is permitted without written permission.          //// 
.................... //// Derivative programs created using this software in object code    //// 
.................... //// form are not restricted in any way.                               //// 
.................... /////////////////////////////////////////////////////////////////////////// 
.................... #device PIC16F887 
005C:  BCF    0A.0
005D:  BCF    0A.1
005E:  BCF    0A.2
005F:  ADDLW  63
0060:  BTFSC  03.0
0061:  INCF   0A,F
0062:  MOVWF  02
0063:  RETLW  00
0064:  RETLW  00
0065:  RETLW  00
0066:  RETLW  00
0067:  RETLW  00
0068:  RETLW  00
0069:  RETLW  00
006A:  RETLW  5F
006B:  RETLW  00
006C:  RETLW  00
006D:  RETLW  00
006E:  RETLW  07
006F:  RETLW  00
0070:  RETLW  07
0071:  RETLW  00
0072:  RETLW  14
0073:  RETLW  7F
0074:  RETLW  14
0075:  RETLW  7F
0076:  RETLW  14
0077:  RETLW  24
0078:  RETLW  2A
0079:  RETLW  7F
007A:  RETLW  2A
007B:  RETLW  12
007C:  RETLW  23
007D:  RETLW  13
007E:  RETLW  08
007F:  RETLW  64
0080:  RETLW  62
0081:  RETLW  36
0082:  RETLW  49
0083:  RETLW  55
0084:  RETLW  22
0085:  RETLW  50
0086:  RETLW  00
0087:  RETLW  05
0088:  RETLW  03
0089:  RETLW  00
008A:  RETLW  00
008B:  RETLW  00
008C:  RETLW  1C
008D:  RETLW  22
008E:  RETLW  41
008F:  RETLW  00
0090:  RETLW  00
0091:  RETLW  41
0092:  RETLW  22
0093:  RETLW  1C
0094:  RETLW  00
0095:  RETLW  14
0096:  RETLW  08
0097:  RETLW  3E
0098:  RETLW  08
0099:  RETLW  14
009A:  RETLW  08
009B:  RETLW  08
009C:  RETLW  3E
009D:  RETLW  08
009E:  RETLW  08
009F:  RETLW  00
00A0:  RETLW  50
00A1:  RETLW  30
00A2:  RETLW  00
00A3:  RETLW  00
00A4:  RETLW  08
00A5:  RETLW  08
00A6:  RETLW  08
00A7:  RETLW  08
00A8:  RETLW  08
00A9:  RETLW  00
00AA:  RETLW  60
00AB:  RETLW  60
00AC:  RETLW  00
00AD:  RETLW  00
00AE:  RETLW  20
00AF:  RETLW  10
00B0:  RETLW  08
00B1:  RETLW  04
00B2:  RETLW  02
00B3:  RETLW  3E
00B4:  RETLW  51
00B5:  RETLW  49
00B6:  RETLW  45
00B7:  RETLW  3E
00B8:  RETLW  00
00B9:  RETLW  42
00BA:  RETLW  7F
00BB:  RETLW  40
00BC:  RETLW  00
00BD:  RETLW  42
00BE:  RETLW  61
00BF:  RETLW  51
00C0:  RETLW  49
00C1:  RETLW  46
00C2:  RETLW  21
00C3:  RETLW  41
00C4:  RETLW  45
00C5:  RETLW  4B
00C6:  RETLW  31
00C7:  RETLW  18
00C8:  RETLW  14
00C9:  RETLW  12
00CA:  RETLW  7F
00CB:  RETLW  10
00CC:  RETLW  27
00CD:  RETLW  45
00CE:  RETLW  45
00CF:  RETLW  45
00D0:  RETLW  39
00D1:  RETLW  3C
00D2:  RETLW  4A
00D3:  RETLW  49
00D4:  RETLW  49
00D5:  RETLW  30
00D6:  RETLW  01
00D7:  RETLW  71
00D8:  RETLW  09
00D9:  RETLW  05
00DA:  RETLW  03
00DB:  RETLW  36
00DC:  RETLW  49
00DD:  RETLW  49
00DE:  RETLW  49
00DF:  RETLW  36
00E0:  RETLW  06
00E1:  RETLW  49
00E2:  RETLW  49
00E3:  RETLW  29
00E4:  RETLW  1E
00E5:  RETLW  00
00E6:  RETLW  36
00E7:  RETLW  36
00E8:  RETLW  00
00E9:  RETLW  00
00EA:  RETLW  00
00EB:  RETLW  56
00EC:  RETLW  36
00ED:  RETLW  00
00EE:  RETLW  00
00EF:  RETLW  08
00F0:  RETLW  14
00F1:  RETLW  22
00F2:  RETLW  41
00F3:  RETLW  00
00F4:  RETLW  14
00F5:  RETLW  14
00F6:  RETLW  14
00F7:  RETLW  14
00F8:  RETLW  14
00F9:  RETLW  00
00FA:  RETLW  41
00FB:  RETLW  22
00FC:  RETLW  14
00FD:  RETLW  08
00FE:  RETLW  02
00FF:  RETLW  01
0100:  RETLW  51
0101:  RETLW  09
0102:  RETLW  06
0103:  RETLW  32
0104:  RETLW  49
0105:  RETLW  79
0106:  RETLW  41
0107:  RETLW  3E
0108:  RETLW  7E
0109:  RETLW  11
010A:  RETLW  11
010B:  RETLW  11
010C:  RETLW  7E
010D:  RETLW  7F
010E:  RETLW  49
010F:  RETLW  49
0110:  RETLW  49
0111:  RETLW  36
0112:  RETLW  3E
0113:  RETLW  41
0114:  RETLW  41
0115:  RETLW  41
0116:  RETLW  22
0117:  RETLW  7F
0118:  RETLW  41
0119:  RETLW  41
011A:  RETLW  22
011B:  RETLW  1C
011C:  RETLW  7F
011D:  RETLW  49
011E:  RETLW  49
011F:  RETLW  49
0120:  RETLW  41
0121:  RETLW  7F
0122:  RETLW  09
0123:  RETLW  09
0124:  RETLW  09
0125:  RETLW  01
0126:  RETLW  3E
0127:  RETLW  41
0128:  RETLW  49
0129:  RETLW  49
012A:  RETLW  7A
012B:  RETLW  7F
012C:  RETLW  08
012D:  RETLW  08
012E:  RETLW  08
012F:  RETLW  7F
0130:  RETLW  00
0131:  RETLW  41
0132:  RETLW  7F
0133:  RETLW  41
0134:  RETLW  00
0135:  RETLW  20
0136:  RETLW  40
0137:  RETLW  41
0138:  RETLW  3F
0139:  RETLW  01
013A:  RETLW  7F
013B:  RETLW  08
013C:  RETLW  14
013D:  RETLW  22
013E:  RETLW  41
013F:  RETLW  7F
0140:  RETLW  40
0141:  RETLW  40
0142:  RETLW  40
0143:  RETLW  40
0144:  RETLW  7F
0145:  RETLW  02
0146:  RETLW  0C
0147:  RETLW  02
0148:  RETLW  7F
0149:  RETLW  7F
014A:  RETLW  04
014B:  RETLW  08
014C:  RETLW  10
014D:  RETLW  7F
014E:  RETLW  3E
014F:  RETLW  41
0150:  RETLW  41
0151:  RETLW  41
0152:  RETLW  3E
0153:  BSF    0A.0
0154:  BCF    0A.1
0155:  BCF    0A.2
0156:  ADDLW  5A
0157:  BTFSC  03.0
0158:  INCF   0A,F
0159:  MOVWF  02
015A:  RETLW  7F
015B:  RETLW  09
015C:  RETLW  09
015D:  RETLW  09
015E:  RETLW  06
015F:  RETLW  3E
0160:  RETLW  41
0161:  RETLW  51
0162:  RETLW  21
0163:  RETLW  5E
0164:  RETLW  7F
0165:  RETLW  09
0166:  RETLW  19
0167:  RETLW  29
0168:  RETLW  46
0169:  RETLW  46
016A:  RETLW  49
016B:  RETLW  49
016C:  RETLW  49
016D:  RETLW  31
016E:  RETLW  01
016F:  RETLW  01
0170:  RETLW  7F
0171:  RETLW  01
0172:  RETLW  01
0173:  RETLW  3F
0174:  RETLW  40
0175:  RETLW  40
0176:  RETLW  40
0177:  RETLW  3F
0178:  RETLW  1F
0179:  RETLW  20
017A:  RETLW  40
017B:  RETLW  20
017C:  RETLW  1F
017D:  RETLW  3F
017E:  RETLW  40
017F:  RETLW  38
0180:  RETLW  40
0181:  RETLW  3F
0182:  RETLW  63
0183:  RETLW  14
0184:  RETLW  08
0185:  RETLW  14
0186:  RETLW  63
0187:  RETLW  07
0188:  RETLW  08
0189:  RETLW  70
018A:  RETLW  08
018B:  RETLW  07
018C:  RETLW  61
018D:  RETLW  51
018E:  RETLW  49
018F:  RETLW  45
0190:  RETLW  43
0191:  RETLW  00
0192:  RETLW  7F
0193:  RETLW  41
0194:  RETLW  41
0195:  RETLW  00
0196:  RETLW  02
0197:  RETLW  04
0198:  RETLW  08
0199:  RETLW  10
019A:  RETLW  20
019B:  RETLW  00
019C:  RETLW  41
019D:  RETLW  41
019E:  RETLW  7F
019F:  RETLW  00
01A0:  RETLW  04
01A1:  RETLW  02
01A2:  RETLW  01
01A3:  RETLW  02
01A4:  RETLW  04
01A5:  RETLW  40
01A6:  RETLW  40
01A7:  RETLW  40
01A8:  RETLW  40
01A9:  RETLW  40
01AA:  RETLW  00
01AB:  RETLW  01
01AC:  RETLW  02
01AD:  RETLW  04
01AE:  RETLW  00
01AF:  RETLW  20
01B0:  RETLW  54
01B1:  RETLW  54
01B2:  RETLW  54
01B3:  RETLW  78
01B4:  RETLW  7F
01B5:  RETLW  48
01B6:  RETLW  44
01B7:  RETLW  44
01B8:  RETLW  38
01B9:  RETLW  38
01BA:  RETLW  44
01BB:  RETLW  44
01BC:  RETLW  44
01BD:  RETLW  20
01BE:  RETLW  38
01BF:  RETLW  44
01C0:  RETLW  44
01C1:  RETLW  48
01C2:  RETLW  7F
01C3:  RETLW  38
01C4:  RETLW  54
01C5:  RETLW  54
01C6:  RETLW  54
01C7:  RETLW  18
01C8:  RETLW  08
01C9:  RETLW  7E
01CA:  RETLW  09
01CB:  RETLW  01
01CC:  RETLW  02
01CD:  RETLW  0C
01CE:  RETLW  52
01CF:  RETLW  52
01D0:  RETLW  52
01D1:  RETLW  3E
01D2:  RETLW  7F
01D3:  RETLW  08
01D4:  RETLW  04
01D5:  RETLW  04
01D6:  RETLW  78
01D7:  RETLW  00
01D8:  RETLW  44
01D9:  RETLW  7D
01DA:  RETLW  40
01DB:  RETLW  00
01DC:  RETLW  20
01DD:  RETLW  40
01DE:  RETLW  44
01DF:  RETLW  3D
01E0:  RETLW  00
01E1:  RETLW  7F
01E2:  RETLW  10
01E3:  RETLW  28
01E4:  RETLW  44
01E5:  RETLW  00
01E6:  RETLW  00
01E7:  RETLW  41
01E8:  RETLW  7F
01E9:  RETLW  40
01EA:  RETLW  00
01EB:  RETLW  7C
01EC:  RETLW  04
01ED:  RETLW  18
01EE:  RETLW  04
01EF:  RETLW  78
01F0:  RETLW  7C
01F1:  RETLW  08
01F2:  RETLW  04
01F3:  RETLW  04
01F4:  RETLW  78
01F5:  RETLW  38
01F6:  RETLW  44
01F7:  RETLW  44
01F8:  RETLW  44
01F9:  RETLW  38
01FA:  RETLW  7C
01FB:  RETLW  14
01FC:  RETLW  14
01FD:  RETLW  14
01FE:  RETLW  08
01FF:  RETLW  08
0200:  RETLW  14
0201:  RETLW  14
0202:  RETLW  18
0203:  RETLW  7C
0204:  RETLW  7C
0205:  RETLW  08
0206:  RETLW  04
0207:  RETLW  04
0208:  RETLW  08
0209:  RETLW  48
020A:  RETLW  54
020B:  RETLW  54
020C:  RETLW  54
020D:  RETLW  20
020E:  RETLW  04
020F:  RETLW  3F
0210:  RETLW  44
0211:  RETLW  40
0212:  RETLW  20
0213:  RETLW  3C
0214:  RETLW  40
0215:  RETLW  40
0216:  RETLW  20
0217:  RETLW  7C
0218:  RETLW  1C
0219:  RETLW  20
021A:  RETLW  40
021B:  RETLW  20
021C:  RETLW  1C
021D:  RETLW  3C
021E:  RETLW  40
021F:  RETLW  30
0220:  RETLW  40
0221:  RETLW  3C
0222:  RETLW  44
0223:  RETLW  28
0224:  RETLW  10
0225:  RETLW  28
0226:  RETLW  44
0227:  RETLW  0C
0228:  RETLW  50
0229:  RETLW  50
022A:  RETLW  50
022B:  RETLW  3C
022C:  RETLW  44
022D:  RETLW  64
022E:  RETLW  54
022F:  RETLW  4C
0230:  RETLW  44
0231:  RETLW  00
0232:  RETLW  08
0233:  RETLW  36
0234:  RETLW  41
0235:  RETLW  00
0236:  RETLW  00
0237:  RETLW  00
0238:  RETLW  7F
0239:  RETLW  00
023A:  RETLW  00
023B:  RETLW  00
023C:  RETLW  41
023D:  RETLW  36
023E:  RETLW  08
023F:  RETLW  00
0240:  RETLW  10
0241:  RETLW  08
0242:  RETLW  08
0243:  RETLW  10
0244:  RETLW  08
0245:  RETLW  78
0246:  RETLW  46
0247:  RETLW  41
0248:  RETLW  46
0249:  RETLW  78
024A:  MOVWF  7B
024B:  MOVLW  02
024C:  ADDWF  7A,W
024D:  MOVWF  0A
024E:  MOVF   7B,W
024F:  ADDLW  53
0250:  BTFSC  03.0
0251:  INCF   0A,F
0252:  MOVWF  02
0253:  RETLW  F0
0254:  RETLW  FC
0255:  RETLW  0E
0256:  RETLW  03
0257:  RETLW  83
0258:  RETLW  C3
0259:  RETLW  C3
025A:  RETLW  67
025B:  RETLW  FE
025C:  RETLW  F8
025D:  RETLW  0F
025E:  RETLW  7F
025F:  RETLW  76
0260:  RETLW  C3
0261:  RETLW  C3
0262:  RETLW  C1
0263:  RETLW  C0
0264:  RETLW  60
0265:  RETLW  3F
0266:  RETLW  1F
0267:  RETLW  0C
0268:  RETLW  06
0269:  RETLW  06
026A:  RETLW  03
026B:  RETLW  FF
026C:  RETLW  FF
026D:  RETLW  FF
026E:  RETLW  00
026F:  RETLW  00
0270:  RETLW  00
0271:  RETLW  C0
0272:  RETLW  C0
0273:  RETLW  C0
0274:  RETLW  C0
0275:  RETLW  FF
0276:  RETLW  FF
0277:  RETLW  FF
0278:  RETLW  C0
0279:  RETLW  C0
027A:  RETLW  C0
027B:  RETLW  06
027C:  RETLW  06
027D:  RETLW  03
027E:  RETLW  03
027F:  RETLW  03
0280:  RETLW  03
0281:  RETLW  C7
0282:  RETLW  FE
0283:  RETLW  7C
0284:  RETLW  00
0285:  RETLW  E0
0286:  RETLW  F0
0287:  RETLW  F8
0288:  RETLW  DC
0289:  RETLW  CE
028A:  RETLW  C7
028B:  RETLW  C3
028C:  RETLW  C1
028D:  RETLW  C0
028E:  RETLW  C0
028F:  RETLW  03
0290:  RETLW  03
0291:  RETLW  83
0292:  RETLW  83
0293:  RETLW  83
0294:  RETLW  83
0295:  RETLW  C3
0296:  RETLW  FF
0297:  RETLW  7E
0298:  RETLW  38
0299:  RETLW  C0
029A:  RETLW  C0
029B:  RETLW  C1
029C:  RETLW  C1
029D:  RETLW  C1
029E:  RETLW  C1
029F:  RETLW  C1
02A0:  RETLW  E3
02A1:  RETLW  7F
02A2:  RETLW  3E
02A3:  RETLW  00
02A4:  RETLW  80
02A5:  RETLW  E0
02A6:  RETLW  70
02A7:  RETLW  3C
02A8:  RETLW  1E
02A9:  RETLW  07
02AA:  RETLW  FF
02AB:  RETLW  FF
02AC:  RETLW  00
02AD:  RETLW  0F
02AE:  RETLW  0F
02AF:  RETLW  0D
02B0:  RETLW  0C
02B1:  RETLW  0C
02B2:  RETLW  0C
02B3:  RETLW  0C
02B4:  RETLW  FF
02B5:  RETLW  FF
02B6:  RETLW  0C
02B7:  RETLW  FF
02B8:  RETLW  FF
02B9:  RETLW  C3
02BA:  RETLW  C3
02BB:  RETLW  C3
02BC:  RETLW  C3
02BD:  RETLW  C3
02BE:  RETLW  83
02BF:  RETLW  03
02C0:  RETLW  03
02C1:  RETLW  C0
02C2:  RETLW  C0
02C3:  RETLW  C0
02C4:  RETLW  C0
02C5:  RETLW  C0
02C6:  RETLW  E0
02C7:  RETLW  61
02C8:  RETLW  7F
02C9:  RETLW  3F
02CA:  RETLW  00
02CB:  RETLW  FC
02CC:  RETLW  FE
02CD:  RETLW  CF
02CE:  RETLW  C7
02CF:  RETLW  C3
02D0:  RETLW  C3
02D1:  RETLW  C3
02D2:  RETLW  C3
02D3:  RETLW  83
02D4:  RETLW  00
02D5:  RETLW  3F
02D6:  RETLW  7F
02D7:  RETLW  E1
02D8:  RETLW  C0
02D9:  RETLW  C0
02DA:  RETLW  C0
02DB:  RETLW  C0
02DC:  RETLW  E1
02DD:  RETLW  7F
02DE:  RETLW  3F
02DF:  RETLW  03
02E0:  RETLW  03
02E1:  RETLW  03
02E2:  RETLW  03
02E3:  RETLW  03
02E4:  RETLW  83
02E5:  RETLW  E3
02E6:  RETLW  FB
02E7:  RETLW  3F
02E8:  RETLW  0F
02E9:  RETLW  00
02EA:  RETLW  C0
02EB:  RETLW  F0
02EC:  RETLW  78
02ED:  RETLW  3E
02EE:  RETLW  0F
02EF:  RETLW  03
02F0:  RETLW  00
02F1:  RETLW  00
02F2:  RETLW  00
02F3:  RETLW  3C
02F4:  RETLW  7E
02F5:  RETLW  E7
02F6:  RETLW  C3
02F7:  RETLW  C3
02F8:  RETLW  C3
02F9:  RETLW  C3
02FA:  RETLW  E7
02FB:  RETLW  7E
02FC:  RETLW  3C
02FD:  RETLW  3E
02FE:  RETLW  7F
02FF:  RETLW  E3
0300:  RETLW  C1
0301:  RETLW  C1
0302:  RETLW  C1
0303:  RETLW  C1
0304:  RETLW  E3
0305:  RETLW  7F
0306:  RETLW  3E
0307:  RETLW  FC
0308:  RETLW  FE
0309:  RETLW  87
030A:  RETLW  03
030B:  RETLW  03
030C:  RETLW  03
030D:  RETLW  03
030E:  RETLW  87
030F:  RETLW  FE
0310:  RETLW  FC
0311:  RETLW  00
0312:  RETLW  C1
0313:  RETLW  C3
0314:  RETLW  C3
0315:  RETLW  C3
0316:  RETLW  C3
0317:  RETLW  E3
0318:  RETLW  73
0319:  RETLW  3F
031A:  RETLW  1F
031B:  RETLW  00
031C:  RETLW  00
031D:  RETLW  00
031E:  RETLW  00
031F:  RETLW  00
0320:  RETLW  00
0321:  RETLW  00
0322:  RETLW  00
0323:  RETLW  00
0324:  RETLW  00
0325:  RETLW  00
0326:  RETLW  00
0327:  RETLW  00
0328:  RETLW  E0
0329:  RETLW  F0
032A:  RETLW  F0
032B:  RETLW  E0
032C:  RETLW  00
032D:  RETLW  00
032E:  RETLW  00
032F:  RETLW  00
0330:  RETLW  00
0331:  RETLW  00
0332:  RETLW  30
0333:  RETLW  70
0334:  RETLW  70
0335:  RETLW  70
0336:  RETLW  00
0337:  RETLW  00
0338:  RETLW  00
0339:  RETLW  00
033A:  RETLW  00
033B:  RETLW  00
033C:  RETLW  60
033D:  RETLW  E0
033E:  RETLW  E0
033F:  RETLW  E0
0340:  RETLW  00
0341:  RETLW  00
0342:  RETLW  00
0343:  RETLW  00
0344:  RETLW  00
0345:  RETLW  00
0346:  RETLW  00
0347:  RETLW  00
0348:  RETLW  00
0349:  RETLW  00
034A:  RETLW  00
034B:  RETLW  00
034C:  RETLW  00
034D:  RETLW  00
034E:  RETLW  00
034F:  RETLW  00
0350:  RETLW  00
0351:  RETLW  00
0352:  RETLW  00
0353:  RETLW  00
0354:  RETLW  00
0355:  RETLW  00
0356:  RETLW  00
0357:  MOVWF  7B
0358:  MOVLW  03
0359:  ADDWF  7A,W
035A:  MOVWF  0A
035B:  MOVF   7B,W
035C:  ADDLW  60
035D:  BTFSC  03.0
035E:  INCF   0A,F
035F:  MOVWF  02
0360:  RETLW  00
0361:  RETLW  00
0362:  RETLW  00
0363:  RETLW  00
0364:  RETLW  00
0365:  RETLW  00
0366:  RETLW  00
0367:  RETLW  00
0368:  RETLW  00
0369:  RETLW  00
036A:  RETLW  00
036B:  RETLW  00
036C:  RETLW  00
036D:  RETLW  00
036E:  RETLW  00
036F:  RETLW  00
0370:  RETLW  00
0371:  RETLW  00
0372:  RETLW  00
0373:  RETLW  00
0374:  RETLW  00
0375:  RETLW  00
0376:  RETLW  00
0377:  RETLW  00
0378:  RETLW  00
0379:  RETLW  00
037A:  RETLW  00
037B:  RETLW  00
037C:  RETLW  00
037D:  RETLW  00
037E:  RETLW  00
037F:  RETLW  00
0380:  RETLW  00
0381:  RETLW  00
0382:  RETLW  00
0383:  RETLW  00
0384:  RETLW  00
0385:  RETLW  00
0386:  RETLW  00
0387:  RETLW  00
0388:  RETLW  00
0389:  RETLW  00
038A:  RETLW  00
038B:  RETLW  00
038C:  RETLW  00
038D:  RETLW  00
038E:  RETLW  00
038F:  RETLW  00
0390:  RETLW  10
0391:  RETLW  C0
0392:  RETLW  00
0393:  RETLW  00
0394:  RETLW  00
0395:  RETLW  00
0396:  RETLW  00
0397:  RETLW  00
0398:  RETLW  00
0399:  RETLW  00
039A:  RETLW  00
039B:  RETLW  00
039C:  RETLW  40
039D:  RETLW  00
039E:  RETLW  00
039F:  RETLW  00
03A0:  RETLW  00
03A1:  RETLW  00
03A2:  RETLW  00
03A3:  RETLW  00
03A4:  RETLW  00
03A5:  RETLW  00
03A6:  RETLW  00
03A7:  RETLW  00
03A8:  RETLW  00
03A9:  RETLW  00
03AA:  RETLW  00
03AB:  RETLW  00
03AC:  RETLW  00
03AD:  RETLW  00
03AE:  RETLW  00
03AF:  RETLW  00
03B0:  RETLW  00
03B1:  RETLW  00
03B2:  RETLW  00
03B3:  RETLW  00
03B4:  RETLW  00
03B5:  RETLW  00
03B6:  RETLW  00
03B7:  RETLW  00
03B8:  RETLW  00
03B9:  RETLW  00
03BA:  RETLW  00
03BB:  RETLW  00
03BC:  RETLW  00
03BD:  RETLW  00
03BE:  RETLW  00
03BF:  RETLW  00
03C0:  RETLW  00
03C1:  RETLW  00
03C2:  RETLW  00
03C3:  RETLW  00
03C4:  RETLW  00
03C5:  RETLW  00
03C6:  RETLW  00
03C7:  RETLW  00
03C8:  RETLW  00
03C9:  RETLW  00
03CA:  RETLW  00
03CB:  RETLW  00
03CC:  RETLW  00
03CD:  RETLW  00
03CE:  RETLW  00
03CF:  RETLW  00
03D0:  RETLW  00
03D1:  RETLW  80
03D2:  RETLW  80
03D3:  RETLW  80
03D4:  RETLW  00
03D5:  RETLW  40
03D6:  RETLW  40
03D7:  RETLW  80
03D8:  RETLW  80
03D9:  RETLW  80
03DA:  RETLW  08
03DB:  RETLW  00
03DC:  RETLW  10
03DD:  RETLW  20
03DE:  RETLW  20
03DF:  RETLW  40
03E0:  RETLW  00
03E1:  RETLW  00
03E2:  RETLW  80
03E3:  RETLW  C0
03E4:  RETLW  60
03E5:  RETLW  21
03E6:  RETLW  34
03E7:  RETLW  10
03E8:  RETLW  10
03E9:  RETLW  10
03EA:  RETLW  10
03EB:  RETLW  20
03EC:  RETLW  20
03ED:  RETLW  40
03EE:  RETLW  86
03EF:  RETLW  01
03F0:  RETLW  00
03F1:  RETLW  00
03F2:  RETLW  00
03F3:  RETLW  00
03F4:  RETLW  00
03F5:  RETLW  80
03F6:  RETLW  80
03F7:  RETLW  80
03F8:  RETLW  00
03F9:  RETLW  00
03FA:  RETLW  00
03FB:  RETLW  00
03FC:  RETLW  00
03FD:  RETLW  00
03FE:  RETLW  00
03FF:  RETLW  00
0400:  RETLW  00
0401:  RETLW  00
0402:  RETLW  00
0403:  RETLW  00
0404:  RETLW  00
0405:  RETLW  00
0406:  RETLW  00
0407:  RETLW  00
0408:  RETLW  00
0409:  RETLW  00
040A:  RETLW  00
040B:  RETLW  00
040C:  RETLW  00
040D:  RETLW  00
040E:  RETLW  00
040F:  RETLW  00
0410:  RETLW  00
0411:  RETLW  00
0412:  RETLW  00
0413:  RETLW  00
0414:  RETLW  00
0415:  RETLW  00
0416:  RETLW  00
0417:  RETLW  00
0418:  RETLW  00
0419:  RETLW  00
041A:  RETLW  00
041B:  RETLW  00
041C:  RETLW  00
041D:  RETLW  00
041E:  RETLW  00
041F:  RETLW  00
0420:  RETLW  F0
0421:  RETLW  08
0422:  RETLW  06
0423:  RETLW  02
0424:  RETLW  01
0425:  RETLW  00
0426:  RETLW  00
0427:  RETLW  00
0428:  RETLW  00
0429:  RETLW  00
042A:  RETLW  00
042B:  RETLW  00
042C:  RETLW  00
042D:  RETLW  00
042E:  RETLW  01
042F:  RETLW  01
0430:  RETLW  02
0431:  RETLW  04
0432:  RETLW  18
0433:  RETLW  08
0434:  RETLW  08
0435:  RETLW  0E
0436:  RETLW  09
0437:  RETLW  10
0438:  RETLW  10
0439:  RETLW  10
043A:  RETLW  20
043B:  RETLW  60
043C:  RETLW  C0
043D:  RETLW  00
043E:  RETLW  00
043F:  RETLW  00
0440:  RETLW  00
0441:  RETLW  00
0442:  RETLW  00
0443:  RETLW  E7
0444:  RETLW  18
0445:  RETLW  00
0446:  RETLW  01
0447:  RETLW  01
0448:  RETLW  01
0449:  RETLW  00
044A:  RETLW  00
044B:  RETLW  00
044C:  RETLW  00
044D:  RETLW  00
044E:  RETLW  00
044F:  RETLW  00
0450:  RETLW  00
0451:  RETLW  00
0452:  RETLW  00
0453:  RETLW  00
0454:  RETLW  00
0455:  RETLW  00
0456:  RETLW  00
0457:  RETLW  00
0458:  RETLW  00
0459:  RETLW  00
045A:  RETLW  00
045B:  RETLW  00
045C:  RETLW  00
045D:  RETLW  00
045E:  RETLW  00
045F:  RETLW  00
0460:  RETLW  00
0461:  RETLW  00
0462:  RETLW  00
0463:  RETLW  00
0464:  RETLW  00
0465:  RETLW  00
0466:  RETLW  00
0467:  RETLW  00
0468:  RETLW  00
0469:  RETLW  00
046A:  RETLW  00
046B:  RETLW  80
046C:  RETLW  60
046D:  RETLW  18
046E:  RETLW  0C
046F:  RETLW  04
0470:  RETLW  02
0471:  RETLW  02
0472:  RETLW  01
0473:  RETLW  01
0474:  RETLW  01
0475:  RETLW  00
0476:  RETLW  00
0477:  RETLW  00
0478:  RETLW  00
0479:  RETLW  00
047A:  RETLW  00
047B:  RETLW  00
047C:  RETLW  00
047D:  RETLW  00
047E:  RETLW  00
047F:  RETLW  00
0480:  RETLW  00
0481:  RETLW  00
0482:  RETLW  00
0483:  RETLW  00
0484:  RETLW  00
0485:  RETLW  00
0486:  RETLW  00
0487:  RETLW  00
0488:  RETLW  00
0489:  RETLW  00
048A:  RETLW  00
048B:  RETLW  00
048C:  RETLW  00
048D:  RETLW  00
048E:  RETLW  00
048F:  RETLW  00
0490:  RETLW  00
0491:  RETLW  01
0492:  RETLW  01
0493:  RETLW  01
0494:  RETLW  01
0495:  RETLW  01
0496:  RETLW  01
0497:  RETLW  02
0498:  RETLW  02
0499:  RETLW  04
049A:  RETLW  0D
049B:  RETLW  10
049C:  RETLW  62
049D:  RETLW  80
049E:  RETLW  04
049F:  RETLW  08
04A0:  RETLW  00
04A1:  RETLW  00
04A2:  RETLW  00
04A3:  RETLW  00
04A4:  RETLW  00
04A5:  RETLW  00
04A6:  RETLW  00
04A7:  RETLW  00
04A8:  RETLW  00
04A9:  RETLW  00
04AA:  RETLW  00
04AB:  RETLW  00
04AC:  RETLW  00
04AD:  RETLW  00
04AE:  RETLW  00
04AF:  RETLW  00
04B0:  RETLW  00
04B1:  RETLW  00
04B2:  RETLW  00
04B3:  RETLW  00
04B4:  RETLW  00
04B5:  RETLW  00
04B6:  RETLW  00
04B7:  RETLW  00
04B8:  RETLW  00
04B9:  RETLW  00
04BA:  RETLW  00
04BB:  RETLW  00
04BC:  RETLW  00
04BD:  RETLW  00
04BE:  RETLW  00
04BF:  RETLW  3F
04C0:  RETLW  E0
04C1:  RETLW  80
04C2:  RETLW  00
04C3:  RETLW  00
04C4:  RETLW  00
04C5:  RETLW  00
04C6:  RETLW  00
04C7:  RETLW  00
04C8:  RETLW  00
04C9:  RETLW  00
04CA:  RETLW  00
04CB:  RETLW  00
04CC:  RETLW  00
04CD:  RETLW  00
04CE:  RETLW  00
04CF:  RETLW  00
04D0:  RETLW  00
04D1:  RETLW  00
04D2:  RETLW  00
04D3:  RETLW  00
04D4:  RETLW  00
04D5:  RETLW  00
04D6:  RETLW  00
04D7:  RETLW  00
04D8:  RETLW  00
04D9:  RETLW  00
04DA:  RETLW  00
04DB:  RETLW  00
04DC:  RETLW  00
04DD:  RETLW  00
04DE:  RETLW  00
04DF:  RETLW  00
04E0:  RETLW  00
04E1:  RETLW  00
04E2:  RETLW  00
04E3:  RETLW  00
04E4:  RETLW  00
04E5:  RETLW  00
04E6:  RETLW  00
04E7:  RETLW  00
04E8:  RETLW  00
04E9:  RETLW  00
04EA:  RETLW  00
04EB:  RETLW  00
04EC:  RETLW  00
04ED:  RETLW  00
04EE:  RETLW  00
04EF:  RETLW  80
04F0:  RETLW  60
04F1:  RETLW  1F
04F2:  RETLW  00
04F3:  RETLW  00
04F4:  RETLW  00
04F5:  RETLW  00
04F6:  RETLW  00
04F7:  RETLW  00
04F8:  RETLW  00
04F9:  RETLW  00
04FA:  RETLW  00
04FB:  RETLW  00
04FC:  RETLW  00
04FD:  RETLW  00
04FE:  RETLW  00
04FF:  RETLW  00
0500:  RETLW  00
0501:  RETLW  00
0502:  RETLW  00
0503:  RETLW  00
0504:  RETLW  00
0505:  RETLW  00
0506:  RETLW  00
0507:  RETLW  00
0508:  RETLW  00
0509:  RETLW  00
050A:  RETLW  00
050B:  RETLW  00
050C:  RETLW  00
050D:  RETLW  00
050E:  RETLW  00
050F:  RETLW  00
0510:  RETLW  00
0511:  RETLW  00
0512:  RETLW  00
0513:  RETLW  00
0514:  RETLW  00
0515:  RETLW  01
0516:  RETLW  03
0517:  RETLW  06
0518:  RETLW  04
0519:  RETLW  04
051A:  RETLW  08
051B:  RETLW  08
051C:  RETLW  08
051D:  RETLW  08
051E:  RETLW  08
051F:  RETLW  08
0520:  RETLW  08
0521:  RETLW  08
0522:  RETLW  08
0523:  RETLW  08
0524:  RETLW  08
0525:  RETLW  08
0526:  RETLW  08
0527:  RETLW  08
0528:  RETLW  08
0529:  RETLW  08
052A:  RETLW  08
052B:  RETLW  08
052C:  RETLW  08
052D:  RETLW  08
052E:  RETLW  08
052F:  RETLW  08
0530:  RETLW  08
0531:  RETLW  08
0532:  RETLW  08
0533:  RETLW  08
0534:  RETLW  08
0535:  RETLW  08
0536:  RETLW  08
0537:  RETLW  08
0538:  RETLW  08
0539:  RETLW  08
053A:  RETLW  08
053B:  RETLW  08
053C:  RETLW  08
053D:  RETLW  08
053E:  RETLW  08
053F:  RETLW  04
0540:  RETLW  04
0541:  RETLW  02
0542:  RETLW  03
0543:  RETLW  01
0544:  RETLW  00
0545:  RETLW  00
0546:  RETLW  00
0547:  RETLW  00
0548:  RETLW  00
0549:  RETLW  00
054A:  RETLW  00
054B:  RETLW  00
054C:  RETLW  00
054D:  RETLW  00
054E:  RETLW  00
054F:  RETLW  00
0550:  RETLW  00
0551:  RETLW  00
0552:  RETLW  00
0553:  RETLW  00
0554:  RETLW  00
0555:  RETLW  00
0556:  RETLW  00
0557:  RETLW  00
*
0619:  BCF    0A.0
061A:  BSF    0A.1
061B:  BSF    0A.2
061C:  ADDWF  02,F
061D:  GOTO   5E6
061E:  GOTO   5EA
061F:  GOTO   5EE
0620:  GOTO   5F2
0621:  GOTO   5F6
0622:  GOTO   5FA
0623:  GOTO   5FE
0624:  GOTO   602
0625:  GOTO   606
0626:  GOTO   60A
*
0662:  DATA 31,1B
0663:  DATA AF,18
0664:  DATA B2,17
0665:  DATA 32,18
0666:  DATA B1,1C
0667:  DATA 00,00
0668:  DATA 4E,34
0669:  DATA E9,32
066A:  DATA 74,10
066B:  DATA E4,37
066C:  DATA 3A,10
066D:  DATA 00,01
066E:  DATA 20,00
066F:  DATA 43,00
0670:  DATA C4,37
0671:  DATA A0,30
0672:  DATA 6D,1D
0673:  DATA 20,00
0674:  DATA A0,12
0675:  DATA 00,01
0676:  DATA 41,39
0677:  DATA EC,30
0678:  DATA 6D,10
0679:  DATA 61,3A
067A:  DATA 3A,00
*
0738:  CLRF   77
0739:  CLRF   78
073A:  MOVF   6D,W
073B:  BCF    03.0
073C:  BTFSC  6E.0
073D:  ADDWF  77,F
073E:  RRF    77,F
073F:  RRF    78,F
0740:  BTFSC  6E.1
0741:  ADDWF  77,F
0742:  RRF    77,F
0743:  RRF    78,F
0744:  BTFSC  6E.2
0745:  ADDWF  77,F
0746:  RRF    77,F
0747:  RRF    78,F
0748:  BTFSC  6E.3
0749:  ADDWF  77,F
074A:  RRF    77,F
074B:  RRF    78,F
074C:  BTFSC  6E.4
074D:  ADDWF  77,F
074E:  RRF    77,F
074F:  RRF    78,F
0750:  BTFSC  6E.5
0751:  ADDWF  77,F
0752:  RRF    77,F
0753:  RRF    78,F
0754:  BTFSC  6E.6
0755:  ADDWF  77,F
0756:  RRF    77,F
0757:  RRF    78,F
0758:  BTFSC  6E.7
0759:  ADDWF  77,F
075A:  RRF    77,F
075B:  RRF    78,F
075C:  RETURN
*
07A4:  MOVF   0B,W
07A5:  MOVWF  64
07A6:  BCF    0B.7
07A7:  BSF    03.5
07A8:  BSF    03.6
07A9:  BSF    0C.7
07AA:  BSF    0C.0
07AB:  NOP
07AC:  NOP
07AD:  BCF    03.5
07AE:  BCF    03.6
07AF:  BTFSC  64.7
07B0:  BSF    0B.7
07B1:  BSF    03.6
07B2:  MOVF   0C,W
07B3:  ANDLW  7F
07B4:  BTFSC  03.2
07B5:  GOTO   7F8
07B6:  BCF    03.6
07B7:  MOVWF  64
07B8:  BSF    03.6
07B9:  MOVF   0D,W
07BA:  BCF    03.6
07BB:  MOVWF  65
07BC:  BSF    03.6
07BD:  MOVF   0F,W
07BE:  BCF    03.6
07BF:  MOVWF  66
07C0:  MOVF   64,W
07C1:  MOVWF  67
07C2:  CALL   75D
07C3:  MOVF   65,W
07C4:  BSF    03.6
07C5:  MOVWF  0D
07C6:  BCF    03.6
07C7:  MOVF   66,W
07C8:  BSF    03.6
07C9:  MOVWF  0F
07CA:  BCF    03.6
07CB:  MOVF   0B,W
07CC:  MOVWF  67
07CD:  BCF    0B.7
07CE:  BSF    03.5
07CF:  BSF    03.6
07D0:  BSF    0C.7
07D1:  BSF    0C.0
07D2:  NOP
07D3:  NOP
07D4:  BCF    03.5
07D5:  BCF    03.6
07D6:  BTFSC  67.7
07D7:  BSF    0B.7
07D8:  BSF    03.6
07D9:  RLF    0C,W
07DA:  RLF    0E,W
07DB:  ANDLW  7F
07DC:  BTFSC  03.2
07DD:  GOTO   7F8
07DE:  BCF    03.6
07DF:  MOVWF  64
07E0:  BSF    03.6
07E1:  MOVF   0D,W
07E2:  BCF    03.6
07E3:  MOVWF  65
07E4:  BSF    03.6
07E5:  MOVF   0F,W
07E6:  BCF    03.6
07E7:  MOVWF  66
07E8:  MOVF   64,W
07E9:  MOVWF  67
07EA:  CALL   75D
07EB:  MOVF   65,W
07EC:  BSF    03.6
07ED:  MOVWF  0D
07EE:  BCF    03.6
07EF:  MOVF   66,W
07F0:  BSF    03.6
07F1:  MOVWF  0F
07F2:  INCF   0D,F
07F3:  BTFSC  03.2
07F4:  INCF   0F,F
07F5:  BCF    03.6
07F6:  GOTO   7A4
07F7:  BSF    03.6
07F8:  BCF    03.6
07F9:  RETURN
....................  
.................... #list 
....................  
.................... #device  ADC = 10 *=16 
.................... #FUSES HS NOWDT NOBROWNOUT NOLVP 
.................... #use delay(CRYSTAL=20M) 
*
067B:  MOVLW  64
067C:  MOVWF  04
067D:  BCF    03.7
067E:  MOVF   00,W
067F:  BTFSC  03.2
0680:  GOTO   68E
0681:  MOVLW  06
0682:  MOVWF  78
0683:  CLRF   77
0684:  DECFSZ 77,F
0685:  GOTO   684
0686:  DECFSZ 78,F
0687:  GOTO   683
0688:  MOVLW  7B
0689:  MOVWF  77
068A:  DECFSZ 77,F
068B:  GOTO   68A
068C:  DECFSZ 00,F
068D:  GOTO   681
068E:  RETURN
*
06C1:  MOVLW  03
06C2:  SUBWF  64,F
06C3:  BTFSS  03.0
06C4:  GOTO   6CF
06C5:  MOVLW  64
06C6:  MOVWF  04
06C7:  BCF    03.7
06C8:  MOVF   00,W
06C9:  BTFSC  03.2
06CA:  GOTO   6CF
06CB:  GOTO   6CD
06CC:  GOTO   6CD
06CD:  DECFSZ 00,F
06CE:  GOTO   6CC
.................... #use rs232(UART1) 
....................   
.................... // Define SPI Pins                                                              
.................... #define lcd_sclk  PIN_C3  
.................... #define lcd_sda   PIN_C5              
.................... #define lcd_dc    PIN_D3                      
.................... #define lcd_cs    PIN_A5                                                                             
.................... #define lcd_res   PIN_D2   
....................  
.................... // Define orther source files 
.................... #include "5110lib\3310(modified).c"  
....................  
.................... char CONST TABLE1 [240] = {  // ASCII table for NOKIA LCD: 96 rows * 5 bytes= 480 bytes 
....................                   0x00,0x00,0x00,0x00,0x00,   // 20 space 
....................                   0x00,0x00,0x5f,0x00,0x00,   // 21 ! 
....................                   0x00,0x07,0x00,0x07,0x00,   // 22 " 
....................                   0x14,0x7f,0x14,0x7f,0x14,   // 23 # 
....................                   0x24,0x2a,0x7f,0x2a,0x12,   // 24 $ 
....................                   0x23,0x13,0x08,0x64,0x62,   // 25 % 
....................                   0x36,0x49,0x55,0x22,0x50,   // 26 & 
....................                   0x00,0x05,0x03,0x00,0x00,   // 27 ' 
....................                   0x00,0x1c,0x22,0x41,0x00,   // 28 ( 
....................                   0x00,0x41,0x22,0x1c,0x00,   // 29 ) 
....................                   0x14,0x08,0x3e,0x08,0x14,   // 2a * 
....................                   0x08,0x08,0x3e,0x08,0x08,   // 2b + 
....................                   0x00,0x50,0x30,0x00,0x00,   // 2c , 
....................                   0x08,0x08,0x08,0x08,0x08,   // 2d - 
....................                   0x00,0x60,0x60,0x00,0x00,   // 2e . 
....................                   0x20,0x10,0x08,0x04,0x02,   // 2f / 
....................                   0x3e,0x51,0x49,0x45,0x3e,   // 30 0 
....................                   0x00,0x42,0x7f,0x40,0x00,   // 31 1 
....................                   0x42,0x61,0x51,0x49,0x46,   // 32 2 
....................                   0x21,0x41,0x45,0x4b,0x31,   // 33 3 
....................                   0x18,0x14,0x12,0x7f,0x10,   // 34 4 
....................                   0x27,0x45,0x45,0x45,0x39,   // 35 5 
....................                   0x3c,0x4a,0x49,0x49,0x30,   // 36 6 
....................                   0x01,0x71,0x09,0x05,0x03,   // 37 7 
....................                   0x36,0x49,0x49,0x49,0x36,   // 38 8 
....................                   0x06,0x49,0x49,0x29,0x1e,   // 39 9 
....................                   0x00,0x36,0x36,0x00,0x00,   // 3a : 
....................                   0x00,0x56,0x36,0x00,0x00,   // 3b ; 
....................                   0x08,0x14,0x22,0x41,0x00,   // 3c < 
....................                   0x14,0x14,0x14,0x14,0x14,   // 3d = 
....................                   0x00,0x41,0x22,0x14,0x08,   // 3e > 
....................                   0x02,0x01,0x51,0x09,0x06,   // 3f ? 
....................                   0x32,0x49,0x79,0x41,0x3e,   // 40 @ 
....................                   0x7e,0x11,0x11,0x11,0x7e,   // 41 A 
....................                   0x7f,0x49,0x49,0x49,0x36,   // 42 B 
....................                   0x3e,0x41,0x41,0x41,0x22,   // 43 C 
....................                   0x7f,0x41,0x41,0x22,0x1c,   // 44 D 
....................                   0x7f,0x49,0x49,0x49,0x41,   // 45 E 
....................                   0x7f,0x09,0x09,0x09,0x01,   // 46 F 
....................                   0x3e,0x41,0x49,0x49,0x7a,   // 47 G 
....................                   0x7f,0x08,0x08,0x08,0x7f,   // 48 H 
....................                   0x00,0x41,0x7f,0x41,0x00,   // 49 I 
....................                   0x20,0x40,0x41,0x3f,0x01,   // 4a J 
....................                   0x7f,0x08,0x14,0x22,0x41,   // 4b K 
....................                   0x7f,0x40,0x40,0x40,0x40,   // 4c L 
....................                   0x7f,0x02,0x0c,0x02,0x7f,   // 4d M 
....................                   0x7f,0x04,0x08,0x10,0x7f,   // 4e N 
....................                   0x3e,0x41,0x41,0x41,0x3e};   // 4f O 
....................  
.................... char CONST TABLE2 [240] = { 
....................                   0x7f,0x09,0x09,0x09,0x06,   // 50 P 
....................                   0x3e,0x41,0x51,0x21,0x5e,   // 51 Q 
....................                   0x7f,0x09,0x19,0x29,0x46,   // 52 R 
....................                   0x46,0x49,0x49,0x49,0x31,   // 53 S 
....................                   0x01,0x01,0x7f,0x01,0x01,   // 54 T 
....................                   0x3f,0x40,0x40,0x40,0x3f,   // 55 U 
....................                   0x1f,0x20,0x40,0x20,0x1f,   // 56 V 
....................                   0x3f,0x40,0x38,0x40,0x3f,   // 57 W 
....................                   0x63,0x14,0x08,0x14,0x63,   // 58 X 
....................                   0x07,0x08,0x70,0x08,0x07,   // 59 Y 
....................                   0x61,0x51,0x49,0x45,0x43,   // 5a Z 
....................                   0x00,0x7f,0x41,0x41,0x00,   // 5b [ 
....................                   0x02,0x04,0x08,0x10,0x20,   // 5c \ 
....................                   0x00,0x41,0x41,0x7f,0x00,   // 5d ñ 
....................                   0x04,0x02,0x01,0x02,0x04,   // 5e ^ 
....................                   0x40,0x40,0x40,0x40,0x40,   // 5f _ 
....................                   0x00,0x01,0x02,0x04,0x00,   // 60 ` 
....................                   0x20,0x54,0x54,0x54,0x78,   // 61 a 
....................                   0x7f,0x48,0x44,0x44,0x38,   // 62 b 
....................                   0x38,0x44,0x44,0x44,0x20,   // 63 c 
....................                   0x38,0x44,0x44,0x48,0x7f,   // 64 d 
....................                   0x38,0x54,0x54,0x54,0x18,   // 65 e 
....................                   0x08,0x7e,0x09,0x01,0x02,   // 66 f 
....................                   0x0c,0x52,0x52,0x52,0x3e,   // 67 g 
....................                   0x7f,0x08,0x04,0x04,0x78,   // 68 h 
....................                   0x00,0x44,0x7d,0x40,0x00,   // 69 i 
....................                   0x20,0x40,0x44,0x3d,0x00,   // 6a j 
....................                   0x7f,0x10,0x28,0x44,0x00,   // 6b k 
....................                   0x00,0x41,0x7f,0x40,0x00,   // 6c l 
....................                   0x7c,0x04,0x18,0x04,0x78,   // 6d m 
....................                   0x7c,0x08,0x04,0x04,0x78,   // 6e n 
....................                   0x38,0x44,0x44,0x44,0x38,   // 6f o 
....................                   0x7c,0x14,0x14,0x14,0x08,   // 70 p 
....................                   0x08,0x14,0x14,0x18,0x7c,   // 71 q 
....................                   0x7c,0x08,0x04,0x04,0x08,   // 72 r 
....................                   0x48,0x54,0x54,0x54,0x20,   // 73 s 
....................                   0x04,0x3f,0x44,0x40,0x20,   // 74 t 
....................                   0x3c,0x40,0x40,0x20,0x7c,   // 75 u 
....................                   0x1c,0x20,0x40,0x20,0x1c,   // 76 v 
....................                   0x3c,0x40,0x30,0x40,0x3c,   // 77 w 
....................                   0x44,0x28,0x10,0x28,0x44,   // 78 x 
....................                   0x0c,0x50,0x50,0x50,0x3c,   // 79 y 
....................                   0x44,0x64,0x54,0x4c,0x44,   // 7a z 
....................                   0x00,0x08,0x36,0x41,0x00,   // 7b { 
....................                   0x00,0x00,0x7f,0x00,0x00,   // 7c | 
....................                   0x00,0x41,0x36,0x08,0x00,   // 7d } 
....................                   0x10,0x08,0x08,0x10,0x08,   // 7e ~ 
....................                   0x78,0x46,0x41,0x46,0x78};   // 7f ¦ 
....................  
.................... const char digits[260] = { 
.................... 0xF0, 0xFC, 0x0E, 0x03, 0x83, 0xC3, 0xC3, 0x67, 0xFE, 0xF8, 0x0F, 0x7F, 0x76, 0xC3, 0xC3, 0xC1, 0xC0, 0x60, 0x3F, 0x1F,  
.................... 0x0C, 0x06, 0x06, 0x03, 0xFF, 0xFF, 0xFF, 0x00, 0x00, 0x00, 0xC0, 0xC0, 0xC0, 0xC0, 0xFF, 0xFF, 0xFF, 0xC0, 0xC0, 0xC0,  
.................... 0x06, 0x06, 0x03, 0x03, 0x03, 0x03, 0xC7, 0xFE, 0x7C, 0x00, 0xE0, 0xF0, 0xF8, 0xDC, 0xCE, 0xC7, 0xC3, 0xC1, 0xC0, 0xC0,  
.................... 0x03, 0x03, 0x83, 0x83, 0x83, 0x83, 0xC3, 0xFF, 0x7E, 0x38, 0xC0, 0xC0, 0xC1, 0xC1, 0xC1, 0xC1, 0xC1, 0xE3, 0x7F, 0x3E,  
.................... 0x00, 0x80, 0xE0, 0x70, 0x3C, 0x1E, 0x07, 0xFF, 0xFF, 0x00, 0x0F, 0x0F, 0x0D, 0x0C, 0x0C, 0x0C, 0x0C, 0xFF, 0xFF, 0x0C,  
.................... 0xFF, 0xFF, 0xC3, 0xC3, 0xC3, 0xC3, 0xC3, 0x83, 0x03, 0x03, 0xC0, 0xC0, 0xC0, 0xC0, 0xC0, 0xE0, 0x61, 0x7F, 0x3F, 0x00,  
.................... 0xFC, 0xFE, 0xCF, 0xC7, 0xC3, 0xC3, 0xC3, 0xC3, 0x83, 0x00, 0x3F, 0x7F, 0xE1, 0xC0, 0xC0, 0xC0, 0xC0, 0xE1, 0x7F, 0x3F,  
.................... 0x03, 0x03, 0x03, 0x03, 0x03, 0x83, 0xE3, 0xFB, 0x3F, 0x0F, 0x00, 0xC0, 0xF0, 0x78, 0x3E, 0x0F, 0x03, 0x00, 0x00, 0x00, 
.................... 0x3C, 0x7E, 0xE7, 0xC3, 0xC3, 0xC3, 0xC3, 0xE7, 0x7E, 0x3C, 0x3E, 0x7F, 0xE3, 0xC1, 0xC1, 0xC1, 0xC1, 0xE3, 0x7F, 0x3E,  
.................... 0xFC, 0xFE, 0x87, 0x03, 0x03, 0x03, 0x03, 0x87, 0xFE, 0xFC, 0x00, 0xC1, 0xC3, 0xC3, 0xC3, 0xC3, 0xE3, 0x73, 0x3F, 0x1F,  
.................... 0x00, 0x00, 0x00, 0x00, 0x00, 0x00, 0x00, 0x00, 0x00, 0x00, 0x00, 0x00, 0x00, 0xE0, 0xF0, 0xF0, 0xE0, 0x00, 0x00, 0x00, //cham 
.................... 0x00, 0x00, 0x00, 0x30, 0x70, 0x70, 0x70, 0x00, 0x00, 0x00, 0x00, 0x00, 0x00, 0x60, 0xE0, 0xE0, 0xE0, 0x00, 0x00, 0x00 //hai cham 
.................... }; 
.................... const unsigned char cloudy[] = {  
....................    0x00, 0x00, 0x00, 0x00, 0x00, 0x00, 0x00, 0x00, 0x00, 0x00, 0x00, 0x00, 0x00, 0x00, 0x00, 0x00, 0x00, 0x00, 0x00, 0x00, 0x00, 0x00, 0x00, 0x00, 0x00, 0x00, 0x00, 0x00, 0x00, 0x00, 0x00, 0x00, 0x00, 0x80, 0xc0, 0xe0, 0xf0, 0x70, 0x38, 0x38, 0x1c, 0x0c, 0x0e, 0x0e, 0x06, 0x07, 0x07, 0x07, 0x07, 0x03, 0x03, 0x07, 0x07, 0x07, 0x07, 0x06, 0x06, 0x0e, 0x0e, 0x1c, 0x1c, 0x38, 0x78, 0x70, 0xe0, 0xc0, 0xc0, 0x00, 0x00, 0x00, 0x00, 0x00, 0x00, 0x00, 0x00, 0x00, 0x00, 0x00, 0x00, 0x00, 0x00, 0x00, 0x00, 0x00,  
....................   0x00, 0x00, 0x00, 0x00, 0x00, 0x00, 0x00, 0x00, 0x00, 0x00, 0x00, 0x00, 0x00, 0x00, 0x00, 0x80, 0xe0, 0xf8, 0xf8, 0x1c, 0x0e, 0x0e, 0x07, 0x07, 0x07, 0x03, 0x03, 0x07, 0x07, 0x07, 0x0e, 0x0e, 0x1e, 0x0f, 0x07, 0x01, 0x00, 0x00, 0x00, 0x00, 0x00, 0x00, 0x00, 0x00, 0x00, 0x00, 0x00, 0x00, 0x00, 0x00, 0x00, 0x00, 0x00, 0x00, 0x00, 0x00, 0x00, 0x00, 0x00, 0x00, 0x00, 0x00, 0x00, 0x00, 0x00, 0x03, 0x07, 0x1f, 0xfe, 0xf8, 0xe0, 0x00, 0x00, 0x00, 0x00, 0x00, 0x00, 0x00, 0x00, 0x00, 0x00, 0x00, 0x00, 0x00,  
....................   0x00, 0x00, 0x80, 0xc0, 0xe0, 0xf0, 0x38, 0x38, 0x1c, 0x0c, 0x0e, 0x0e, 0x07, 0x07, 0x07, 0x07, 0x07, 0x03, 0x00, 0x00, 0x00, 0x00, 0x00, 0x00, 0x00, 0x00, 0x00, 0x00, 0x00, 0x00, 0x00, 0x00, 0x00, 0x00, 0x00, 0x00, 0x00, 0x00, 0x00, 0x00, 0x00, 0x00, 0x00, 0x00, 0x00, 0x00, 0x00, 0x00, 0x00, 0x00, 0x00, 0x00, 0x00, 0x00, 0x00, 0x00, 0x00, 0x00, 0x00, 0x00, 0x00, 0x00, 0x00, 0x00, 0x00, 0x00, 0x00, 0x00, 0x7b, 0xff, 0xff, 0xc4, 0xc0, 0xc0, 0xc0, 0x80, 0x80, 0x00, 0x00, 0x00, 0x00, 0x00, 0x00, 0x00,  
....................   0xf8, 0xff, 0xff, 0x07, 0x01, 0x00, 0x00, 0x00, 0x00, 0x00, 0x00, 0x00, 0x00, 0x00, 0x00, 0x00, 0x00, 0x00, 0x00, 0x00, 0x00, 0x00, 0x00, 0x00, 0x00, 0x00, 0x00, 0x00, 0x00, 0x00, 0x00, 0x00, 0x00, 0x00, 0x00, 0x00, 0x00, 0x00, 0x00, 0x00, 0x00, 0x00, 0x00, 0x00, 0x00, 0x00, 0x00, 0x00, 0x00, 0x00, 0x00, 0x00, 0x00, 0x00, 0x00, 0x00, 0x00, 0x00, 0x00, 0x00, 0x00, 0x00, 0x00, 0x00, 0x00, 0x00, 0x00, 0x00, 0x00, 0x00, 0x00, 0x00, 0x00, 0x01, 0x01, 0x03, 0x07, 0x0f, 0x3e, 0xfc, 0xf0, 0xc0, 0x00, 0x00,  
....................   0x01, 0x1f, 0x3f, 0x7c, 0xf0, 0xc0, 0xc0, 0x80, 0x00, 0x00, 0x00, 0x00, 0x00, 0x00, 0x00, 0x00, 0x00, 0x00, 0x00, 0x00, 0x00, 0x00, 0x00, 0x00, 0x00, 0x00, 0x00, 0x00, 0x00, 0x00, 0x00, 0x00, 0x00, 0x00, 0x00, 0x00, 0x00, 0x00, 0x00, 0x00, 0x00, 0x00, 0x00, 0x00, 0x00, 0x00, 0x00, 0x00, 0x00, 0x00, 0x00, 0x00, 0x00, 0x00, 0x00, 0x00, 0x00, 0x00, 0x00, 0x00, 0x00, 0x00, 0x00, 0x00, 0x00, 0x00, 0x00, 0x00, 0x00, 0x00, 0x00, 0x00, 0x00, 0x00, 0x00, 0x00, 0x80, 0xc0, 0xf0, 0xff, 0x3f, 0x0f, 0x00, 0x00,  
....................   0x00, 0x00, 0x00, 0x00, 0x00, 0x01, 0x03, 0x07, 0x07, 0x0e, 0x0e, 0x0e, 0x0c, 0x1c, 0x1c, 0x1c, 0x1c, 0x1c, 0x1c, 0x1c, 0x1c, 0x1c, 0x1c, 0x1c, 0x1c, 0x1c, 0x1c, 0x1c, 0x1c, 0x1c, 0x1c, 0x1c, 0x1c, 0x1c, 0x1c, 0x1c, 0x1c, 0x1c, 0x1c, 0x1c, 0x1c, 0x1c, 0x1c, 0x1c, 0x1c, 0x1c, 0x1c, 0x1c, 0x1c, 0x1c, 0x1c, 0x1c, 0x1c, 0x1c, 0x1c, 0x1c, 0x1c, 0x1c, 0x1c, 0x1c, 0x1c, 0x1c, 0x1c, 0x1c, 0x1c, 0x1c, 0x1c, 0x1c, 0x1c, 0x1c, 0x1c, 0x1c, 0x0c, 0x0e, 0x0e, 0x07, 0x03, 0x03, 0x01, 0x00, 0x00, 0x00, 0x00, 0x00 
.................... }; 
.................... const unsigned char rainy[]= { 
.................... 0x00, 0x00, 0x00, 0x00, 0x00, 0x00, 0x00, 0x00, 0x00, 0x00, 0x00, 0x00, 0x00, 0x00, 0x00, 0x00, 0x00, 0x00, 0x00, 0x00, 0x00, 0x00, 0x00, 0x80, 0xc0, 0xc0, 0xe0, 0xe0, 0xe0, 0x70, 0x70, 0x70, 0x70, 0x70, 0x70, 0x70, 0x70, 0x70, 0x70, 0x70, 0xe0, 0xe0, 0xe0, 0xc0, 0xc0, 0x80, 0x00, 0x00, 0x00, 0x00, 0x00, 0x00, 0x00, 0x00, 0x00, 0x00, 0x00, 0x00, 0x00, 0x00, 0x00, 0x00, 0x00, 0x00, 0x00, 0x00, 0x00, 0x00, 0x00, 0x00, 0x00, 0x00, 0x00, 0x00, 0x00, 0x00, 0x00, 0x00, 0x00, 0x00, 0x00, 0x00, 0x00,  
....................   0x00, 0x00, 0x00, 0x00, 0x00, 0x00, 0x00, 0x00, 0x00, 0x00, 0x00, 0x00, 0x00, 0x00, 0x00, 0x00, 0x00, 0x00, 0xc0, 0xf8, 0xfc, 0xfe, 0x1f, 0x0f, 0x07, 0x03, 0x01, 0x00, 0x00, 0x00, 0x00, 0x00, 0x00, 0x00, 0x00, 0x00, 0x00, 0x00, 0x00, 0x00, 0x00, 0x00, 0x01, 0x03, 0x03, 0x0f, 0x1f, 0x3e, 0x1c, 0x1c, 0x1c, 0x1c, 0x1c, 0x1c, 0x1c, 0x1c, 0x3c, 0x38, 0x78, 0xf0, 0xf0, 0xe0, 0xc0, 0x00, 0x00, 0x00, 0x00, 0x00, 0x00, 0x00, 0x00, 0x00, 0x00, 0x20, 0x00, 0x00, 0x00, 0x00, 0x00, 0x00, 0x00, 0x08, 0x00,  
....................   0x00, 0x00, 0x00, 0x00, 0x00, 0x00, 0x00, 0x00, 0x00, 0x00, 0x00, 0x00, 0x00, 0xe0, 0xf0, 0xf8, 0x7c, 0x1e, 0x0f, 0x0f, 0x07, 0x07, 0x00, 0x00, 0x00, 0x00, 0x00, 0x00, 0x00, 0x00, 0x00, 0x00, 0x00, 0x00, 0x00, 0x00, 0x00, 0x00, 0x00, 0x04, 0x00, 0x00, 0x00, 0x00, 0x00, 0x00, 0x00, 0x00, 0x00, 0x00, 0x00, 0x00, 0x00, 0x00, 0x00, 0x00, 0x00, 0x00, 0x00, 0x00, 0x07, 0x07, 0x07, 0x07, 0x0f, 0x0e, 0x1e, 0x7c, 0xf8, 0xf0, 0xe0, 0x00, 0x00, 0x00, 0x00, 0x00, 0x00, 0x00, 0x00, 0x00, 0x00, 0x00, 0x00,  
....................   0x00, 0x00, 0x00, 0x00, 0x00, 0x00, 0x00, 0x00, 0x00, 0x00, 0x00, 0x00, 0x03, 0x1f, 0x3f, 0x7f, 0xf8, 0xf0, 0xe0, 0xc0, 0xc0, 0x80, 0x80, 0x80, 0x80, 0x80, 0x80, 0x80, 0x80, 0x80, 0x80, 0x80, 0x80, 0x80, 0x80, 0x80, 0x80, 0x80, 0x80, 0x80, 0x80, 0x80, 0x80, 0x80, 0x80, 0x80, 0x80, 0x80, 0x80, 0x80, 0x80, 0x80, 0x80, 0x80, 0x80, 0x80, 0x80, 0x80, 0x80, 0x80, 0x80, 0x80, 0x80, 0xc0, 0xc0, 0xe0, 0xf0, 0xfc, 0x7f, 0x3f, 0x0f, 0x13, 0x00, 0x00, 0x00, 0x00, 0x00, 0x00, 0x00, 0x00, 0x00, 0x00, 0x00,  
....................   0x00, 0x00, 0x00, 0x00, 0x00, 0x00, 0x00, 0x00, 0x00, 0x00, 0x00, 0x00, 0x00, 0x00, 0x00, 0x00, 0x00, 0x00, 0x01, 0x01, 0x01, 0x03, 0x03, 0x03, 0x03, 0xf3, 0xfb, 0xfb, 0xf3, 0x03, 0x03, 0x03, 0x03, 0x83, 0xc3, 0x83, 0x03, 0x03, 0x03, 0x03, 0xf3, 0xfb, 0xfb, 0xf3, 0x03, 0x03, 0x03, 0x03, 0x83, 0xc3, 0x83, 0x03, 0x03, 0x03, 0x03, 0xf3, 0xfb, 0xfb, 0xf3, 0x03, 0x03, 0x03, 0x03, 0x01, 0x01, 0x01, 0x00, 0x00, 0x00, 0x00, 0x00, 0x00, 0x00, 0x00, 0x00, 0x00, 0x00, 0x00, 0x00, 0x00, 0x00, 0x00, 0x00,  
....................   0x00, 0x00, 0x00, 0x00, 0x00, 0x00, 0x00, 0x00, 0x00, 0x00, 0x00, 0x00, 0x00, 0x00, 0x00, 0x00, 0x00, 0x00, 0x00, 0x00, 0x00, 0x00, 0x00, 0x00, 0x00, 0x01, 0x01, 0x01, 0x01, 0x00, 0x00, 0x00, 0x00, 0x0f, 0x0f, 0x0f, 0x00, 0x00, 0x00, 0x00, 0x01, 0x01, 0x01, 0x01, 0x00, 0x00, 0x00, 0x00, 0x0f, 0x0f, 0x0f, 0x00, 0x00, 0x00, 0x00, 0x01, 0x01, 0x01, 0x00, 0x00, 0x00, 0x00, 0x00, 0x00, 0x00, 0x00, 0x00, 0x00, 0x00, 0x00, 0x00, 0x00, 0x00, 0x00, 0x00, 0x40, 0x00, 0x00, 0x00, 0x00, 0x00, 0x00, 0x00 
.................... }; 
.................... const unsigned char thunder[]={ 
....................  0x00, 0x00, 0x00, 0x00, 0x00, 0x00, 0x00, 0x00, 0x00, 0x00, 0x00, 0x00, 0x00, 0x00, 0x00, 0x00, 0x00, 0x80, 0x80, 0x40, 0x40, 0x40, 0x20, 0x20, 0x20, 0x20, 0x20, 0x20, 0x20, 0x20, 0x20, 0x40, 0x20, 0x20, 0x10, 0x10, 0x08, 0x08, 0x08, 0x08, 0x00, 0x04, 0x04, 0x04, 0x04, 0x04, 0x00, 0x08, 0x08, 0x08, 0x08, 0x10, 0x10, 0x20, 0x60, 0x40, 0x40, 0x40, 0x40, 0x40, 0x40, 0x40, 0xc0, 0x80, 0x80, 0x80, 0x00, 0x00, 0x00, 0x00, 0x00, 0x00, 0x00, 0x00, 0x00, 0x00, 0x00, 0x00, 0x00, 0x00, 0x00, 0x00, 0x00, 0x00,  
....................   0x00, 0x00, 0x00, 0x00, 0x00, 0x00, 0x00, 0x00, 0x00, 0x00, 0x80, 0x40, 0x40, 0x20, 0x3c, 0x2e, 0x21, 0x21, 0x20, 0x20, 0x20, 0x60, 0x30, 0x18, 0x08, 0x08, 0x0c, 0x04, 0x04, 0x04, 0x04, 0x04, 0x08, 0x08, 0x18, 0x10, 0x30, 0x20, 0x20, 0x20, 0x20, 0x20, 0x20, 0x20, 0x20, 0x20, 0x40, 0x40, 0xc0, 0x80, 0x80, 0x80, 0xc0, 0x40, 0x40, 0x40, 0x40, 0x40, 0x40, 0xc0, 0x80, 0x80, 0x00, 0x00, 0x00, 0x00, 0x01, 0x03, 0x02, 0x3c, 0x38, 0x60, 0x40, 0xc0, 0x80, 0x00, 0x00, 0x00, 0x00, 0x00, 0x00, 0x00, 0x00, 0x00,  
....................   0x00, 0x00, 0x00, 0x00, 0x00, 0xe0, 0x30, 0x10, 0x1f, 0x0f, 0x00, 0x00, 0x00, 0x00, 0x00, 0x00, 0x00, 0x00, 0x00, 0x00, 0x00, 0x00, 0x00, 0x00, 0x00, 0x00, 0x00, 0x00, 0x00, 0x00, 0x00, 0x00, 0x00, 0x00, 0x00, 0x00, 0x00, 0x00, 0x00, 0x00, 0x00, 0x00, 0x00, 0x00, 0x00, 0x00, 0x00, 0x20, 0x10, 0x19, 0x1f, 0x10, 0x30, 0xe0, 0xc0, 0x00, 0x00, 0x00, 0x00, 0x00, 0x00, 0x01, 0x01, 0x03, 0x02, 0x02, 0x02, 0x02, 0x02, 0x02, 0x02, 0x02, 0x04, 0x04, 0x0f, 0xfe, 0xf0, 0x00, 0x00, 0x00, 0x00, 0x00, 0x00, 0x00,  
....................   0x00, 0x00, 0x00, 0x00, 0x00, 0x03, 0x06, 0x04, 0x04, 0x08, 0x08, 0x08, 0x08, 0x08, 0x08, 0x08, 0x88, 0xc8, 0x68, 0x38, 0x18, 0x08, 0x08, 0x08, 0x08, 0x48, 0x68, 0x78, 0x58, 0x58, 0xd8, 0xf8, 0x68, 0x48, 0x48, 0x48, 0x88, 0x88, 0x88, 0x88, 0x88, 0x88, 0x88, 0x88, 0x88, 0x88, 0x88, 0x88, 0x88, 0x88, 0x84, 0x84, 0x86, 0x83, 0x81, 0x80, 0x80, 0x80, 0x80, 0x80, 0x80, 0x80, 0x80, 0x80, 0x80, 0x80, 0x80, 0x80, 0x80, 0x80, 0x80, 0x80, 0x80, 0x80, 0x81, 0x40, 0x40, 0x61, 0x23, 0x3e, 0x00, 0x00, 0x00, 0x00,  
....................   0x00, 0x00, 0x00, 0x00, 0x00, 0x00, 0x00, 0x00, 0x00, 0x00, 0x00, 0x00, 0x00, 0x00, 0x01, 0x01, 0x01, 0x01, 0x01, 0x01, 0x81, 0xf1, 0xb9, 0xcf, 0x63, 0x30, 0x18, 0x0c, 0x06, 0x03, 0x01, 0x00, 0x00, 0x00, 0x00, 0x00, 0x00, 0x00, 0x00, 0x00, 0x00, 0x00, 0x00, 0x00, 0x00, 0x00, 0x08, 0x0c, 0x0e, 0x0b, 0x09, 0x08, 0x08, 0x88, 0xf8, 0x38, 0x8a, 0x82, 0x43, 0x32, 0x32, 0x0a, 0x06, 0x06, 0x02, 0x00, 0x00, 0x00, 0x00, 0x00, 0x00, 0x00, 0x00, 0x00, 0x00, 0x00, 0x00, 0x00, 0x00, 0x00, 0x00, 0x00, 0x00, 0x00,  
....................   0x00, 0x00, 0x00, 0x00, 0x00, 0x00, 0x00, 0x00, 0x00, 0x00, 0x00, 0x00, 0x00, 0x00, 0x00, 0x00, 0x00, 0x00, 0x00, 0x07, 0x07, 0x03, 0x01, 0x00, 0x00, 0x00, 0x00, 0x00, 0x00, 0x00, 0x00, 0x00, 0x00, 0x00, 0x00, 0x00, 0x00, 0x00, 0x00, 0x00, 0x00, 0x00, 0x00, 0x00, 0x00, 0x00, 0x00, 0x00, 0x00, 0x00, 0x00, 0x38, 0x1e, 0x0f, 0x06, 0x03, 0x01, 0x00, 0x00, 0x00, 0x00, 0x00, 0x00, 0x00, 0x00, 0x00, 0x00, 0x00, 0x00, 0x00, 0x00, 0x00, 0x00, 0x00, 0x00, 0x00, 0x00, 0x00, 0x00, 0x00, 0x00, 0x00, 0x00, 0x00 
.................... }; 
.................... const unsigned char sunny[]={ 
....................   0x00, 0x00, 0x00, 0x00, 0x00, 0x00, 0x00, 0x00, 0x00, 0x00, 0x00, 0x00, 0x00, 0x00, 0x00, 0x00, 0x00, 0x00, 0x00, 0x00, 0x00, 0x00, 0x00, 0x00, 0x00, 0x00, 0x00, 0x00, 0x00, 0x00, 0x00, 0x00, 0x00, 0x00, 0x00, 0x00, 0x00, 0x00, 0x00, 0x00, 0x00, 0x00, 0x00, 0x00, 0x00, 0x00, 0x00, 0x00, 0x10, 0xc0, 0x00, 0x00, 0x00, 0x00, 0x00, 0x00, 0x00, 0x00, 0x00, 0x00, 0x40, 0x00, 0x00, 0x00, 0x00, 0x00, 0x00, 0x00, 0x00, 0x00, 0x00, 0x00, 0x00, 0x00, 0x00, 0x00, 0x00, 0x00, 0x00, 0x00, 0x00, 0x00, 0x00, 0x00,  
....................   0x00, 0x00, 0x00, 0x00, 0x00, 0x00, 0x00, 0x00, 0x00, 0x00, 0x00, 0x00, 0x00, 0x00, 0x00, 0x00, 0x00, 0x00, 0x00, 0x00, 0x00, 0x00, 0x00, 0x00, 0x00, 0x00, 0x00, 0x00, 0x00, 0x80, 0x80, 0x80, 0x00, 0x40, 0x40, 0x80, 0x80, 0x80, 0x08, 0x00, 0x10, 0x20, 0x20, 0x40, 0x00, 0x00, 0x80, 0xc0, 0x60, 0x21, 0x34, 0x10, 0x10, 0x10, 0x10, 0x20, 0x20, 0x40, 0x86, 0x01, 0x00, 0x00, 0x00, 0x00, 0x00, 0x80, 0x80, 0x80, 0x00, 0x00, 0x00, 0x00, 0x00, 0x00, 0x00, 0x00, 0x00, 0x00, 0x00, 0x00, 0x00, 0x00, 0x00, 0x00,  
....................   0x00, 0x00, 0x00, 0x00, 0x00, 0x00, 0x00, 0x00, 0x00, 0x00, 0x00, 0x00, 0x00, 0x00, 0x00, 0x00, 0x00, 0x00, 0x00, 0x00, 0x00, 0x00, 0x00, 0x00, 0xf0, 0x08, 0x06, 0x02, 0x01, 0x00, 0x00, 0x00, 0x00, 0x00, 0x00, 0x00, 0x00, 0x00, 0x01, 0x01, 0x02, 0x04, 0x18, 0x08, 0x08, 0x0e, 0x09, 0x10, 0x10, 0x10, 0x20, 0x60, 0xc0, 0x00, 0x00, 0x00, 0x00, 0x00, 0x00, 0xe7, 0x18, 0x00, 0x01, 0x01, 0x01, 0x00, 0x00, 0x00, 0x00, 0x00, 0x00, 0x00, 0x00, 0x00, 0x00, 0x00, 0x00, 0x00, 0x00, 0x00, 0x00, 0x00, 0x00, 0x00,  
....................   0x00, 0x00, 0x00, 0x00, 0x00, 0x00, 0x00, 0x00, 0x00, 0x00, 0x00, 0x00, 0x00, 0x00, 0x00, 0x80, 0x60, 0x18, 0x0c, 0x04, 0x02, 0x02, 0x01, 0x01, 0x01, 0x00, 0x00, 0x00, 0x00, 0x00, 0x00, 0x00, 0x00, 0x00, 0x00, 0x00, 0x00, 0x00, 0x00, 0x00, 0x00, 0x00, 0x00, 0x00, 0x00, 0x00, 0x00, 0x00, 0x00, 0x00, 0x00, 0x00, 0x00, 0x01, 0x01, 0x01, 0x01, 0x01, 0x01, 0x02, 0x02, 0x04, 0x0d, 0x10, 0x62, 0x80, 0x04, 0x08, 0x00, 0x00, 0x00, 0x00, 0x00, 0x00, 0x00, 0x00, 0x00, 0x00, 0x00, 0x00, 0x00, 0x00, 0x00, 0x00,  
....................   0x00, 0x00, 0x00, 0x00, 0x00, 0x00, 0x00, 0x00, 0x00, 0x00, 0x00, 0x00, 0x00, 0x00, 0x00, 0x3f, 0xe0, 0x80, 0x00, 0x00, 0x00, 0x00, 0x00, 0x00, 0x00, 0x00, 0x00, 0x00, 0x00, 0x00, 0x00, 0x00, 0x00, 0x00, 0x00, 0x00, 0x00, 0x00, 0x00, 0x00, 0x00, 0x00, 0x00, 0x00, 0x00, 0x00, 0x00, 0x00, 0x00, 0x00, 0x00, 0x00, 0x00, 0x00, 0x00, 0x00, 0x00, 0x00, 0x00, 0x00, 0x00, 0x00, 0x00, 0x80, 0x60, 0x1f, 0x00, 0x00, 0x00, 0x00, 0x00, 0x00, 0x00, 0x00, 0x00, 0x00, 0x00, 0x00, 0x00, 0x00, 0x00, 0x00, 0x00, 0x00,  
....................   0x00, 0x00, 0x00, 0x00, 0x00, 0x00, 0x00, 0x00, 0x00, 0x00, 0x00, 0x00, 0x00, 0x00, 0x00, 0x00, 0x00, 0x01, 0x03, 0x06, 0x04, 0x04, 0x08, 0x08, 0x08, 0x08, 0x08, 0x08, 0x08, 0x08, 0x08, 0x08, 0x08, 0x08, 0x08, 0x08, 0x08, 0x08, 0x08, 0x08, 0x08, 0x08, 0x08, 0x08, 0x08, 0x08, 0x08, 0x08, 0x08, 0x08, 0x08, 0x08, 0x08, 0x08, 0x08, 0x08, 0x08, 0x08, 0x08, 0x04, 0x04, 0x02, 0x03, 0x01, 0x00, 0x00, 0x00, 0x00, 0x00, 0x00, 0x00, 0x00, 0x00, 0x00, 0x00, 0x00, 0x00, 0x00, 0x00, 0x00, 0x00, 0x00, 0x00, 0x00 
.................... }; 
.................... //function prototypes 
.................... void    lcd_init(); 
.................... void    lcd_command(char command); 
.................... void    lcd_data(char data); 
.................... void    lcd_spi(char spi_data); 
.................... void    lcd_gotoxy(char x, char y); 
.................... void    lcd_contrast (byte contrast); 
.................... void    lcd_putc(char cvar); 
.................... void    lcd_putcInv(char cvar); 
.................... void    lcd_clear(); 
.................... void    table_to_lcd(); 
.................... void    table_to_lcd_inverted(); 
.................... void    lcd_dot (char x, char y); 
.................... void    lcd_print_digit(char digit, char x, char y); 
....................  
.................... char char_row,charsel,charpos,chardata; 
.................... int16 ddram; 
....................  
.................... void lcd_init() { 
....................    output_high(lcd_dc);           
*
06B7:  BSF    03.5
06B8:  BCF    08.3
06B9:  BCF    03.5
06BA:  BSF    08.3
....................    output_high(lcd_cs);    
06BB:  BSF    03.5
06BC:  BCF    05.5
06BD:  BCF    03.5
06BE:  BSF    05.5
....................    delay_us(200); 
06BF:  MOVLW  C8
06C0:  MOVWF  64
....................  
....................    output_low(lcd_res); 
*
06CF:  BSF    03.5
06D0:  BCF    08.2
06D1:  BCF    03.5
06D2:  BCF    08.2
....................    delay_ms(50); 
06D3:  MOVLW  32
06D4:  MOVWF  64
06D5:  CALL   67B
....................    output_high(lcd_res); 
06D6:  BSF    03.5
06D7:  BCF    08.2
06D8:  BCF    03.5
06D9:  BSF    08.2
06DA:  CLRF   2C
06DB:  BTFSC  0B.7
06DC:  BSF    2C.7
06DD:  BCF    0B.7
....................  
....................    lcd_command(0x21);  
06DE:  MOVLW  21
06DF:  MOVWF  76
06E0:  CALL   580
06E1:  BTFSC  2C.7
06E2:  BSF    0B.7
06E3:  CLRF   2C
06E4:  BTFSC  0B.7
06E5:  BSF    2C.7
06E6:  BCF    0B.7
....................    lcd_command(0xc8);  
06E7:  MOVLW  C8
06E8:  MOVWF  76
06E9:  CALL   580
06EA:  BTFSC  2C.7
06EB:  BSF    0B.7
06EC:  CLRF   2C
06ED:  BTFSC  0B.7
06EE:  BSF    2C.7
06EF:  BCF    0B.7
....................    lcd_command(0x12);  
06F0:  MOVLW  12
06F1:  MOVWF  76
06F2:  CALL   580
06F3:  BTFSC  2C.7
06F4:  BSF    0B.7
06F5:  CLRF   2C
06F6:  BTFSC  0B.7
06F7:  BSF    2C.7
06F8:  BCF    0B.7
....................    lcd_command(0x20);  
06F9:  MOVLW  20
06FA:  MOVWF  76
06FB:  CALL   580
06FC:  BTFSC  2C.7
06FD:  BSF    0B.7
06FE:  CLRF   2C
06FF:  BTFSC  0B.7
0700:  BSF    2C.7
0701:  BCF    0B.7
....................                              
....................    lcd_command(0x09);  
0702:  MOVLW  09
0703:  MOVWF  76
0704:  CALL   580
0705:  BTFSC  2C.7
0706:  BSF    0B.7
....................  
....................    delay_ms(50); 
0707:  MOVLW  32
0708:  MOVWF  64
0709:  CALL   67B
070A:  CLRF   2C
070B:  BTFSC  0B.7
070C:  BSF    2C.7
070D:  BCF    0B.7
....................  
....................    lcd_clear();        
070E:  CALL   5BD
070F:  BTFSC  2C.7
0710:  BSF    0B.7
....................  
....................    delay_ms(10); 
0711:  MOVLW  0A
0712:  MOVWF  64
0713:  CALL   67B
0714:  CLRF   2C
0715:  BTFSC  0B.7
0716:  BSF    2C.7
0717:  BCF    0B.7
....................  
....................    lcd_command(0x08);  
0718:  MOVLW  08
0719:  MOVWF  76
071A:  CALL   580
071B:  BTFSC  2C.7
071C:  BSF    0B.7
....................    delay_ms(10); 
071D:  MOVLW  0A
071E:  MOVWF  64
071F:  CALL   67B
0720:  CLRF   2C
0721:  BTFSC  0B.7
0722:  BSF    2C.7
0723:  BCF    0B.7
....................  
....................    lcd_command(0x0c); // mod control normal change 
0724:  MOVLW  0C
0725:  MOVWF  76
0726:  CALL   580
0727:  BTFSC  2C.7
0728:  BSF    0B.7
.................... } 
....................  
.................... void lcd_clear() { 
....................    lcd_gotoxy(0,0);         // 84*6=504      clear 
*
05BD:  CLRF   73
05BE:  CLRF   74
05BF:  CALL   598
....................    for (ddram=504; ddram>0; ddram--) 
05C0:  MOVLW  01
05C1:  MOVWF  32
05C2:  MOVLW  F8
05C3:  MOVWF  31
05C4:  MOVF   31,F
05C5:  BTFSS  03.2
05C6:  GOTO   5CA
05C7:  MOVF   32,F
05C8:  BTFSC  03.2
05C9:  GOTO   5D1
....................       lcd_data(0x00); 
05CA:  CLRF   73
05CB:  CALL   5A5
05CC:  MOVF   31,W
05CD:  BTFSC  03.2
05CE:  DECF   32,F
05CF:  DECF   31,F
05D0:  GOTO   5C4
05D1:  RETURN
.................... } 
....................  
.................... void lcd_command(char command) 
.................... { 
....................    output_low(lcd_dc);   // byte is a command it is read with the eight SCLK pulse 
*
0580:  BSF    03.5
0581:  BCF    08.3
0582:  BCF    03.5
0583:  BCF    08.3
....................    output_low(lcd_cs);   // chip enabled 
0584:  BSF    03.5
0585:  BCF    05.5
0586:  BCF    03.5
0587:  BCF    05.5
....................    delay_us(2); 
0588:  MOVLW  03
0589:  MOVWF  77
058A:  DECFSZ 77,F
058B:  GOTO   58A
....................    lcd_spi(command); 
058C:  MOVF   76,W
058D:  MOVWF  7C
058E:  CALL   558
....................    output_high(lcd_cs);   // chip disabled 
058F:  BSF    03.5
0590:  BCF    05.5
0591:  BCF    03.5
0592:  BSF    05.5
....................    delay_us(2); 
0593:  MOVLW  03
0594:  MOVWF  77
0595:  DECFSZ 77,F
0596:  GOTO   595
0597:  RETURN
.................... } 
....................  
.................... void lcd_data(char data) 
.................... { 
....................    output_high(lcd_dc); 
*
05A5:  BSF    03.5
05A6:  BCF    08.3
05A7:  BCF    03.5
05A8:  BSF    08.3
....................    output_low(lcd_cs);   // chip enabled 
05A9:  BSF    03.5
05AA:  BCF    05.5
05AB:  BCF    03.5
05AC:  BCF    05.5
....................    delay_us(2); 
05AD:  MOVLW  03
05AE:  MOVWF  77
05AF:  DECFSZ 77,F
05B0:  GOTO   5AF
....................    lcd_spi(data); 
05B1:  MOVF   73,W
05B2:  MOVWF  7C
05B3:  CALL   558
....................    output_high(lcd_cs);   // chip disabled 
05B4:  BSF    03.5
05B5:  BCF    05.5
05B6:  BCF    03.5
05B7:  BSF    05.5
....................    delay_us(2); 
05B8:  MOVLW  03
05B9:  MOVWF  77
05BA:  DECFSZ 77,F
05BB:  GOTO   5BA
05BC:  RETURN
.................... } 
....................  
.................... void lcd_spi(char spi_data) {      // serial write data or command subroutine 
....................    char caa; 
....................    for (caa=8;caa>0;caa--) 
*
0558:  MOVLW  08
0559:  MOVWF  7D
055A:  MOVF   7D,F
055B:  BTFSC  03.2
055C:  GOTO   57F
....................    { 
....................       output_low(lcd_sclk); 
055D:  BCF    33.3
055E:  MOVF   33,W
055F:  BSF    03.5
0560:  MOVWF  07
0561:  BCF    03.5
0562:  BCF    07.3
....................       delay_us(2); 
0563:  MOVLW  03
0564:  MOVWF  77
0565:  DECFSZ 77,F
0566:  GOTO   565
....................       output_bit(lcd_sda,(spi_data&0x80)); 
0567:  BTFSC  7C.7
0568:  GOTO   56B
0569:  BCF    07.5
056A:  GOTO   56C
056B:  BSF    07.5
056C:  BCF    33.5
056D:  MOVF   33,W
056E:  BSF    03.5
056F:  MOVWF  07
....................       output_high(lcd_sclk); 
0570:  BCF    03.5
0571:  BCF    33.3
0572:  MOVF   33,W
0573:  BSF    03.5
0574:  MOVWF  07
0575:  BCF    03.5
0576:  BSF    07.3
....................       delay_us(2); 
0577:  MOVLW  03
0578:  MOVWF  77
0579:  DECFSZ 77,F
057A:  GOTO   579
....................       spi_data = spi_data << 1; 
057B:  BCF    03.0
057C:  RLF    7C,F
057D:  DECF   7D,F
057E:  GOTO   55A
....................    } 
057F:  RETURN
.................... } 
....................  
.................... void lcd_gotoxy(char x, char y) {   // Nokia LCD 3310 Position cursor 
....................    lcd_command(0x40|(y&0x07));     // Y axe initialisation: 0100 0yyy 
*
0598:  MOVF   74,W
0599:  ANDLW  07
059A:  IORLW  40
059B:  MOVWF  75
059C:  MOVWF  76
059D:  CALL   580
....................    lcd_command(0x80|(x&0x7f));     // X axe initialisation: 1xxx xxxx 
059E:  MOVF   73,W
059F:  ANDLW  7F
05A0:  IORLW  80
05A1:  MOVWF  75
05A2:  MOVWF  76
05A3:  CALL   580
05A4:  RETURN
.................... } 
....................  
.................... void lcd_contrast (char contrast) { 
....................     lcd_command(0x21);                  // LCD Extended Commands. 
....................     lcd_command(0x80 | contrast);       // Set LCD Vop (Contrast). 
....................     lcd_command(0x20);                  // LCD Standard Commands, horizontal addressing mode. 
.................... } 
....................  
.................... void lcd_putc(char cvar) {               // Write 1 character to LCD 
....................    charsel=cvar; 
*
075D:  MOVF   67,W
075E:  MOVWF  2E
....................    table_to_lcd(); 
*
07A3:  RETURN
.................... } 
.................... void lcd_putcInv(char cvar) {               // Write 1 character to LCD 
....................    charsel=cvar; 
....................    table_to_lcd_inverted(); 
.................... } 
.................... void table_to_lcd() {                      // extract ascii from tables & write to LCD 
....................    if (charsel<0x20) return; 
*
075F:  MOVF   2E,W
0760:  SUBLW  1F
0761:  BTFSC  03.0
0762:  GOTO   7A3
....................    if (charsel>0x7f) return; 
0763:  MOVF   2E,W
0764:  SUBLW  7F
0765:  BTFSS  03.0
0766:  GOTO   7A3
....................  
....................    for (char_row=0;char_row<5;char_row++) 
0767:  CLRF   2D
0768:  MOVF   2D,W
0769:  SUBLW  04
076A:  BTFSS  03.0
076B:  GOTO   79B
....................       { 
....................          if (charsel<0x50){charpos=(((charsel&0xff)-0x20)*5);chardata=TABLE1[(charpos+char_row)];}   // use TABLE1 
076C:  MOVF   2E,W
076D:  SUBLW  4F
076E:  BTFSS  03.0
076F:  GOTO   77E
0770:  MOVF   2E,W
0771:  ADDLW  E0
0772:  MOVWF  69
0773:  MOVWF  6D
0774:  MOVLW  05
0775:  MOVWF  6E
0776:  CALL   738
0777:  MOVF   78,W
0778:  MOVWF  2F
0779:  MOVF   2D,W
077A:  ADDWF  2F,W
077B:  CALL   05C
077C:  MOVWF  78
077D:  MOVWF  30
....................          if (charsel>0x4f){charpos=(((charsel&0xff)-0x50)*5);chardata=TABLE2[(charpos+char_row)];}   // use TABLE2 
077E:  MOVF   2E,W
077F:  SUBLW  4F
0780:  BTFSC  03.0
0781:  GOTO   790
0782:  MOVF   2E,W
0783:  ADDLW  B0
0784:  MOVWF  69
0785:  MOVWF  6D
0786:  MOVLW  05
0787:  MOVWF  6E
0788:  CALL   738
0789:  MOVF   78,W
078A:  MOVWF  2F
078B:  MOVF   2D,W
078C:  ADDWF  2F,W
078D:  CALL   153
078E:  MOVWF  78
078F:  MOVWF  30
0790:  CLRF   2C
0791:  BTFSC  0B.7
0792:  BSF    2C.7
0793:  BCF    0B.7
....................  
....................          lcd_data(chardata);  // send data to nokia 
0794:  MOVF   30,W
0795:  MOVWF  73
0796:  CALL   5A5
0797:  BTFSC  2C.7
0798:  BSF    0B.7
0799:  INCF   2D,F
079A:  GOTO   768
079B:  CLRF   2C
079C:  BTFSC  0B.7
079D:  BSF    2C.7
079E:  BCF    0B.7
....................       } 
....................          lcd_data(0x00);      // 1 byte (always blank) 
079F:  CLRF   73
07A0:  CALL   5A5
07A1:  BTFSC  2C.7
07A2:  BSF    0B.7
.................... } 
.................... void table_to_lcd_inverted() {                      // extract ascii from tables & write to LCD 
....................    if (charsel<0x20) return; 
....................    if (charsel>0x7f) return; 
....................  
....................    for (char_row=0;char_row<5;char_row++) 
....................       { 
....................          if (charsel<0x50){charpos=(((charsel&0xff)-0x20)*5);chardata=TABLE1[(charpos+char_row)];}   // use TABLE1 
....................          if (charsel>0x4f){charpos=(((charsel&0xff)-0x50)*5);chardata=TABLE2[(charpos+char_row)];}   // use TABLE2 
....................  
....................          lcd_data(~chardata);  // send data to nokia 
....................       } 
....................          lcd_data(0xff);      // 1 byte (always blank) 
.................... } 
.................... void lcd_dot (char x, char y) { 
....................     char offset; 
....................     byte  data; 
....................  
....................     if (x > 84) return; 
....................     if (y > 48) return; 
....................  
....................     offset = y % 8; 
....................     data = (0x01<<offset); 
....................          
....................     lcd_gotoxy(x, (y/8)); 
....................     lcd_data(data); 
.................... } 
....................  
.................... void lcd_print_digit(char digit, char x, char y){ 
....................    int temp; 
....................    for (char row = 0; row <= 1; row++){ 
*
0800:  CLRF   6A
0801:  MOVF   6A,W
0802:  SUBLW  01
0803:  BTFSS  03.0
0804:  GOTO   052
....................       lcd_gotoxy(x, y+row); 
0805:  MOVF   6A,W
0806:  ADDWF  68,W
0807:  MOVWF  6C
0808:  CLRF   2C
0809:  BTFSC  0B.7
080A:  BSF    2C.7
080B:  BCF    0B.7
080C:  MOVF   67,W
080D:  MOVWF  73
080E:  MOVF   6C,W
080F:  MOVWF  74
0810:  BCF    0A.3
0811:  CALL   598
0812:  BSF    0A.3
0813:  BTFSC  2C.7
0814:  BSF    0B.7
....................       for(char col = 0; col < 10; col++){ 
0815:  CLRF   6B
0816:  MOVF   6B,W
0817:  SUBLW  09
0818:  BTFSS  03.0
0819:  GOTO   050
....................          temp = (digit*20)+(10*row)+col; 
081A:  MOVF   66,W
081B:  MOVWF  6D
081C:  MOVLW  14
081D:  MOVWF  6E
081E:  BCF    0A.3
081F:  CALL   738
0820:  BSF    0A.3
0821:  MOVF   78,W
0822:  MOVWF  6C
0823:  MOVLW  0A
0824:  MOVWF  6D
0825:  MOVF   6A,W
0826:  MOVWF  6E
0827:  BCF    0A.3
0828:  CALL   738
0829:  BSF    0A.3
082A:  MOVF   78,W
082B:  ADDWF  6C,W
082C:  ADDWF  6B,W
082D:  MOVWF  69
....................          if (digit == 12) { 
082E:  MOVF   66,W
082F:  SUBLW  0C
0830:  BTFSS  03.2
0831:  GOTO   03D
0832:  CLRF   2C
0833:  BTFSC  0B.7
0834:  BSF    2C.7
0835:  BCF    0B.7
....................          lcd_data(0x00); 
0836:  CLRF   73
0837:  BCF    0A.3
0838:  CALL   5A5
0839:  BSF    0A.3
083A:  BTFSC  2C.7
083B:  BSF    0B.7
....................          continue;} 
083C:  GOTO   04E
....................          lcd_data(digits[temp]); 
083D:  CLRF   7A
083E:  MOVF   69,W
083F:  BCF    0A.3
0840:  CALL   24A
0841:  BSF    0A.3
0842:  MOVWF  6C
0843:  CLRF   2C
0844:  BTFSC  0B.7
0845:  BSF    2C.7
0846:  BCF    0B.7
0847:  MOVF   6C,W
0848:  MOVWF  73
0849:  BCF    0A.3
084A:  CALL   5A5
084B:  BSF    0A.3
084C:  BTFSC  2C.7
084D:  BSF    0B.7
084E:  INCF   6B,F
084F:  GOTO   016
....................       } 
0850:  INCF   6A,F
0851:  GOTO   001
....................    } 
0852:  RETURN
.................... } 
....................  
.................... //#include "C:\Users\NGUYEN DUY LINH\Downloads\Goc.c" 
....................  
.................... int buffer[16]; 
....................  
.................... char state = 0; 
.................... char k; 
.................... char l; 
.................... char count = 0; 
.................... int hr1 , hr2, min1, min2, temp1, temp2, date1, date2, hum1, hum2; 
.................... int incode; 
.................... char cnt; 
.................... boolean ready = 0; 
....................  
.................... int index = 0; 
....................  
.................... void init() 
.................... { 
....................     setup_adc_ports(NO_ANALOGS); 
*
068F:  BSF    03.5
0690:  BSF    03.6
0691:  MOVF   09,W
0692:  ANDLW  C0
0693:  MOVWF  09
0694:  BCF    03.6
0695:  BCF    1F.4
0696:  BCF    1F.5
0697:  MOVLW  00
0698:  BSF    03.6
0699:  MOVWF  08
....................     setup_adc (ADC_OFF) ; 
069A:  BCF    03.5
069B:  BCF    03.6
069C:  BCF    1F.0
....................     setup_spi (FALSE); 
069D:  CLRF   14
....................     setup_uart(115200); 
069E:  BSF    03.5
069F:  BSF    03.6
06A0:  BSF    07.3
06A1:  MOVLW  2A
06A2:  BCF    03.6
06A3:  MOVWF  19
06A4:  MOVLW  00
06A5:  MOVWF  1A
06A6:  MOVLW  A6
06A7:  MOVWF  18
06A8:  MOVLW  90
06A9:  BCF    03.5
06AA:  MOVWF  18
....................     enable_interrupts(INT_RDA); 
06AB:  BSF    03.5
06AC:  BSF    0C.5
....................     enable_interrupts(GLOBAL); 
06AD:  MOVLW  C0
06AE:  BCF    03.5
06AF:  IORWF  0B,F
....................     enable_interrupts(INT_EXT); 
06B0:  BSF    0B.4
....................     ext_int_edge(H_TO_L); 
06B1:  BSF    03.5
06B2:  BCF    01.6
....................     setup_timer_1( T1_INTERNAL | T1_DIV_BY_2); 
06B3:  MOVLW  15
06B4:  BCF    03.5
06B5:  MOVWF  10
....................     Set_timer0(0); 
06B6:  CLRF   01
....................     lcd_init (); 
*
0729:  BSF    0A.3
072A:  BCF    0A.4
072B:  GOTO   07E (RETURN)
.................... } 
.................... //! 
.................... //!void time2digit(char hr, char min, char sec, char *hr1, char *hr2, char *min1, char *min2, char *sec1, char *sec2){ 
.................... //!    *hr1 = hr/10 + 0x30; 
.................... //!    *hr2 = hr%10 + 0x30; 
.................... //!    *min1 = min/10 + 0x30; 
.................... //!    *min2 = min%10 + 0x30; 
.................... //!    *sec1 = sec/10 + 0x30; 
.................... //!    *sec2 = sec%10+ 0x30; 
.................... //!} 
.................... //! 
.................... //!void time_display(char hr1, char hr2, char min1, char min2, char sec1, char sec2, char x, char y){ 
.................... //!    if (x>24 || y>4) return; 
.................... //!    lcd_print_digit(hr1 -0x30, x, y); 
.................... //!    lcd_print_digit(hr2-0x30, x + 12, y); 
.................... //!    lcd_print_digit(min1-0x30, x + 24, y); 
.................... //!    lcd_print_digit(min2-0x30, x + 36, y); 
.................... //!    lcd_print_digit(sec1-0x30, x + 48, y); 
.................... //!    lcd_print_digit(sec2-0x30, x + 60, y); 
.................... //!} 
....................  
....................  
.................... void buzz(){ 
....................    output_high(PIN_D1); 
072C:  BSF    03.5
072D:  BCF    08.1
072E:  BCF    03.5
072F:  BSF    08.1
....................    delay_ms(50); 
0730:  MOVLW  32
0731:  MOVWF  64
0732:  CALL   67B
....................    output_low(PIN_D1); 
0733:  BSF    03.5
0734:  BCF    08.1
0735:  BCF    03.5
0736:  BCF    08.1
0737:  RETURN
.................... } 
....................  
....................  
.................... #int_rda 
.................... void uart_receive(){ 
....................    incode = getc(); 
*
05D2:  BTFSS  0C.5
05D3:  GOTO   5D2
05D4:  MOVF   1A,W
05D5:  MOVWF  52
.................... //!   sprintf(str, "%d\n", incode); 
.................... //!   printf(str); 
....................    if (incode == '#') 
05D6:  MOVF   52,W
05D7:  SUBLW  23
05D8:  BTFSS  03.2
05D9:  GOTO   5DC
....................    {   
....................       ready=true; 
05DA:  BSF    54.0
....................       return; 
05DB:  GOTO   615
....................    } 
....................    if (ready){ 
05DC:  BTFSS  54.0
05DD:  GOTO   615
.................... //!        if (index<8){ 
.................... //!         buffer[index] = incode; 
.................... //!        } 
.................... //!        else{ index =0; ready = false; 
.................... //!        } 
.................... //!   } 
....................       cnt = count; 
05DE:  MOVF   47,W
05DF:  MOVWF  53
....................       switch(index){ 
05E0:  MOVF   55,W
05E1:  ADDLW  F6
05E2:  BTFSC  03.0
05E3:  GOTO   60E
05E4:  ADDLW  0A
05E5:  GOTO   619
....................        
....................       case 0:  
....................          hr1 = incode; 
05E6:  MOVF   52,W
05E7:  MOVWF  48
....................          index++; 
05E8:  INCF   55,F
....................          break; 
05E9:  GOTO   60E
....................       case 1: 
....................          hr2 = incode; 
05EA:  MOVF   52,W
05EB:  MOVWF  49
....................          index++; 
05EC:  INCF   55,F
....................          break; 
05ED:  GOTO   60E
....................       case 2:  
....................          min1 = incode; 
05EE:  MOVF   52,W
05EF:  MOVWF  4A
....................          index++; 
05F0:  INCF   55,F
....................          break; 
05F1:  GOTO   60E
....................       case 3:  
....................          min2 = incode; 
05F2:  MOVF   52,W
05F3:  MOVWF  4B
....................          index++; 
05F4:  INCF   55,F
....................          break; 
05F5:  GOTO   60E
....................       case 4:  
....................          date1 = incode; 
05F6:  MOVF   52,W
05F7:  MOVWF  4E
....................          index++; 
05F8:  INCF   55,F
....................          break; 
05F9:  GOTO   60E
....................       case 5:  
....................          date2 = incode; 
05FA:  MOVF   52,W
05FB:  MOVWF  4F
....................          index++; 
05FC:  INCF   55,F
....................          break; 
05FD:  GOTO   60E
....................       case 6:  
....................          temp1 = incode; 
05FE:  MOVF   52,W
05FF:  MOVWF  4C
....................          index++; 
0600:  INCF   55,F
....................          break; 
0601:  GOTO   60E
....................       case 7:  
....................          temp2 = incode; 
0602:  MOVF   52,W
0603:  MOVWF  4D
....................          index++; 
0604:  INCF   55,F
....................          break; 
0605:  GOTO   60E
....................       case 8:  
....................          hum1 = incode; 
0606:  MOVF   52,W
0607:  MOVWF  50
....................          index++; 
0608:  INCF   55,F
....................          break; 
0609:  GOTO   60E
....................       case 9 : 
....................          hum2 = incode; 
060A:  MOVF   52,W
060B:  MOVWF  51
....................          index=0; 
060C:  CLRF   55
....................          ready = false; 
060D:  BCF    54.0
....................          break; 
....................       } 
....................          if (cnt!= count) { 
060E:  MOVF   47,W
060F:  SUBWF  53,W
0610:  BTFSC  03.2
0611:  GOTO   615
....................             lcd_clear(); 
0612:  CALL   5BD
....................             cnt = count; 
0613:  MOVF   47,W
0614:  MOVWF  53
....................          } 
....................    } 
.................... } 
....................  
....................  
0615:  BCF    0C.5
0616:  BCF    0A.3
0617:  BCF    0A.4
0618:  GOTO   033
.................... #int_ext 
.................... void encoder(){ 
....................    if (!state){ 
*
0627:  MOVF   44,F
0628:  BTFSS  03.2
0629:  GOTO   643
....................        state = 1; 
062A:  MOVLW  01
062B:  MOVWF  44
....................        l = input(PIN_D4); 
062C:  BSF    03.5
062D:  BSF    08.4
062E:  BCF    03.5
062F:  CLRF   46
0630:  BTFSC  08.4
0631:  INCF   46,F
....................        k = input(PIN_D5); 
0632:  BSF    03.5
0633:  BSF    08.5
0634:  BCF    03.5
0635:  CLRF   45
0636:  BTFSC  08.5
0637:  INCF   45,F
....................        Set_timer1(0); 
0638:  CLRF   0E
0639:  CLRF   0F
063A:  CLRF   0E
....................        if (k) 
063B:  MOVF   45,F
063C:  BTFSS  03.2
....................        { 
....................          count++; 
063D:  INCF   47,F
....................        } 
.................... //!       else  
.................... //!       { 
.................... //!         count--; 
.................... //!       } 
....................        if (count > 3) count = 0; 
063E:  MOVF   47,W
063F:  SUBLW  03
0640:  BTFSS  03.0
0641:  CLRF   47
.................... //!       if (count < 0) count = 1;  
....................     } 
0642:  GOTO   65E
....................     else { 
....................          if (get_timer1() > 6250){ 
0643:  MOVF   0F,W
0644:  MOVWF  7A
0645:  MOVF   0E,W
0646:  MOVWF  77
0647:  MOVF   0F,W
0648:  SUBWF  7A,W
0649:  BTFSS  03.2
064A:  GOTO   643
064B:  MOVF   77,W
064C:  MOVWF  73
064D:  MOVF   7A,W
064E:  MOVWF  74
064F:  MOVF   74,W
0650:  SUBLW  17
0651:  BTFSC  03.0
0652:  GOTO   65E
0653:  XORLW  FF
0654:  BTFSS  03.2
0655:  GOTO   65A
0656:  MOVF   73,W
0657:  SUBLW  6A
0658:  BTFSC  03.0
0659:  GOTO   65E
....................          state = 0; 
065A:  CLRF   44
....................          Set_timer1(0); 
065B:  CLRF   0E
065C:  CLRF   0F
065D:  CLRF   0E
....................          } 
....................     } 
065E:  BCF    0B.1
065F:  BCF    0A.3
0660:  BCF    0A.4
0661:  GOTO   033
.................... } 
....................  
....................  
.................... void main() 
*
0853:  MOVF   03,W
0854:  ANDLW  1F
0855:  MOVWF  03
0856:  BSF    03.5
0857:  BSF    03.6
0858:  BSF    07.3
0859:  MOVLW  08
085A:  BCF    03.6
085B:  MOVWF  19
085C:  MOVLW  02
085D:  MOVWF  1A
085E:  MOVLW  A6
085F:  MOVWF  18
0860:  MOVLW  90
0861:  BCF    03.5
0862:  MOVWF  18
0863:  MOVLW  FF
0864:  MOVWF  33
0865:  CLRF   44
0866:  CLRF   47
0867:  BCF    54.0
0868:  CLRF   55
0869:  CLRF   57
086A:  CLRF   56
086B:  BSF    03.5
086C:  BSF    03.6
086D:  MOVF   09,W
086E:  ANDLW  C0
086F:  MOVWF  09
0870:  BCF    03.6
0871:  BCF    1F.4
0872:  BCF    1F.5
0873:  MOVLW  00
0874:  BSF    03.6
0875:  MOVWF  08
0876:  BCF    03.5
0877:  CLRF   07
0878:  CLRF   08
0879:  CLRF   09
087A:  BCF    03.7
.................... { 
....................     init();  
087B:  BCF    0A.3
087C:  BCF    03.6
087D:  GOTO   68F
087E:  BSF    0A.3
....................     char sec; 
....................     char blink; 
....................     char x= 4, y=2; 
087F:  MOVLW  04
0880:  MOVWF  5A
0881:  MOVLW  02
0882:  MOVWF  5B
....................     buzz(); 
0883:  BCF    0A.3
0884:  CALL   72C
0885:  BSF    0A.3
....................     WHILE (true)                                         
....................     {  
....................          if (cnt!= count) { 
0886:  MOVF   47,W
0887:  SUBWF  53,W
0888:  BTFSC  03.2
0889:  GOTO   095
088A:  CLRF   2C
088B:  BTFSC  0B.7
088C:  BSF    2C.7
088D:  BCF    0B.7
....................             lcd_clear(); 
088E:  BCF    0A.3
088F:  CALL   5BD
0890:  BSF    0A.3
0891:  BTFSC  2C.7
0892:  BSF    0B.7
....................             cnt = count; 
0893:  MOVF   47,W
0894:  MOVWF  53
....................          } 
....................          if (count == 0){ 
0895:  MOVF   47,F
0896:  BTFSS  03.2
0897:  GOTO   0F8
....................             if (cnt!= count) { 
0898:  MOVF   47,W
0899:  SUBWF  53,W
089A:  BTFSC  03.2
089B:  GOTO   0A7
089C:  CLRF   2C
089D:  BTFSC  0B.7
089E:  BSF    2C.7
089F:  BCF    0B.7
....................             lcd_clear(); 
08A0:  BCF    0A.3
08A1:  CALL   5BD
08A2:  BSF    0A.3
08A3:  BTFSC  2C.7
08A4:  BSF    0B.7
....................             cnt = count; 
08A5:  MOVF   47,W
08A6:  MOVWF  53
08A7:  CLRF   2C
08A8:  BTFSC  0B.7
08A9:  BSF    2C.7
08AA:  BCF    0B.7
....................          } 
....................              lcd_gotoxy(0,0); 
08AB:  CLRF   73
08AC:  CLRF   74
08AD:  BCF    0A.3
08AE:  CALL   598
08AF:  BSF    0A.3
08B0:  BTFSC  2C.7
08B1:  BSF    0B.7
....................             lcd_putc("16/12/2019");  
08B2:  MOVLW  62
08B3:  BSF    03.6
08B4:  MOVWF  0D
08B5:  MOVLW  06
08B6:  MOVWF  0F
08B7:  BCF    0A.3
08B8:  BCF    03.6
08B9:  CALL   7A4
08BA:  BSF    0A.3
....................             lcd_print_digit(hr1 -0x30, x, y); 
08BB:  MOVLW  30
08BC:  SUBWF  48,W
08BD:  MOVWF  64
08BE:  MOVWF  66
08BF:  MOVF   5A,W
08C0:  MOVWF  67
08C1:  MOVF   5B,W
08C2:  MOVWF  68
08C3:  CALL   000
....................             lcd_print_digit(hr2-0x30, x + 12, y); 
08C4:  MOVLW  30
08C5:  SUBWF  49,W
08C6:  MOVWF  64
08C7:  MOVLW  0C
08C8:  ADDWF  5A,W
08C9:  MOVWF  65
08CA:  MOVF   64,W
08CB:  MOVWF  66
08CC:  MOVF   65,W
08CD:  MOVWF  67
08CE:  MOVF   5B,W
08CF:  MOVWF  68
08D0:  CALL   000
....................             lcd_print_digit(11, x + 24, y); 
08D1:  MOVLW  18
08D2:  ADDWF  5A,W
08D3:  MOVWF  64
08D4:  MOVLW  0B
08D5:  MOVWF  66
08D6:  MOVF   64,W
08D7:  MOVWF  67
08D8:  MOVF   5B,W
08D9:  MOVWF  68
08DA:  CALL   000
....................             lcd_print_digit(min1-0x30, x + 36, y);  
08DB:  MOVLW  30
08DC:  SUBWF  4A,W
08DD:  MOVWF  64
08DE:  MOVLW  24
08DF:  ADDWF  5A,W
08E0:  MOVWF  65
08E1:  MOVF   64,W
08E2:  MOVWF  66
08E3:  MOVF   65,W
08E4:  MOVWF  67
08E5:  MOVF   5B,W
08E6:  MOVWF  68
08E7:  CALL   000
....................             lcd_print_digit(min2-0x30, x + 48, y); 
08E8:  MOVLW  30
08E9:  SUBWF  4B,W
08EA:  MOVWF  64
08EB:  MOVLW  30
08EC:  ADDWF  5A,W
08ED:  MOVWF  65
08EE:  MOVF   64,W
08EF:  MOVWF  66
08F0:  MOVF   65,W
08F1:  MOVWF  67
08F2:  MOVF   5B,W
08F3:  MOVWF  68
08F4:  CALL   000
.................... //!            lcd_putc(tempd2); 
....................             cnt = count; 
08F5:  MOVF   47,W
08F6:  MOVWF  53
....................             blink++; 
08F7:  INCF   59,F
....................             //delay_ms(300); 
....................          } 
....................          if (count ==  1) 
08F8:  DECFSZ 47,W
08F9:  GOTO   1A0
....................          { 
....................             //lcd_clear(); 
....................             if (cnt!= count) { 
08FA:  MOVF   47,W
08FB:  SUBWF  53,W
08FC:  BTFSC  03.2
08FD:  GOTO   109
08FE:  CLRF   2C
08FF:  BTFSC  0B.7
0900:  BSF    2C.7
0901:  BCF    0B.7
....................                lcd_clear(); 
0902:  BCF    0A.3
0903:  CALL   5BD
0904:  BSF    0A.3
0905:  BTFSC  2C.7
0906:  BSF    0B.7
....................                cnt = count; 
0907:  MOVF   47,W
0908:  MOVWF  53
0909:  CLRF   2C
090A:  BTFSC  0B.7
090B:  BSF    2C.7
090C:  BCF    0B.7
....................             } 
....................             lcd_gotoxy(4,1); 
090D:  MOVLW  04
090E:  MOVWF  73
090F:  MOVLW  01
0910:  MOVWF  74
0911:  BCF    0A.3
0912:  CALL   598
0913:  BSF    0A.3
0914:  BTFSC  2C.7
0915:  BSF    0B.7
....................             lcd_putc("Nhiet do: "); 
0916:  MOVLW  68
0917:  BSF    03.6
0918:  MOVWF  0D
0919:  MOVLW  06
091A:  MOVWF  0F
091B:  BCF    0A.3
091C:  BCF    03.6
091D:  CALL   7A4
091E:  BSF    0A.3
091F:  CLRF   2C
0920:  BTFSC  0B.7
0921:  BSF    2C.7
0922:  BCF    0B.7
....................             lcd_gotoxy(5,2); 
0923:  MOVLW  05
0924:  MOVWF  73
0925:  MOVLW  02
0926:  MOVWF  74
0927:  BCF    0A.3
0928:  CALL   598
0929:  BSF    0A.3
092A:  BTFSC  2C.7
092B:  BSF    0B.7
....................             lcd_putc(temp1); 
092C:  MOVF   4C,W
092D:  MOVWF  67
092E:  BCF    0A.3
092F:  CALL   75D
0930:  BSF    0A.3
....................             lcd_putc(temp2); 
0931:  MOVF   4D,W
0932:  MOVWF  67
0933:  BCF    0A.3
0934:  CALL   75D
0935:  BSF    0A.3
....................             lcd_putc(" "); 
0936:  MOVLW  6E
0937:  BSF    03.6
0938:  MOVWF  0D
0939:  MOVLW  06
093A:  MOVWF  0F
093B:  BCF    0A.3
093C:  BCF    03.6
093D:  CALL   7A4
093E:  BSF    0A.3
093F:  CLRF   2C
0940:  BTFSC  0B.7
0941:  BSF    2C.7
0942:  BCF    0B.7
....................             lcd_data(0x03); 
0943:  MOVLW  03
0944:  MOVWF  73
0945:  BCF    0A.3
0946:  CALL   5A5
0947:  BSF    0A.3
0948:  BTFSC  2C.7
0949:  BSF    0B.7
094A:  CLRF   2C
094B:  BTFSC  0B.7
094C:  BSF    2C.7
094D:  BCF    0B.7
....................             lcd_data(0x03); 
094E:  MOVLW  03
094F:  MOVWF  73
0950:  BCF    0A.3
0951:  CALL   5A5
0952:  BSF    0A.3
0953:  BTFSC  2C.7
0954:  BSF    0B.7
0955:  CLRF   2C
0956:  BTFSC  0B.7
0957:  BSF    2C.7
0958:  BCF    0B.7
....................             lcd_data(0x00); 
0959:  CLRF   73
095A:  BCF    0A.3
095B:  CALL   5A5
095C:  BSF    0A.3
095D:  BTFSC  2C.7
095E:  BSF    0B.7
....................             lcd_putc("C"); 
095F:  MOVLW  6F
0960:  BSF    03.6
0961:  MOVWF  0D
0962:  MOVLW  06
0963:  MOVWF  0F
0964:  BCF    0A.3
0965:  BCF    03.6
0966:  CALL   7A4
0967:  BSF    0A.3
0968:  CLRF   2C
0969:  BTFSC  0B.7
096A:  BSF    2C.7
096B:  BCF    0B.7
....................             lcd_gotoxy(4,3); 
096C:  MOVLW  04
096D:  MOVWF  73
096E:  MOVLW  03
096F:  MOVWF  74
0970:  BCF    0A.3
0971:  CALL   598
0972:  BSF    0A.3
0973:  BTFSC  2C.7
0974:  BSF    0B.7
....................             lcd_putc("Do am: "); 
0975:  MOVLW  70
0976:  BSF    03.6
0977:  MOVWF  0D
0978:  MOVLW  06
0979:  MOVWF  0F
097A:  BCF    0A.3
097B:  BCF    03.6
097C:  CALL   7A4
097D:  BSF    0A.3
097E:  CLRF   2C
097F:  BTFSC  0B.7
0980:  BSF    2C.7
0981:  BCF    0B.7
....................             lcd_gotoxy(5,4); 
0982:  MOVLW  05
0983:  MOVWF  73
0984:  MOVLW  04
0985:  MOVWF  74
0986:  BCF    0A.3
0987:  CALL   598
0988:  BSF    0A.3
0989:  BTFSC  2C.7
098A:  BSF    0B.7
....................             lcd_putc(hum1); 
098B:  MOVF   50,W
098C:  MOVWF  67
098D:  BCF    0A.3
098E:  CALL   75D
098F:  BSF    0A.3
....................             lcd_putc(hum2); 
0990:  MOVF   51,W
0991:  MOVWF  67
0992:  BCF    0A.3
0993:  CALL   75D
0994:  BSF    0A.3
....................             lcd_putc(" %"); 
0995:  MOVLW  74
0996:  BSF    03.6
0997:  MOVWF  0D
0998:  MOVLW  06
0999:  MOVWF  0F
099A:  BCF    0A.3
099B:  BCF    03.6
099C:  CALL   7A4
099D:  BSF    0A.3
....................             //delay_ms(200); 
....................             cnt= count; 
099E:  MOVF   47,W
099F:  MOVWF  53
....................          } 
....................          if (count == 2) 
09A0:  MOVF   47,W
09A1:  SUBLW  02
09A2:  BTFSS  03.2
09A3:  GOTO   1E0
....................          { 
....................          if (cnt!= count) { 
09A4:  MOVF   47,W
09A5:  SUBWF  53,W
09A6:  BTFSC  03.2
09A7:  GOTO   1B3
09A8:  CLRF   2C
09A9:  BTFSC  0B.7
09AA:  BSF    2C.7
09AB:  BCF    0B.7
....................             lcd_clear(); 
09AC:  BCF    0A.3
09AD:  CALL   5BD
09AE:  BSF    0A.3
09AF:  BTFSC  2C.7
09B0:  BSF    0B.7
....................             cnt = count; 
09B1:  MOVF   47,W
09B2:  MOVWF  53
09B3:  CLRF   2C
09B4:  BTFSC  0B.7
09B5:  BSF    2C.7
09B6:  BCF    0B.7
....................          } 
....................             //lcd_clear(); 
....................             //lcd_putc("Man hinh 3"); 
....................             lcd_gotoxy(0,0); 
09B7:  CLRF   73
09B8:  CLRF   74
09B9:  BCF    0A.3
09BA:  CALL   598
09BB:  BSF    0A.3
09BC:  BTFSC  2C.7
09BD:  BSF    0B.7
....................            // int16 i;  
....................            for (int16 i=0; i<=504;i++) lcd_data(sunny[i]); 
09BE:  CLRF   5D
09BF:  CLRF   5C
09C0:  MOVF   5D,W
09C1:  SUBLW  01
09C2:  BTFSS  03.0
09C3:  GOTO   1E0
09C4:  BTFSS  03.2
09C5:  GOTO   1CA
09C6:  MOVF   5C,W
09C7:  SUBLW  F8
09C8:  BTFSS  03.0
09C9:  GOTO   1E0
09CA:  MOVF   5D,W
09CB:  MOVWF  7A
09CC:  MOVF   5C,W
09CD:  BCF    0A.3
09CE:  CALL   357
09CF:  BSF    0A.3
09D0:  MOVWF  64
09D1:  CLRF   2C
09D2:  BTFSC  0B.7
09D3:  BSF    2C.7
09D4:  BCF    0B.7
09D5:  MOVF   64,W
09D6:  MOVWF  73
09D7:  BCF    0A.3
09D8:  CALL   5A5
09D9:  BSF    0A.3
09DA:  BTFSC  2C.7
09DB:  BSF    0B.7
09DC:  INCF   5C,F
09DD:  BTFSC  03.2
09DE:  INCF   5D,F
09DF:  GOTO   1C0
.................... //!           lcd_gotoxy(1,0); 
.................... //!           lcd_putc("SUNNY"); 
....................             //delay_ms(50); 
....................            //for(i=0; i<504; i++)  
....................           // cnt = count; 
....................          } 
....................          if (count == 3) 
09E0:  MOVF   47,W
09E1:  SUBLW  03
09E2:  BTFSS  03.2
09E3:  GOTO   25C
....................          { 
....................           
....................          if (cnt!= count) { 
09E4:  MOVF   47,W
09E5:  SUBWF  53,W
09E6:  BTFSC  03.2
09E7:  GOTO   1F3
09E8:  CLRF   2C
09E9:  BTFSC  0B.7
09EA:  BSF    2C.7
09EB:  BCF    0B.7
....................             lcd_clear(); 
09EC:  BCF    0A.3
09ED:  CALL   5BD
09EE:  BSF    0A.3
09EF:  BTFSC  2C.7
09F0:  BSF    0B.7
....................             cnt = count; 
09F1:  MOVF   47,W
09F2:  MOVWF  53
....................          } 
....................           
....................          char x= 4, y=2; 
....................          int a, b, c, d; 
09F3:  MOVLW  04
09F4:  MOVWF  5E
09F5:  MOVLW  02
09F6:  MOVWF  5F
....................          a = 1; b = 2; c = 1; d = 4; 
09F7:  MOVLW  01
09F8:  MOVWF  60
09F9:  MOVLW  02
09FA:  MOVWF  61
09FB:  MOVLW  01
09FC:  MOVWF  62
09FD:  MOVLW  04
09FE:  MOVWF  63
09FF:  CLRF   2C
0A00:  BTFSC  0B.7
0A01:  BSF    2C.7
0A02:  BCF    0B.7
....................             //lcd_clear(); 
....................             lcd_gotoxy(1,0); 
0A03:  MOVLW  01
0A04:  MOVWF  73
0A05:  CLRF   74
0A06:  BCF    0A.3
0A07:  CALL   598
0A08:  BSF    0A.3
0A09:  BTFSC  2C.7
0A0A:  BSF    0B.7
....................             lcd_putc("Arlam at:");  
0A0B:  MOVLW  76
0A0C:  BSF    03.6
0A0D:  MOVWF  0D
0A0E:  MOVLW  06
0A0F:  MOVWF  0F
0A10:  BCF    0A.3
0A11:  BCF    03.6
0A12:  CALL   7A4
0A13:  BSF    0A.3
....................             lcd_print_digit(a, x, y); 
0A14:  MOVF   60,W
0A15:  MOVWF  66
0A16:  MOVF   5E,W
0A17:  MOVWF  67
0A18:  MOVF   5F,W
0A19:  MOVWF  68
0A1A:  CALL   000
....................             lcd_print_digit(b, x + 12, y); 
0A1B:  MOVLW  0C
0A1C:  ADDWF  5E,W
0A1D:  MOVWF  64
0A1E:  MOVF   61,W
0A1F:  MOVWF  66
0A20:  MOVF   64,W
0A21:  MOVWF  67
0A22:  MOVF   5F,W
0A23:  MOVWF  68
0A24:  CALL   000
....................             lcd_print_digit(11, x +24, y); 
0A25:  MOVLW  18
0A26:  ADDWF  5E,W
0A27:  MOVWF  64
0A28:  MOVLW  0B
0A29:  MOVWF  66
0A2A:  MOVF   64,W
0A2B:  MOVWF  67
0A2C:  MOVF   5F,W
0A2D:  MOVWF  68
0A2E:  CALL   000
....................             lcd_print_digit(c, x + 36,y); 
0A2F:  MOVLW  24
0A30:  ADDWF  5E,W
0A31:  MOVWF  64
0A32:  MOVF   62,W
0A33:  MOVWF  66
0A34:  MOVF   64,W
0A35:  MOVWF  67
0A36:  MOVF   5F,W
0A37:  MOVWF  68
0A38:  CALL   000
....................             lcd_print_digit(d, x +48, y); 
0A39:  MOVLW  30
0A3A:  ADDWF  5E,W
0A3B:  MOVWF  64
0A3C:  MOVF   63,W
0A3D:  MOVWF  66
0A3E:  MOVF   64,W
0A3F:  MOVWF  67
0A40:  MOVF   5F,W
0A41:  MOVWF  68
0A42:  CALL   000
....................             if(((hr1-0x30==a) && (hr2 - 0x30 == b)) && ((min1 - 0x30 == c) && (min2-0x30 ==d))){ 
0A43:  MOVLW  30
0A44:  SUBWF  48,W
0A45:  SUBWF  60,W
0A46:  BTFSS  03.2
0A47:  GOTO   25A
0A48:  MOVLW  30
0A49:  SUBWF  49,W
0A4A:  SUBWF  61,W
0A4B:  BTFSS  03.2
0A4C:  GOTO   25A
0A4D:  MOVLW  30
0A4E:  SUBWF  4A,W
0A4F:  SUBWF  62,W
0A50:  BTFSS  03.2
0A51:  GOTO   25A
0A52:  MOVLW  30
0A53:  SUBWF  4B,W
0A54:  SUBWF  63,W
0A55:  BTFSS  03.2
0A56:  GOTO   25A
....................             buzz(); 
0A57:  BCF    0A.3
0A58:  CALL   72C
0A59:  BSF    0A.3
....................             } 
....................             cnt = count; 
0A5A:  MOVF   47,W
0A5B:  MOVWF  53
....................             //delay_ms(500); 
....................          } 
0A5C:  GOTO   086
....................         // delay_ms(30); 
....................       }  
....................  }  
0A5D:  SLEEP

Configuration Fuses:
   Word  1: 2CE2   HS NOWDT PUT MCLR NOPROTECT NOCPD NOBROWNOUT IESO FCMEN NOLVP NODEBUG
   Word  2: 0700   BORV40 NOWRT
