CCS PCM C Compiler, Version 5.025, 5967               16-Dec-19 22:23

               Filename:   C:\Users\user\Desktop\ESD\ESD_InternetClock\main.lst

               ROM used:   2851 words (35%)
                           Largest free fragment is 2048
               RAM used:   62 (17%) at main() level
                           94 (26%) worst case
               Stack used: 9 locations (4 in main + 5 for interrupts)
               Stack size: 8

*
0000:  MOVLW  09
0001:  MOVWF  0A
0002:  GOTO   12C
0003:  NOP
0004:  MOVWF  7F
0005:  SWAPF  03,W
0006:  CLRF   03
0007:  MOVWF  21
0008:  MOVF   0A,W
0009:  MOVWF  20
000A:  CLRF   0A
000B:  MOVF   04,W
000C:  MOVWF  22
000D:  MOVF   77,W
000E:  MOVWF  23
000F:  MOVF   78,W
0010:  MOVWF  24
0011:  MOVF   79,W
0012:  MOVWF  25
0013:  MOVF   7A,W
0014:  MOVWF  26
0015:  MOVF   7B,W
0016:  MOVWF  27
0017:  BSF    03.6
0018:  MOVF   0D,W
0019:  BCF    03.6
001A:  MOVWF  28
001B:  BSF    03.6
001C:  MOVF   0F,W
001D:  BCF    03.6
001E:  MOVWF  29
001F:  BSF    03.6
0020:  MOVF   0C,W
0021:  BCF    03.6
0022:  MOVWF  2A
0023:  BSF    03.6
0024:  MOVF   0E,W
0025:  BCF    03.6
0026:  MOVWF  2B
0027:  BCF    03.7
0028:  BCF    03.5
0029:  BTFSS  0B.4
002A:  GOTO   02D
002B:  BTFSC  0B.1
002C:  GOTO   056
002D:  MOVLW  8C
002E:  MOVWF  04
002F:  BTFSS  00.5
0030:  GOTO   033
0031:  BTFSC  0C.5
0032:  GOTO   059
0033:  MOVF   22,W
0034:  MOVWF  04
0035:  MOVF   23,W
0036:  MOVWF  77
0037:  MOVF   24,W
0038:  MOVWF  78
0039:  MOVF   25,W
003A:  MOVWF  79
003B:  MOVF   26,W
003C:  MOVWF  7A
003D:  MOVF   27,W
003E:  MOVWF  7B
003F:  MOVF   28,W
0040:  BSF    03.6
0041:  MOVWF  0D
0042:  BCF    03.6
0043:  MOVF   29,W
0044:  BSF    03.6
0045:  MOVWF  0F
0046:  BCF    03.6
0047:  MOVF   2A,W
0048:  BSF    03.6
0049:  MOVWF  0C
004A:  BCF    03.6
004B:  MOVF   2B,W
004C:  BSF    03.6
004D:  MOVWF  0E
004E:  BCF    03.6
004F:  MOVF   20,W
0050:  MOVWF  0A
0051:  SWAPF  21,W
0052:  MOVWF  03
0053:  SWAPF  7F,F
0054:  SWAPF  7F,W
0055:  RETFIE
0056:  BCF    0A.3
0057:  BCF    0A.4
0058:  GOTO   633
0059:  BCF    0A.3
005A:  BCF    0A.4
005B:  GOTO   5DE
.................... #include <16F887.h> 
.................... //////////// Standard Header file for the PIC16F887 device //////////////// 
.................... /////////////////////////////////////////////////////////////////////////// 
.................... ////        (C) Copyright 1996, 2013 Custom Computer Services          //// 
.................... //// This source code may only be used by licensed users of the CCS C  //// 
.................... //// compiler.  This source code may only be distributed to other      //// 
.................... //// licensed users of the CCS C compiler.  No other use, reproduction //// 
.................... //// or distribution is permitted without written permission.          //// 
.................... //// Derivative programs created using this software in object code    //// 
.................... //// form are not restricted in any way.                               //// 
.................... /////////////////////////////////////////////////////////////////////////// 
.................... #device PIC16F887 
005C:  BCF    0A.0
005D:  BCF    0A.1
005E:  BCF    0A.2
005F:  ADDLW  63
0060:  BTFSC  03.0
0061:  INCF   0A,F
0062:  MOVWF  02
0063:  RETLW  00
0064:  RETLW  00
0065:  RETLW  00
0066:  RETLW  00
0067:  RETLW  00
0068:  RETLW  00
0069:  RETLW  00
006A:  RETLW  5F
006B:  RETLW  00
006C:  RETLW  00
006D:  RETLW  00
006E:  RETLW  07
006F:  RETLW  00
0070:  RETLW  07
0071:  RETLW  00
0072:  RETLW  14
0073:  RETLW  7F
0074:  RETLW  14
0075:  RETLW  7F
0076:  RETLW  14
0077:  RETLW  24
0078:  RETLW  2A
0079:  RETLW  7F
007A:  RETLW  2A
007B:  RETLW  12
007C:  RETLW  23
007D:  RETLW  13
007E:  RETLW  08
007F:  RETLW  64
0080:  RETLW  62
0081:  RETLW  36
0082:  RETLW  49
0083:  RETLW  55
0084:  RETLW  22
0085:  RETLW  50
0086:  RETLW  00
0087:  RETLW  05
0088:  RETLW  03
0089:  RETLW  00
008A:  RETLW  00
008B:  RETLW  00
008C:  RETLW  1C
008D:  RETLW  22
008E:  RETLW  41
008F:  RETLW  00
0090:  RETLW  00
0091:  RETLW  41
0092:  RETLW  22
0093:  RETLW  1C
0094:  RETLW  00
0095:  RETLW  14
0096:  RETLW  08
0097:  RETLW  3E
0098:  RETLW  08
0099:  RETLW  14
009A:  RETLW  08
009B:  RETLW  08
009C:  RETLW  3E
009D:  RETLW  08
009E:  RETLW  08
009F:  RETLW  00
00A0:  RETLW  50
00A1:  RETLW  30
00A2:  RETLW  00
00A3:  RETLW  00
00A4:  RETLW  08
00A5:  RETLW  08
00A6:  RETLW  08
00A7:  RETLW  08
00A8:  RETLW  08
00A9:  RETLW  00
00AA:  RETLW  60
00AB:  RETLW  60
00AC:  RETLW  00
00AD:  RETLW  00
00AE:  RETLW  20
00AF:  RETLW  10
00B0:  RETLW  08
00B1:  RETLW  04
00B2:  RETLW  02
00B3:  RETLW  3E
00B4:  RETLW  51
00B5:  RETLW  49
00B6:  RETLW  45
00B7:  RETLW  3E
00B8:  RETLW  00
00B9:  RETLW  42
00BA:  RETLW  7F
00BB:  RETLW  40
00BC:  RETLW  00
00BD:  RETLW  42
00BE:  RETLW  61
00BF:  RETLW  51
00C0:  RETLW  49
00C1:  RETLW  46
00C2:  RETLW  21
00C3:  RETLW  41
00C4:  RETLW  45
00C5:  RETLW  4B
00C6:  RETLW  31
00C7:  RETLW  18
00C8:  RETLW  14
00C9:  RETLW  12
00CA:  RETLW  7F
00CB:  RETLW  10
00CC:  RETLW  27
00CD:  RETLW  45
00CE:  RETLW  45
00CF:  RETLW  45
00D0:  RETLW  39
00D1:  RETLW  3C
00D2:  RETLW  4A
00D3:  RETLW  49
00D4:  RETLW  49
00D5:  RETLW  30
00D6:  RETLW  01
00D7:  RETLW  71
00D8:  RETLW  09
00D9:  RETLW  05
00DA:  RETLW  03
00DB:  RETLW  36
00DC:  RETLW  49
00DD:  RETLW  49
00DE:  RETLW  49
00DF:  RETLW  36
00E0:  RETLW  06
00E1:  RETLW  49
00E2:  RETLW  49
00E3:  RETLW  29
00E4:  RETLW  1E
00E5:  RETLW  00
00E6:  RETLW  36
00E7:  RETLW  36
00E8:  RETLW  00
00E9:  RETLW  00
00EA:  RETLW  00
00EB:  RETLW  56
00EC:  RETLW  36
00ED:  RETLW  00
00EE:  RETLW  00
00EF:  RETLW  08
00F0:  RETLW  14
00F1:  RETLW  22
00F2:  RETLW  41
00F3:  RETLW  00
00F4:  RETLW  14
00F5:  RETLW  14
00F6:  RETLW  14
00F7:  RETLW  14
00F8:  RETLW  14
00F9:  RETLW  00
00FA:  RETLW  41
00FB:  RETLW  22
00FC:  RETLW  14
00FD:  RETLW  08
00FE:  RETLW  02
00FF:  RETLW  01
0100:  RETLW  51
0101:  RETLW  09
0102:  RETLW  06
0103:  RETLW  32
0104:  RETLW  49
0105:  RETLW  79
0106:  RETLW  41
0107:  RETLW  3E
0108:  RETLW  7E
0109:  RETLW  11
010A:  RETLW  11
010B:  RETLW  11
010C:  RETLW  7E
010D:  RETLW  7F
010E:  RETLW  49
010F:  RETLW  49
0110:  RETLW  49
0111:  RETLW  36
0112:  RETLW  3E
0113:  RETLW  41
0114:  RETLW  41
0115:  RETLW  41
0116:  RETLW  22
0117:  RETLW  7F
0118:  RETLW  41
0119:  RETLW  41
011A:  RETLW  22
011B:  RETLW  1C
011C:  RETLW  7F
011D:  RETLW  49
011E:  RETLW  49
011F:  RETLW  49
0120:  RETLW  41
0121:  RETLW  7F
0122:  RETLW  09
0123:  RETLW  09
0124:  RETLW  09
0125:  RETLW  01
0126:  RETLW  3E
0127:  RETLW  41
0128:  RETLW  49
0129:  RETLW  49
012A:  RETLW  7A
012B:  RETLW  7F
012C:  RETLW  08
012D:  RETLW  08
012E:  RETLW  08
012F:  RETLW  7F
0130:  RETLW  00
0131:  RETLW  41
0132:  RETLW  7F
0133:  RETLW  41
0134:  RETLW  00
0135:  RETLW  20
0136:  RETLW  40
0137:  RETLW  41
0138:  RETLW  3F
0139:  RETLW  01
013A:  RETLW  7F
013B:  RETLW  08
013C:  RETLW  14
013D:  RETLW  22
013E:  RETLW  41
013F:  RETLW  7F
0140:  RETLW  40
0141:  RETLW  40
0142:  RETLW  40
0143:  RETLW  40
0144:  RETLW  7F
0145:  RETLW  02
0146:  RETLW  0C
0147:  RETLW  02
0148:  RETLW  7F
0149:  RETLW  7F
014A:  RETLW  04
014B:  RETLW  08
014C:  RETLW  10
014D:  RETLW  7F
014E:  RETLW  3E
014F:  RETLW  41
0150:  RETLW  41
0151:  RETLW  41
0152:  RETLW  3E
0153:  BSF    0A.0
0154:  BCF    0A.1
0155:  BCF    0A.2
0156:  ADDLW  5A
0157:  BTFSC  03.0
0158:  INCF   0A,F
0159:  MOVWF  02
015A:  RETLW  7F
015B:  RETLW  09
015C:  RETLW  09
015D:  RETLW  09
015E:  RETLW  06
015F:  RETLW  3E
0160:  RETLW  41
0161:  RETLW  51
0162:  RETLW  21
0163:  RETLW  5E
0164:  RETLW  7F
0165:  RETLW  09
0166:  RETLW  19
0167:  RETLW  29
0168:  RETLW  46
0169:  RETLW  46
016A:  RETLW  49
016B:  RETLW  49
016C:  RETLW  49
016D:  RETLW  31
016E:  RETLW  01
016F:  RETLW  01
0170:  RETLW  7F
0171:  RETLW  01
0172:  RETLW  01
0173:  RETLW  3F
0174:  RETLW  40
0175:  RETLW  40
0176:  RETLW  40
0177:  RETLW  3F
0178:  RETLW  1F
0179:  RETLW  20
017A:  RETLW  40
017B:  RETLW  20
017C:  RETLW  1F
017D:  RETLW  3F
017E:  RETLW  40
017F:  RETLW  38
0180:  RETLW  40
0181:  RETLW  3F
0182:  RETLW  63
0183:  RETLW  14
0184:  RETLW  08
0185:  RETLW  14
0186:  RETLW  63
0187:  RETLW  07
0188:  RETLW  08
0189:  RETLW  70
018A:  RETLW  08
018B:  RETLW  07
018C:  RETLW  61
018D:  RETLW  51
018E:  RETLW  49
018F:  RETLW  45
0190:  RETLW  43
0191:  RETLW  00
0192:  RETLW  7F
0193:  RETLW  41
0194:  RETLW  41
0195:  RETLW  00
0196:  RETLW  02
0197:  RETLW  04
0198:  RETLW  08
0199:  RETLW  10
019A:  RETLW  20
019B:  RETLW  00
019C:  RETLW  41
019D:  RETLW  41
019E:  RETLW  7F
019F:  RETLW  00
01A0:  RETLW  04
01A1:  RETLW  02
01A2:  RETLW  01
01A3:  RETLW  02
01A4:  RETLW  04
01A5:  RETLW  40
01A6:  RETLW  40
01A7:  RETLW  40
01A8:  RETLW  40
01A9:  RETLW  40
01AA:  RETLW  00
01AB:  RETLW  01
01AC:  RETLW  02
01AD:  RETLW  04
01AE:  RETLW  00
01AF:  RETLW  20
01B0:  RETLW  54
01B1:  RETLW  54
01B2:  RETLW  54
01B3:  RETLW  78
01B4:  RETLW  7F
01B5:  RETLW  48
01B6:  RETLW  44
01B7:  RETLW  44
01B8:  RETLW  38
01B9:  RETLW  38
01BA:  RETLW  44
01BB:  RETLW  44
01BC:  RETLW  44
01BD:  RETLW  20
01BE:  RETLW  38
01BF:  RETLW  44
01C0:  RETLW  44
01C1:  RETLW  48
01C2:  RETLW  7F
01C3:  RETLW  38
01C4:  RETLW  54
01C5:  RETLW  54
01C6:  RETLW  54
01C7:  RETLW  18
01C8:  RETLW  08
01C9:  RETLW  7E
01CA:  RETLW  09
01CB:  RETLW  01
01CC:  RETLW  02
01CD:  RETLW  0C
01CE:  RETLW  52
01CF:  RETLW  52
01D0:  RETLW  52
01D1:  RETLW  3E
01D2:  RETLW  7F
01D3:  RETLW  08
01D4:  RETLW  04
01D5:  RETLW  04
01D6:  RETLW  78
01D7:  RETLW  00
01D8:  RETLW  44
01D9:  RETLW  7D
01DA:  RETLW  40
01DB:  RETLW  00
01DC:  RETLW  20
01DD:  RETLW  40
01DE:  RETLW  44
01DF:  RETLW  3D
01E0:  RETLW  00
01E1:  RETLW  7F
01E2:  RETLW  10
01E3:  RETLW  28
01E4:  RETLW  44
01E5:  RETLW  00
01E6:  RETLW  00
01E7:  RETLW  41
01E8:  RETLW  7F
01E9:  RETLW  40
01EA:  RETLW  00
01EB:  RETLW  7C
01EC:  RETLW  04
01ED:  RETLW  18
01EE:  RETLW  04
01EF:  RETLW  78
01F0:  RETLW  7C
01F1:  RETLW  08
01F2:  RETLW  04
01F3:  RETLW  04
01F4:  RETLW  78
01F5:  RETLW  38
01F6:  RETLW  44
01F7:  RETLW  44
01F8:  RETLW  44
01F9:  RETLW  38
01FA:  RETLW  7C
01FB:  RETLW  14
01FC:  RETLW  14
01FD:  RETLW  14
01FE:  RETLW  08
01FF:  RETLW  08
0200:  RETLW  14
0201:  RETLW  14
0202:  RETLW  18
0203:  RETLW  7C
0204:  RETLW  7C
0205:  RETLW  08
0206:  RETLW  04
0207:  RETLW  04
0208:  RETLW  08
0209:  RETLW  48
020A:  RETLW  54
020B:  RETLW  54
020C:  RETLW  54
020D:  RETLW  20
020E:  RETLW  04
020F:  RETLW  3F
0210:  RETLW  44
0211:  RETLW  40
0212:  RETLW  20
0213:  RETLW  3C
0214:  RETLW  40
0215:  RETLW  40
0216:  RETLW  20
0217:  RETLW  7C
0218:  RETLW  1C
0219:  RETLW  20
021A:  RETLW  40
021B:  RETLW  20
021C:  RETLW  1C
021D:  RETLW  3C
021E:  RETLW  40
021F:  RETLW  30
0220:  RETLW  40
0221:  RETLW  3C
0222:  RETLW  44
0223:  RETLW  28
0224:  RETLW  10
0225:  RETLW  28
0226:  RETLW  44
0227:  RETLW  0C
0228:  RETLW  50
0229:  RETLW  50
022A:  RETLW  50
022B:  RETLW  3C
022C:  RETLW  44
022D:  RETLW  64
022E:  RETLW  54
022F:  RETLW  4C
0230:  RETLW  44
0231:  RETLW  00
0232:  RETLW  08
0233:  RETLW  36
0234:  RETLW  41
0235:  RETLW  00
0236:  RETLW  00
0237:  RETLW  00
0238:  RETLW  7F
0239:  RETLW  00
023A:  RETLW  00
023B:  RETLW  00
023C:  RETLW  41
023D:  RETLW  36
023E:  RETLW  08
023F:  RETLW  00
0240:  RETLW  10
0241:  RETLW  08
0242:  RETLW  08
0243:  RETLW  10
0244:  RETLW  08
0245:  RETLW  78
0246:  RETLW  46
0247:  RETLW  41
0248:  RETLW  46
0249:  RETLW  78
024A:  MOVWF  7B
024B:  MOVLW  02
024C:  ADDWF  7A,W
024D:  MOVWF  0A
024E:  MOVF   7B,W
024F:  ADDLW  53
0250:  BTFSC  03.0
0251:  INCF   0A,F
0252:  MOVWF  02
0253:  RETLW  F0
0254:  RETLW  FC
0255:  RETLW  0E
0256:  RETLW  03
0257:  RETLW  83
0258:  RETLW  C3
0259:  RETLW  C3
025A:  RETLW  67
025B:  RETLW  FE
025C:  RETLW  F8
025D:  RETLW  0F
025E:  RETLW  7F
025F:  RETLW  76
0260:  RETLW  C3
0261:  RETLW  C3
0262:  RETLW  C1
0263:  RETLW  C0
0264:  RETLW  60
0265:  RETLW  3F
0266:  RETLW  1F
0267:  RETLW  0C
0268:  RETLW  06
0269:  RETLW  06
026A:  RETLW  03
026B:  RETLW  FF
026C:  RETLW  FF
026D:  RETLW  FF
026E:  RETLW  00
026F:  RETLW  00
0270:  RETLW  00
0271:  RETLW  C0
0272:  RETLW  C0
0273:  RETLW  C0
0274:  RETLW  C0
0275:  RETLW  FF
0276:  RETLW  FF
0277:  RETLW  FF
0278:  RETLW  C0
0279:  RETLW  C0
027A:  RETLW  C0
027B:  RETLW  06
027C:  RETLW  06
027D:  RETLW  03
027E:  RETLW  03
027F:  RETLW  03
0280:  RETLW  03
0281:  RETLW  C7
0282:  RETLW  FE
0283:  RETLW  7C
0284:  RETLW  00
0285:  RETLW  E0
0286:  RETLW  F0
0287:  RETLW  F8
0288:  RETLW  DC
0289:  RETLW  CE
028A:  RETLW  C7
028B:  RETLW  C3
028C:  RETLW  C1
028D:  RETLW  C0
028E:  RETLW  C0
028F:  RETLW  03
0290:  RETLW  03
0291:  RETLW  83
0292:  RETLW  83
0293:  RETLW  83
0294:  RETLW  83
0295:  RETLW  C3
0296:  RETLW  FF
0297:  RETLW  7E
0298:  RETLW  38
0299:  RETLW  C0
029A:  RETLW  C0
029B:  RETLW  C1
029C:  RETLW  C1
029D:  RETLW  C1
029E:  RETLW  C1
029F:  RETLW  C1
02A0:  RETLW  E3
02A1:  RETLW  7F
02A2:  RETLW  3E
02A3:  RETLW  00
02A4:  RETLW  80
02A5:  RETLW  E0
02A6:  RETLW  70
02A7:  RETLW  3C
02A8:  RETLW  1E
02A9:  RETLW  07
02AA:  RETLW  FF
02AB:  RETLW  FF
02AC:  RETLW  00
02AD:  RETLW  0F
02AE:  RETLW  0F
02AF:  RETLW  0D
02B0:  RETLW  0C
02B1:  RETLW  0C
02B2:  RETLW  0C
02B3:  RETLW  0C
02B4:  RETLW  FF
02B5:  RETLW  FF
02B6:  RETLW  0C
02B7:  RETLW  FF
02B8:  RETLW  FF
02B9:  RETLW  C3
02BA:  RETLW  C3
02BB:  RETLW  C3
02BC:  RETLW  C3
02BD:  RETLW  C3
02BE:  RETLW  83
02BF:  RETLW  03
02C0:  RETLW  03
02C1:  RETLW  C0
02C2:  RETLW  C0
02C3:  RETLW  C0
02C4:  RETLW  C0
02C5:  RETLW  C0
02C6:  RETLW  E0
02C7:  RETLW  61
02C8:  RETLW  7F
02C9:  RETLW  3F
02CA:  RETLW  00
02CB:  RETLW  FC
02CC:  RETLW  FE
02CD:  RETLW  CF
02CE:  RETLW  C7
02CF:  RETLW  C3
02D0:  RETLW  C3
02D1:  RETLW  C3
02D2:  RETLW  C3
02D3:  RETLW  83
02D4:  RETLW  00
02D5:  RETLW  3F
02D6:  RETLW  7F
02D7:  RETLW  E1
02D8:  RETLW  C0
02D9:  RETLW  C0
02DA:  RETLW  C0
02DB:  RETLW  C0
02DC:  RETLW  E1
02DD:  RETLW  7F
02DE:  RETLW  3F
02DF:  RETLW  03
02E0:  RETLW  03
02E1:  RETLW  03
02E2:  RETLW  03
02E3:  RETLW  03
02E4:  RETLW  83
02E5:  RETLW  E3
02E6:  RETLW  FB
02E7:  RETLW  3F
02E8:  RETLW  0F
02E9:  RETLW  00
02EA:  RETLW  C0
02EB:  RETLW  F0
02EC:  RETLW  78
02ED:  RETLW  3E
02EE:  RETLW  0F
02EF:  RETLW  03
02F0:  RETLW  00
02F1:  RETLW  00
02F2:  RETLW  00
02F3:  RETLW  3C
02F4:  RETLW  7E
02F5:  RETLW  E7
02F6:  RETLW  C3
02F7:  RETLW  C3
02F8:  RETLW  C3
02F9:  RETLW  C3
02FA:  RETLW  E7
02FB:  RETLW  7E
02FC:  RETLW  3C
02FD:  RETLW  3E
02FE:  RETLW  7F
02FF:  RETLW  E3
0300:  RETLW  C1
0301:  RETLW  C1
0302:  RETLW  C1
0303:  RETLW  C1
0304:  RETLW  E3
0305:  RETLW  7F
0306:  RETLW  3E
0307:  RETLW  FC
0308:  RETLW  FE
0309:  RETLW  87
030A:  RETLW  03
030B:  RETLW  03
030C:  RETLW  03
030D:  RETLW  03
030E:  RETLW  87
030F:  RETLW  FE
0310:  RETLW  FC
0311:  RETLW  00
0312:  RETLW  C1
0313:  RETLW  C3
0314:  RETLW  C3
0315:  RETLW  C3
0316:  RETLW  C3
0317:  RETLW  E3
0318:  RETLW  73
0319:  RETLW  3F
031A:  RETLW  1F
031B:  RETLW  00
031C:  RETLW  00
031D:  RETLW  00
031E:  RETLW  00
031F:  RETLW  00
0320:  RETLW  00
0321:  RETLW  00
0322:  RETLW  00
0323:  RETLW  00
0324:  RETLW  00
0325:  RETLW  00
0326:  RETLW  00
0327:  RETLW  00
0328:  RETLW  E0
0329:  RETLW  F0
032A:  RETLW  F0
032B:  RETLW  E0
032C:  RETLW  00
032D:  RETLW  00
032E:  RETLW  00
032F:  RETLW  00
0330:  RETLW  00
0331:  RETLW  00
0332:  RETLW  30
0333:  RETLW  70
0334:  RETLW  70
0335:  RETLW  70
0336:  RETLW  00
0337:  RETLW  00
0338:  RETLW  00
0339:  RETLW  00
033A:  RETLW  00
033B:  RETLW  00
033C:  RETLW  60
033D:  RETLW  E0
033E:  RETLW  E0
033F:  RETLW  E0
0340:  RETLW  00
0341:  RETLW  00
0342:  RETLW  00
0343:  RETLW  00
0344:  RETLW  00
0345:  RETLW  00
0346:  RETLW  00
0347:  RETLW  00
0348:  RETLW  00
0349:  RETLW  00
034A:  RETLW  00
034B:  RETLW  00
034C:  RETLW  00
034D:  RETLW  00
034E:  RETLW  00
034F:  RETLW  00
0350:  RETLW  00
0351:  RETLW  00
0352:  RETLW  00
0353:  RETLW  00
0354:  RETLW  00
0355:  RETLW  00
0356:  RETLW  00
0357:  MOVWF  7B
0358:  MOVLW  03
0359:  ADDWF  7A,W
035A:  MOVWF  0A
035B:  MOVF   7B,W
035C:  ADDLW  60
035D:  BTFSC  03.0
035E:  INCF   0A,F
035F:  MOVWF  02
0360:  RETLW  00
0361:  RETLW  00
0362:  RETLW  00
0363:  RETLW  00
0364:  RETLW  00
0365:  RETLW  00
0366:  RETLW  00
0367:  RETLW  00
0368:  RETLW  00
0369:  RETLW  00
036A:  RETLW  00
036B:  RETLW  00
036C:  RETLW  00
036D:  RETLW  00
036E:  RETLW  00
036F:  RETLW  00
0370:  RETLW  00
0371:  RETLW  00
0372:  RETLW  00
0373:  RETLW  00
0374:  RETLW  00
0375:  RETLW  00
0376:  RETLW  00
0377:  RETLW  00
0378:  RETLW  00
0379:  RETLW  00
037A:  RETLW  00
037B:  RETLW  00
037C:  RETLW  00
037D:  RETLW  00
037E:  RETLW  00
037F:  RETLW  00
0380:  RETLW  00
0381:  RETLW  00
0382:  RETLW  00
0383:  RETLW  00
0384:  RETLW  00
0385:  RETLW  00
0386:  RETLW  00
0387:  RETLW  00
0388:  RETLW  00
0389:  RETLW  00
038A:  RETLW  00
038B:  RETLW  00
038C:  RETLW  00
038D:  RETLW  00
038E:  RETLW  00
038F:  RETLW  00
0390:  RETLW  10
0391:  RETLW  C0
0392:  RETLW  00
0393:  RETLW  00
0394:  RETLW  00
0395:  RETLW  00
0396:  RETLW  00
0397:  RETLW  00
0398:  RETLW  00
0399:  RETLW  00
039A:  RETLW  00
039B:  RETLW  00
039C:  RETLW  40
039D:  RETLW  00
039E:  RETLW  00
039F:  RETLW  00
03A0:  RETLW  00
03A1:  RETLW  00
03A2:  RETLW  00
03A3:  RETLW  00
03A4:  RETLW  00
03A5:  RETLW  00
03A6:  RETLW  00
03A7:  RETLW  00
03A8:  RETLW  00
03A9:  RETLW  00
03AA:  RETLW  00
03AB:  RETLW  00
03AC:  RETLW  00
03AD:  RETLW  00
03AE:  RETLW  00
03AF:  RETLW  00
03B0:  RETLW  00
03B1:  RETLW  00
03B2:  RETLW  00
03B3:  RETLW  00
03B4:  RETLW  00
03B5:  RETLW  00
03B6:  RETLW  00
03B7:  RETLW  00
03B8:  RETLW  00
03B9:  RETLW  00
03BA:  RETLW  00
03BB:  RETLW  00
03BC:  RETLW  00
03BD:  RETLW  00
03BE:  RETLW  00
03BF:  RETLW  00
03C0:  RETLW  00
03C1:  RETLW  00
03C2:  RETLW  00
03C3:  RETLW  00
03C4:  RETLW  00
03C5:  RETLW  00
03C6:  RETLW  00
03C7:  RETLW  00
03C8:  RETLW  00
03C9:  RETLW  00
03CA:  RETLW  00
03CB:  RETLW  00
03CC:  RETLW  00
03CD:  RETLW  00
03CE:  RETLW  00
03CF:  RETLW  00
03D0:  RETLW  00
03D1:  RETLW  80
03D2:  RETLW  80
03D3:  RETLW  80
03D4:  RETLW  00
03D5:  RETLW  40
03D6:  RETLW  40
03D7:  RETLW  80
03D8:  RETLW  80
03D9:  RETLW  80
03DA:  RETLW  08
03DB:  RETLW  00
03DC:  RETLW  10
03DD:  RETLW  20
03DE:  RETLW  20
03DF:  RETLW  40
03E0:  RETLW  00
03E1:  RETLW  00
03E2:  RETLW  80
03E3:  RETLW  C0
03E4:  RETLW  60
03E5:  RETLW  21
03E6:  RETLW  34
03E7:  RETLW  10
03E8:  RETLW  10
03E9:  RETLW  10
03EA:  RETLW  10
03EB:  RETLW  20
03EC:  RETLW  20
03ED:  RETLW  40
03EE:  RETLW  86
03EF:  RETLW  01
03F0:  RETLW  00
03F1:  RETLW  00
03F2:  RETLW  00
03F3:  RETLW  00
03F4:  RETLW  00
03F5:  RETLW  80
03F6:  RETLW  80
03F7:  RETLW  80
03F8:  RETLW  00
03F9:  RETLW  00
03FA:  RETLW  00
03FB:  RETLW  00
03FC:  RETLW  00
03FD:  RETLW  00
03FE:  RETLW  00
03FF:  RETLW  00
0400:  RETLW  00
0401:  RETLW  00
0402:  RETLW  00
0403:  RETLW  00
0404:  RETLW  00
0405:  RETLW  00
0406:  RETLW  00
0407:  RETLW  00
0408:  RETLW  00
0409:  RETLW  00
040A:  RETLW  00
040B:  RETLW  00
040C:  RETLW  00
040D:  RETLW  00
040E:  RETLW  00
040F:  RETLW  00
0410:  RETLW  00
0411:  RETLW  00
0412:  RETLW  00
0413:  RETLW  00
0414:  RETLW  00
0415:  RETLW  00
0416:  RETLW  00
0417:  RETLW  00
0418:  RETLW  00
0419:  RETLW  00
041A:  RETLW  00
041B:  RETLW  00
041C:  RETLW  00
041D:  RETLW  00
041E:  RETLW  00
041F:  RETLW  00
0420:  RETLW  F0
0421:  RETLW  08
0422:  RETLW  06
0423:  RETLW  02
0424:  RETLW  01
0425:  RETLW  00
0426:  RETLW  00
0427:  RETLW  00
0428:  RETLW  00
0429:  RETLW  00
042A:  RETLW  00
042B:  RETLW  00
042C:  RETLW  00
042D:  RETLW  00
042E:  RETLW  01
042F:  RETLW  01
0430:  RETLW  02
0431:  RETLW  04
0432:  RETLW  18
0433:  RETLW  08
0434:  RETLW  08
0435:  RETLW  0E
0436:  RETLW  09
0437:  RETLW  10
0438:  RETLW  10
0439:  RETLW  10
043A:  RETLW  20
043B:  RETLW  60
043C:  RETLW  C0
043D:  RETLW  00
043E:  RETLW  00
043F:  RETLW  00
0440:  RETLW  00
0441:  RETLW  00
0442:  RETLW  00
0443:  RETLW  E7
0444:  RETLW  18
0445:  RETLW  00
0446:  RETLW  01
0447:  RETLW  01
0448:  RETLW  01
0449:  RETLW  00
044A:  RETLW  00
044B:  RETLW  00
044C:  RETLW  00
044D:  RETLW  00
044E:  RETLW  00
044F:  RETLW  00
0450:  RETLW  00
0451:  RETLW  00
0452:  RETLW  00
0453:  RETLW  00
0454:  RETLW  00
0455:  RETLW  00
0456:  RETLW  00
0457:  RETLW  00
0458:  RETLW  00
0459:  RETLW  00
045A:  RETLW  00
045B:  RETLW  00
045C:  RETLW  00
045D:  RETLW  00
045E:  RETLW  00
045F:  RETLW  00
0460:  RETLW  00
0461:  RETLW  00
0462:  RETLW  00
0463:  RETLW  00
0464:  RETLW  00
0465:  RETLW  00
0466:  RETLW  00
0467:  RETLW  00
0468:  RETLW  00
0469:  RETLW  00
046A:  RETLW  00
046B:  RETLW  80
046C:  RETLW  60
046D:  RETLW  18
046E:  RETLW  0C
046F:  RETLW  04
0470:  RETLW  02
0471:  RETLW  02
0472:  RETLW  01
0473:  RETLW  01
0474:  RETLW  01
0475:  RETLW  00
0476:  RETLW  00
0477:  RETLW  00
0478:  RETLW  00
0479:  RETLW  00
047A:  RETLW  00
047B:  RETLW  00
047C:  RETLW  00
047D:  RETLW  00
047E:  RETLW  00
047F:  RETLW  00
0480:  RETLW  00
0481:  RETLW  00
0482:  RETLW  00
0483:  RETLW  00
0484:  RETLW  00
0485:  RETLW  00
0486:  RETLW  00
0487:  RETLW  00
0488:  RETLW  00
0489:  RETLW  00
048A:  RETLW  00
048B:  RETLW  00
048C:  RETLW  00
048D:  RETLW  00
048E:  RETLW  00
048F:  RETLW  00
0490:  RETLW  00
0491:  RETLW  01
0492:  RETLW  01
0493:  RETLW  01
0494:  RETLW  01
0495:  RETLW  01
0496:  RETLW  01
0497:  RETLW  02
0498:  RETLW  02
0499:  RETLW  04
049A:  RETLW  0D
049B:  RETLW  10
049C:  RETLW  62
049D:  RETLW  80
049E:  RETLW  04
049F:  RETLW  08
04A0:  RETLW  00
04A1:  RETLW  00
04A2:  RETLW  00
04A3:  RETLW  00
04A4:  RETLW  00
04A5:  RETLW  00
04A6:  RETLW  00
04A7:  RETLW  00
04A8:  RETLW  00
04A9:  RETLW  00
04AA:  RETLW  00
04AB:  RETLW  00
04AC:  RETLW  00
04AD:  RETLW  00
04AE:  RETLW  00
04AF:  RETLW  00
04B0:  RETLW  00
04B1:  RETLW  00
04B2:  RETLW  00
04B3:  RETLW  00
04B4:  RETLW  00
04B5:  RETLW  00
04B6:  RETLW  00
04B7:  RETLW  00
04B8:  RETLW  00
04B9:  RETLW  00
04BA:  RETLW  00
04BB:  RETLW  00
04BC:  RETLW  00
04BD:  RETLW  00
04BE:  RETLW  00
04BF:  RETLW  3F
04C0:  RETLW  E0
04C1:  RETLW  80
04C2:  RETLW  00
04C3:  RETLW  00
04C4:  RETLW  00
04C5:  RETLW  00
04C6:  RETLW  00
04C7:  RETLW  00
04C8:  RETLW  00
04C9:  RETLW  00
04CA:  RETLW  00
04CB:  RETLW  00
04CC:  RETLW  00
04CD:  RETLW  00
04CE:  RETLW  00
04CF:  RETLW  00
04D0:  RETLW  00
04D1:  RETLW  00
04D2:  RETLW  00
04D3:  RETLW  00
04D4:  RETLW  00
04D5:  RETLW  00
04D6:  RETLW  00
04D7:  RETLW  00
04D8:  RETLW  00
04D9:  RETLW  00
04DA:  RETLW  00
04DB:  RETLW  00
04DC:  RETLW  00
04DD:  RETLW  00
04DE:  RETLW  00
04DF:  RETLW  00
04E0:  RETLW  00
04E1:  RETLW  00
04E2:  RETLW  00
04E3:  RETLW  00
04E4:  RETLW  00
04E5:  RETLW  00
04E6:  RETLW  00
04E7:  RETLW  00
04E8:  RETLW  00
04E9:  RETLW  00
04EA:  RETLW  00
04EB:  RETLW  00
04EC:  RETLW  00
04ED:  RETLW  00
04EE:  RETLW  00
04EF:  RETLW  80
04F0:  RETLW  60
04F1:  RETLW  1F
04F2:  RETLW  00
04F3:  RETLW  00
04F4:  RETLW  00
04F5:  RETLW  00
04F6:  RETLW  00
04F7:  RETLW  00
04F8:  RETLW  00
04F9:  RETLW  00
04FA:  RETLW  00
04FB:  RETLW  00
04FC:  RETLW  00
04FD:  RETLW  00
04FE:  RETLW  00
04FF:  RETLW  00
0500:  RETLW  00
0501:  RETLW  00
0502:  RETLW  00
0503:  RETLW  00
0504:  RETLW  00
0505:  RETLW  00
0506:  RETLW  00
0507:  RETLW  00
0508:  RETLW  00
0509:  RETLW  00
050A:  RETLW  00
050B:  RETLW  00
050C:  RETLW  00
050D:  RETLW  00
050E:  RETLW  00
050F:  RETLW  00
0510:  RETLW  00
0511:  RETLW  00
0512:  RETLW  00
0513:  RETLW  00
0514:  RETLW  00
0515:  RETLW  01
0516:  RETLW  03
0517:  RETLW  06
0518:  RETLW  04
0519:  RETLW  04
051A:  RETLW  08
051B:  RETLW  08
051C:  RETLW  08
051D:  RETLW  08
051E:  RETLW  08
051F:  RETLW  08
0520:  RETLW  08
0521:  RETLW  08
0522:  RETLW  08
0523:  RETLW  08
0524:  RETLW  08
0525:  RETLW  08
0526:  RETLW  08
0527:  RETLW  08
0528:  RETLW  08
0529:  RETLW  08
052A:  RETLW  08
052B:  RETLW  08
052C:  RETLW  08
052D:  RETLW  08
052E:  RETLW  08
052F:  RETLW  08
0530:  RETLW  08
0531:  RETLW  08
0532:  RETLW  08
0533:  RETLW  08
0534:  RETLW  08
0535:  RETLW  08
0536:  RETLW  08
0537:  RETLW  08
0538:  RETLW  08
0539:  RETLW  08
053A:  RETLW  08
053B:  RETLW  08
053C:  RETLW  08
053D:  RETLW  08
053E:  RETLW  08
053F:  RETLW  04
0540:  RETLW  04
0541:  RETLW  02
0542:  RETLW  03
0543:  RETLW  01
0544:  RETLW  00
0545:  RETLW  00
0546:  RETLW  00
0547:  RETLW  00
0548:  RETLW  00
0549:  RETLW  00
054A:  RETLW  00
054B:  RETLW  00
054C:  RETLW  00
054D:  RETLW  00
054E:  RETLW  00
054F:  RETLW  00
0550:  RETLW  00
0551:  RETLW  00
0552:  RETLW  00
0553:  RETLW  00
0554:  RETLW  00
0555:  RETLW  00
0556:  RETLW  00
0557:  RETLW  00
*
0625:  BCF    0A.0
0626:  BSF    0A.1
0627:  BSF    0A.2
0628:  ADDWF  02,F
0629:  GOTO   5F2
062A:  GOTO   5F6
062B:  GOTO   5FA
062C:  GOTO   5FE
062D:  GOTO   602
062E:  GOTO   606
062F:  GOTO   60A
0630:  GOTO   60E
0631:  GOTO   612
0632:  GOTO   616
*
066E:  DATA 31,1B
066F:  DATA AF,18
0670:  DATA B2,17
0671:  DATA 32,18
0672:  DATA B1,1C
0673:  DATA 00,00
0674:  DATA 4E,34
0675:  DATA E9,32
0676:  DATA 74,10
0677:  DATA E4,37
0678:  DATA 3A,10
0679:  DATA 00,01
067A:  DATA 20,00
067B:  DATA 43,00
067C:  DATA C4,37
067D:  DATA A0,30
067E:  DATA 6D,1D
067F:  DATA 20,00
0680:  DATA A0,12
0681:  DATA 00,01
0682:  DATA 41,39
0683:  DATA EC,30
0684:  DATA 6D,10
0685:  DATA 61,3A
0686:  DATA 3A,00
*
0792:  MOVF   0B,W
0793:  MOVWF  63
0794:  BCF    0B.7
0795:  BSF    03.5
0796:  BSF    03.6
0797:  BSF    0C.7
0798:  BSF    0C.0
0799:  NOP
079A:  NOP
079B:  BCF    03.5
079C:  BCF    03.6
079D:  BTFSC  63.7
079E:  BSF    0B.7
079F:  BSF    03.6
07A0:  MOVF   0C,W
07A1:  ANDLW  7F
07A2:  BTFSC  03.2
07A3:  GOTO   7EA
07A4:  BCF    03.6
07A5:  MOVWF  63
07A6:  BSF    03.6
07A7:  MOVF   0D,W
07A8:  BCF    03.6
07A9:  MOVWF  64
07AA:  BSF    03.6
07AB:  MOVF   0F,W
07AC:  BCF    03.6
07AD:  MOVWF  65
07AE:  MOVF   63,W
07AF:  MOVWF  66
07B0:  BSF    0A.3
07B1:  CALL   000
07B2:  BCF    0A.3
07B3:  MOVF   64,W
07B4:  BSF    03.6
07B5:  MOVWF  0D
07B6:  BCF    03.6
07B7:  MOVF   65,W
07B8:  BSF    03.6
07B9:  MOVWF  0F
07BA:  BCF    03.6
07BB:  MOVF   0B,W
07BC:  MOVWF  66
07BD:  BCF    0B.7
07BE:  BSF    03.5
07BF:  BSF    03.6
07C0:  BSF    0C.7
07C1:  BSF    0C.0
07C2:  NOP
07C3:  NOP
07C4:  BCF    03.5
07C5:  BCF    03.6
07C6:  BTFSC  66.7
07C7:  BSF    0B.7
07C8:  BSF    03.6
07C9:  RLF    0C,W
07CA:  RLF    0E,W
07CB:  ANDLW  7F
07CC:  BTFSC  03.2
07CD:  GOTO   7EA
07CE:  BCF    03.6
07CF:  MOVWF  63
07D0:  BSF    03.6
07D1:  MOVF   0D,W
07D2:  BCF    03.6
07D3:  MOVWF  64
07D4:  BSF    03.6
07D5:  MOVF   0F,W
07D6:  BCF    03.6
07D7:  MOVWF  65
07D8:  MOVF   63,W
07D9:  MOVWF  66
07DA:  BSF    0A.3
07DB:  CALL   000
07DC:  BCF    0A.3
07DD:  MOVF   64,W
07DE:  BSF    03.6
07DF:  MOVWF  0D
07E0:  BCF    03.6
07E1:  MOVF   65,W
07E2:  BSF    03.6
07E3:  MOVWF  0F
07E4:  INCF   0D,F
07E5:  BTFSC  03.2
07E6:  INCF   0F,F
07E7:  BCF    03.6
07E8:  GOTO   792
07E9:  BSF    03.6
07EA:  BCF    03.6
07EB:  RETURN
*
081A:  CLRF   77
081B:  CLRF   78
081C:  MOVF   6C,W
081D:  BCF    03.0
081E:  BTFSC  6D.0
081F:  ADDWF  77,F
0820:  RRF    77,F
0821:  RRF    78,F
0822:  BTFSC  6D.1
0823:  ADDWF  77,F
0824:  RRF    77,F
0825:  RRF    78,F
0826:  BTFSC  6D.2
0827:  ADDWF  77,F
0828:  RRF    77,F
0829:  RRF    78,F
082A:  BTFSC  6D.3
082B:  ADDWF  77,F
082C:  RRF    77,F
082D:  RRF    78,F
082E:  BTFSC  6D.4
082F:  ADDWF  77,F
0830:  RRF    77,F
0831:  RRF    78,F
0832:  BTFSC  6D.5
0833:  ADDWF  77,F
0834:  RRF    77,F
0835:  RRF    78,F
0836:  BTFSC  6D.6
0837:  ADDWF  77,F
0838:  RRF    77,F
0839:  RRF    78,F
083A:  BTFSC  6D.7
083B:  ADDWF  77,F
083C:  RRF    77,F
083D:  RRF    78,F
*
0852:  CLRF   77
0853:  CLRF   78
0854:  MOVF   6C,W
0855:  BCF    03.0
0856:  BTFSC  6D.0
0857:  ADDWF  77,F
0858:  RRF    77,F
0859:  RRF    78,F
085A:  BTFSC  6D.1
085B:  ADDWF  77,F
085C:  RRF    77,F
085D:  RRF    78,F
085E:  BTFSC  6D.2
085F:  ADDWF  77,F
0860:  RRF    77,F
0861:  RRF    78,F
0862:  BTFSC  6D.3
0863:  ADDWF  77,F
0864:  RRF    77,F
0865:  RRF    78,F
0866:  BTFSC  6D.4
0867:  ADDWF  77,F
0868:  RRF    77,F
0869:  RRF    78,F
086A:  BTFSC  6D.5
086B:  ADDWF  77,F
086C:  RRF    77,F
086D:  RRF    78,F
086E:  BTFSC  6D.6
086F:  ADDWF  77,F
0870:  RRF    77,F
0871:  RRF    78,F
0872:  BTFSC  6D.7
0873:  ADDWF  77,F
0874:  RRF    77,F
0875:  RRF    78,F
*
08B5:  CLRF   77
08B6:  CLRF   78
08B7:  MOVF   6C,W
08B8:  BCF    03.0
08B9:  BTFSC  6D.0
08BA:  ADDWF  77,F
08BB:  RRF    77,F
08BC:  RRF    78,F
08BD:  BTFSC  6D.1
08BE:  ADDWF  77,F
08BF:  RRF    77,F
08C0:  RRF    78,F
08C1:  BTFSC  6D.2
08C2:  ADDWF  77,F
08C3:  RRF    77,F
08C4:  RRF    78,F
08C5:  BTFSC  6D.3
08C6:  ADDWF  77,F
08C7:  RRF    77,F
08C8:  RRF    78,F
08C9:  BTFSC  6D.4
08CA:  ADDWF  77,F
08CB:  RRF    77,F
08CC:  RRF    78,F
08CD:  BTFSC  6D.5
08CE:  ADDWF  77,F
08CF:  RRF    77,F
08D0:  RRF    78,F
08D1:  BTFSC  6D.6
08D2:  ADDWF  77,F
08D3:  RRF    77,F
08D4:  RRF    78,F
08D5:  BTFSC  6D.7
08D6:  ADDWF  77,F
08D7:  RRF    77,F
08D8:  RRF    78,F
*
08DF:  CLRF   77
08E0:  CLRF   78
08E1:  MOVF   6C,W
08E2:  BCF    03.0
08E3:  BTFSC  6D.0
08E4:  ADDWF  77,F
08E5:  RRF    77,F
08E6:  RRF    78,F
08E7:  BTFSC  6D.1
08E8:  ADDWF  77,F
08E9:  RRF    77,F
08EA:  RRF    78,F
08EB:  BTFSC  6D.2
08EC:  ADDWF  77,F
08ED:  RRF    77,F
08EE:  RRF    78,F
08EF:  BTFSC  6D.3
08F0:  ADDWF  77,F
08F1:  RRF    77,F
08F2:  RRF    78,F
08F3:  BTFSC  6D.4
08F4:  ADDWF  77,F
08F5:  RRF    77,F
08F6:  RRF    78,F
08F7:  BTFSC  6D.5
08F8:  ADDWF  77,F
08F9:  RRF    77,F
08FA:  RRF    78,F
08FB:  BTFSC  6D.6
08FC:  ADDWF  77,F
08FD:  RRF    77,F
08FE:  RRF    78,F
08FF:  BTFSC  6D.7
0900:  ADDWF  77,F
0901:  RRF    77,F
0902:  RRF    78,F
....................  
.................... #list 
....................  
.................... #device  ADC = 10 *=16 
.................... #FUSES HS NOWDT NOBROWNOUT NOLVP 
.................... #use delay(CRYSTAL=20M) 
*
06B9:  MOVLW  03
06BA:  SUBWF  63,F
06BB:  BTFSS  03.0
06BC:  GOTO   6C7
06BD:  MOVLW  63
06BE:  MOVWF  04
06BF:  BCF    03.7
06C0:  MOVF   00,W
06C1:  BTFSC  03.2
06C2:  GOTO   6C7
06C3:  GOTO   6C5
06C4:  GOTO   6C5
06C5:  DECFSZ 00,F
06C6:  GOTO   6C4
*
06CD:  MOVLW  63
06CE:  MOVWF  04
06CF:  BCF    03.7
06D0:  MOVF   00,W
06D1:  BTFSC  03.2
06D2:  GOTO   6E0
06D3:  MOVLW  06
06D4:  MOVWF  78
06D5:  CLRF   77
06D6:  DECFSZ 77,F
06D7:  GOTO   6D6
06D8:  DECFSZ 78,F
06D9:  GOTO   6D5
06DA:  MOVLW  7B
06DB:  MOVWF  77
06DC:  DECFSZ 77,F
06DD:  GOTO   6DC
06DE:  DECFSZ 00,F
06DF:  GOTO   6D3
*
0713:  MOVLW  63
0714:  MOVWF  04
0715:  BCF    03.7
0716:  MOVF   00,W
0717:  BTFSC  03.2
0718:  GOTO   726
0719:  MOVLW  06
071A:  MOVWF  78
071B:  CLRF   77
071C:  DECFSZ 77,F
071D:  GOTO   71C
071E:  DECFSZ 78,F
071F:  GOTO   71B
0720:  MOVLW  7B
0721:  MOVWF  77
0722:  DECFSZ 77,F
0723:  GOTO   722
0724:  DECFSZ 00,F
0725:  GOTO   719
0726:  CLRF   2C
0727:  BTFSC  0B.7
0728:  BSF    2C.7
0729:  BCF    0B.7
*
072F:  MOVLW  63
0730:  MOVWF  04
0731:  BCF    03.7
0732:  MOVF   00,W
0733:  BTFSC  03.2
0734:  GOTO   742
0735:  MOVLW  06
0736:  MOVWF  78
0737:  CLRF   77
0738:  DECFSZ 77,F
0739:  GOTO   738
073A:  DECFSZ 78,F
073B:  GOTO   737
073C:  MOVLW  7B
073D:  MOVWF  77
073E:  DECFSZ 77,F
073F:  GOTO   73E
0740:  DECFSZ 00,F
0741:  GOTO   735
0742:  CLRF   2C
0743:  BTFSC  0B.7
0744:  BSF    2C.7
0745:  BCF    0B.7
*
074D:  MOVLW  63
074E:  MOVWF  04
074F:  BCF    03.7
0750:  MOVF   00,W
0751:  BTFSC  03.2
0752:  GOTO   760
0753:  MOVLW  06
0754:  MOVWF  78
0755:  CLRF   77
0756:  DECFSZ 77,F
0757:  GOTO   756
0758:  DECFSZ 78,F
0759:  GOTO   755
075A:  MOVLW  7B
075B:  MOVWF  77
075C:  DECFSZ 77,F
075D:  GOTO   75C
075E:  DECFSZ 00,F
075F:  GOTO   753
0760:  CLRF   2C
0761:  BTFSC  0B.7
0762:  BSF    2C.7
0763:  BCF    0B.7
*
0776:  MOVLW  63
0777:  MOVWF  04
0778:  BCF    03.7
0779:  MOVF   00,W
077A:  BTFSC  03.2
077B:  GOTO   789
077C:  MOVLW  06
077D:  MOVWF  78
077E:  CLRF   77
077F:  DECFSZ 77,F
0780:  GOTO   77F
0781:  DECFSZ 78,F
0782:  GOTO   77E
0783:  MOVLW  7B
0784:  MOVWF  77
0785:  DECFSZ 77,F
0786:  GOTO   785
0787:  DECFSZ 00,F
0788:  GOTO   77C
.................... #use rs232(UART1) 
....................   
.................... // Define SPI Pins                                                              
.................... #define lcd_sclk  PIN_C3  
.................... #define lcd_sda   PIN_C5              
.................... #define lcd_dc    PIN_D3                      
.................... #define lcd_cs    PIN_A5                                                                             
.................... #define lcd_res   PIN_D2   
....................  
.................... // Define orther source files 
.................... #include "5110lib\3310(modified).c"  
....................  
.................... char CONST TABLE1 [240] = {  // ASCII table for NOKIA LCD: 96 rows * 5 bytes= 480 bytes 
....................                   0x00,0x00,0x00,0x00,0x00,   // 20 space 
....................                   0x00,0x00,0x5f,0x00,0x00,   // 21 ! 
....................                   0x00,0x07,0x00,0x07,0x00,   // 22 " 
....................                   0x14,0x7f,0x14,0x7f,0x14,   // 23 # 
....................                   0x24,0x2a,0x7f,0x2a,0x12,   // 24 $ 
....................                   0x23,0x13,0x08,0x64,0x62,   // 25 % 
....................                   0x36,0x49,0x55,0x22,0x50,   // 26 & 
....................                   0x00,0x05,0x03,0x00,0x00,   // 27 ' 
....................                   0x00,0x1c,0x22,0x41,0x00,   // 28 ( 
....................                   0x00,0x41,0x22,0x1c,0x00,   // 29 ) 
....................                   0x14,0x08,0x3e,0x08,0x14,   // 2a * 
....................                   0x08,0x08,0x3e,0x08,0x08,   // 2b + 
....................                   0x00,0x50,0x30,0x00,0x00,   // 2c , 
....................                   0x08,0x08,0x08,0x08,0x08,   // 2d - 
....................                   0x00,0x60,0x60,0x00,0x00,   // 2e . 
....................                   0x20,0x10,0x08,0x04,0x02,   // 2f / 
....................                   0x3e,0x51,0x49,0x45,0x3e,   // 30 0 
....................                   0x00,0x42,0x7f,0x40,0x00,   // 31 1 
....................                   0x42,0x61,0x51,0x49,0x46,   // 32 2 
....................                   0x21,0x41,0x45,0x4b,0x31,   // 33 3 
....................                   0x18,0x14,0x12,0x7f,0x10,   // 34 4 
....................                   0x27,0x45,0x45,0x45,0x39,   // 35 5 
....................                   0x3c,0x4a,0x49,0x49,0x30,   // 36 6 
....................                   0x01,0x71,0x09,0x05,0x03,   // 37 7 
....................                   0x36,0x49,0x49,0x49,0x36,   // 38 8 
....................                   0x06,0x49,0x49,0x29,0x1e,   // 39 9 
....................                   0x00,0x36,0x36,0x00,0x00,   // 3a : 
....................                   0x00,0x56,0x36,0x00,0x00,   // 3b ; 
....................                   0x08,0x14,0x22,0x41,0x00,   // 3c < 
....................                   0x14,0x14,0x14,0x14,0x14,   // 3d = 
....................                   0x00,0x41,0x22,0x14,0x08,   // 3e > 
....................                   0x02,0x01,0x51,0x09,0x06,   // 3f ? 
....................                   0x32,0x49,0x79,0x41,0x3e,   // 40 @ 
....................                   0x7e,0x11,0x11,0x11,0x7e,   // 41 A 
....................                   0x7f,0x49,0x49,0x49,0x36,   // 42 B 
....................                   0x3e,0x41,0x41,0x41,0x22,   // 43 C 
....................                   0x7f,0x41,0x41,0x22,0x1c,   // 44 D 
....................                   0x7f,0x49,0x49,0x49,0x41,   // 45 E 
....................                   0x7f,0x09,0x09,0x09,0x01,   // 46 F 
....................                   0x3e,0x41,0x49,0x49,0x7a,   // 47 G 
....................                   0x7f,0x08,0x08,0x08,0x7f,   // 48 H 
....................                   0x00,0x41,0x7f,0x41,0x00,   // 49 I 
....................                   0x20,0x40,0x41,0x3f,0x01,   // 4a J 
....................                   0x7f,0x08,0x14,0x22,0x41,   // 4b K 
....................                   0x7f,0x40,0x40,0x40,0x40,   // 4c L 
....................                   0x7f,0x02,0x0c,0x02,0x7f,   // 4d M 
....................                   0x7f,0x04,0x08,0x10,0x7f,   // 4e N 
....................                   0x3e,0x41,0x41,0x41,0x3e};   // 4f O 
....................  
.................... char CONST TABLE2 [240] = { 
....................                   0x7f,0x09,0x09,0x09,0x06,   // 50 P 
....................                   0x3e,0x41,0x51,0x21,0x5e,   // 51 Q 
....................                   0x7f,0x09,0x19,0x29,0x46,   // 52 R 
....................                   0x46,0x49,0x49,0x49,0x31,   // 53 S 
....................                   0x01,0x01,0x7f,0x01,0x01,   // 54 T 
....................                   0x3f,0x40,0x40,0x40,0x3f,   // 55 U 
....................                   0x1f,0x20,0x40,0x20,0x1f,   // 56 V 
....................                   0x3f,0x40,0x38,0x40,0x3f,   // 57 W 
....................                   0x63,0x14,0x08,0x14,0x63,   // 58 X 
....................                   0x07,0x08,0x70,0x08,0x07,   // 59 Y 
....................                   0x61,0x51,0x49,0x45,0x43,   // 5a Z 
....................                   0x00,0x7f,0x41,0x41,0x00,   // 5b [ 
....................                   0x02,0x04,0x08,0x10,0x20,   // 5c \ 
....................                   0x00,0x41,0x41,0x7f,0x00,   // 5d ñ 
....................                   0x04,0x02,0x01,0x02,0x04,   // 5e ^ 
....................                   0x40,0x40,0x40,0x40,0x40,   // 5f _ 
....................                   0x00,0x01,0x02,0x04,0x00,   // 60 ` 
....................                   0x20,0x54,0x54,0x54,0x78,   // 61 a 
....................                   0x7f,0x48,0x44,0x44,0x38,   // 62 b 
....................                   0x38,0x44,0x44,0x44,0x20,   // 63 c 
....................                   0x38,0x44,0x44,0x48,0x7f,   // 64 d 
....................                   0x38,0x54,0x54,0x54,0x18,   // 65 e 
....................                   0x08,0x7e,0x09,0x01,0x02,   // 66 f 
....................                   0x0c,0x52,0x52,0x52,0x3e,   // 67 g 
....................                   0x7f,0x08,0x04,0x04,0x78,   // 68 h 
....................                   0x00,0x44,0x7d,0x40,0x00,   // 69 i 
....................                   0x20,0x40,0x44,0x3d,0x00,   // 6a j 
....................                   0x7f,0x10,0x28,0x44,0x00,   // 6b k 
....................                   0x00,0x41,0x7f,0x40,0x00,   // 6c l 
....................                   0x7c,0x04,0x18,0x04,0x78,   // 6d m 
....................                   0x7c,0x08,0x04,0x04,0x78,   // 6e n 
....................                   0x38,0x44,0x44,0x44,0x38,   // 6f o 
....................                   0x7c,0x14,0x14,0x14,0x08,   // 70 p 
....................                   0x08,0x14,0x14,0x18,0x7c,   // 71 q 
....................                   0x7c,0x08,0x04,0x04,0x08,   // 72 r 
....................                   0x48,0x54,0x54,0x54,0x20,   // 73 s 
....................                   0x04,0x3f,0x44,0x40,0x20,   // 74 t 
....................                   0x3c,0x40,0x40,0x20,0x7c,   // 75 u 
....................                   0x1c,0x20,0x40,0x20,0x1c,   // 76 v 
....................                   0x3c,0x40,0x30,0x40,0x3c,   // 77 w 
....................                   0x44,0x28,0x10,0x28,0x44,   // 78 x 
....................                   0x0c,0x50,0x50,0x50,0x3c,   // 79 y 
....................                   0x44,0x64,0x54,0x4c,0x44,   // 7a z 
....................                   0x00,0x08,0x36,0x41,0x00,   // 7b { 
....................                   0x00,0x00,0x7f,0x00,0x00,   // 7c | 
....................                   0x00,0x41,0x36,0x08,0x00,   // 7d } 
....................                   0x10,0x08,0x08,0x10,0x08,   // 7e ~ 
....................                   0x78,0x46,0x41,0x46,0x78};   // 7f ¦ 
....................  
.................... const char digits[260] = { 
.................... 0xF0, 0xFC, 0x0E, 0x03, 0x83, 0xC3, 0xC3, 0x67, 0xFE, 0xF8, 0x0F, 0x7F, 0x76, 0xC3, 0xC3, 0xC1, 0xC0, 0x60, 0x3F, 0x1F,  
.................... 0x0C, 0x06, 0x06, 0x03, 0xFF, 0xFF, 0xFF, 0x00, 0x00, 0x00, 0xC0, 0xC0, 0xC0, 0xC0, 0xFF, 0xFF, 0xFF, 0xC0, 0xC0, 0xC0,  
.................... 0x06, 0x06, 0x03, 0x03, 0x03, 0x03, 0xC7, 0xFE, 0x7C, 0x00, 0xE0, 0xF0, 0xF8, 0xDC, 0xCE, 0xC7, 0xC3, 0xC1, 0xC0, 0xC0,  
.................... 0x03, 0x03, 0x83, 0x83, 0x83, 0x83, 0xC3, 0xFF, 0x7E, 0x38, 0xC0, 0xC0, 0xC1, 0xC1, 0xC1, 0xC1, 0xC1, 0xE3, 0x7F, 0x3E,  
.................... 0x00, 0x80, 0xE0, 0x70, 0x3C, 0x1E, 0x07, 0xFF, 0xFF, 0x00, 0x0F, 0x0F, 0x0D, 0x0C, 0x0C, 0x0C, 0x0C, 0xFF, 0xFF, 0x0C,  
.................... 0xFF, 0xFF, 0xC3, 0xC3, 0xC3, 0xC3, 0xC3, 0x83, 0x03, 0x03, 0xC0, 0xC0, 0xC0, 0xC0, 0xC0, 0xE0, 0x61, 0x7F, 0x3F, 0x00,  
.................... 0xFC, 0xFE, 0xCF, 0xC7, 0xC3, 0xC3, 0xC3, 0xC3, 0x83, 0x00, 0x3F, 0x7F, 0xE1, 0xC0, 0xC0, 0xC0, 0xC0, 0xE1, 0x7F, 0x3F,  
.................... 0x03, 0x03, 0x03, 0x03, 0x03, 0x83, 0xE3, 0xFB, 0x3F, 0x0F, 0x00, 0xC0, 0xF0, 0x78, 0x3E, 0x0F, 0x03, 0x00, 0x00, 0x00, 
.................... 0x3C, 0x7E, 0xE7, 0xC3, 0xC3, 0xC3, 0xC3, 0xE7, 0x7E, 0x3C, 0x3E, 0x7F, 0xE3, 0xC1, 0xC1, 0xC1, 0xC1, 0xE3, 0x7F, 0x3E,  
.................... 0xFC, 0xFE, 0x87, 0x03, 0x03, 0x03, 0x03, 0x87, 0xFE, 0xFC, 0x00, 0xC1, 0xC3, 0xC3, 0xC3, 0xC3, 0xE3, 0x73, 0x3F, 0x1F,  
.................... 0x00, 0x00, 0x00, 0x00, 0x00, 0x00, 0x00, 0x00, 0x00, 0x00, 0x00, 0x00, 0x00, 0xE0, 0xF0, 0xF0, 0xE0, 0x00, 0x00, 0x00, //cham 
.................... 0x00, 0x00, 0x00, 0x30, 0x70, 0x70, 0x70, 0x00, 0x00, 0x00, 0x00, 0x00, 0x00, 0x60, 0xE0, 0xE0, 0xE0, 0x00, 0x00, 0x00 //hai cham 
.................... }; 
.................... const unsigned char cloudy[] = {  
....................    0x00, 0x00, 0x00, 0x00, 0x00, 0x00, 0x00, 0x00, 0x00, 0x00, 0x00, 0x00, 0x00, 0x00, 0x00, 0x00, 0x00, 0x00, 0x00, 0x00, 0x00, 0x00, 0x00, 0x00, 0x00, 0x00, 0x00, 0x00, 0x00, 0x00, 0x00, 0x00, 0x00, 0x80, 0xc0, 0xe0, 0xf0, 0x70, 0x38, 0x38, 0x1c, 0x0c, 0x0e, 0x0e, 0x06, 0x07, 0x07, 0x07, 0x07, 0x03, 0x03, 0x07, 0x07, 0x07, 0x07, 0x06, 0x06, 0x0e, 0x0e, 0x1c, 0x1c, 0x38, 0x78, 0x70, 0xe0, 0xc0, 0xc0, 0x00, 0x00, 0x00, 0x00, 0x00, 0x00, 0x00, 0x00, 0x00, 0x00, 0x00, 0x00, 0x00, 0x00, 0x00, 0x00, 0x00,  
....................   0x00, 0x00, 0x00, 0x00, 0x00, 0x00, 0x00, 0x00, 0x00, 0x00, 0x00, 0x00, 0x00, 0x00, 0x00, 0x80, 0xe0, 0xf8, 0xf8, 0x1c, 0x0e, 0x0e, 0x07, 0x07, 0x07, 0x03, 0x03, 0x07, 0x07, 0x07, 0x0e, 0x0e, 0x1e, 0x0f, 0x07, 0x01, 0x00, 0x00, 0x00, 0x00, 0x00, 0x00, 0x00, 0x00, 0x00, 0x00, 0x00, 0x00, 0x00, 0x00, 0x00, 0x00, 0x00, 0x00, 0x00, 0x00, 0x00, 0x00, 0x00, 0x00, 0x00, 0x00, 0x00, 0x00, 0x00, 0x03, 0x07, 0x1f, 0xfe, 0xf8, 0xe0, 0x00, 0x00, 0x00, 0x00, 0x00, 0x00, 0x00, 0x00, 0x00, 0x00, 0x00, 0x00, 0x00,  
....................   0x00, 0x00, 0x80, 0xc0, 0xe0, 0xf0, 0x38, 0x38, 0x1c, 0x0c, 0x0e, 0x0e, 0x07, 0x07, 0x07, 0x07, 0x07, 0x03, 0x00, 0x00, 0x00, 0x00, 0x00, 0x00, 0x00, 0x00, 0x00, 0x00, 0x00, 0x00, 0x00, 0x00, 0x00, 0x00, 0x00, 0x00, 0x00, 0x00, 0x00, 0x00, 0x00, 0x00, 0x00, 0x00, 0x00, 0x00, 0x00, 0x00, 0x00, 0x00, 0x00, 0x00, 0x00, 0x00, 0x00, 0x00, 0x00, 0x00, 0x00, 0x00, 0x00, 0x00, 0x00, 0x00, 0x00, 0x00, 0x00, 0x00, 0x7b, 0xff, 0xff, 0xc4, 0xc0, 0xc0, 0xc0, 0x80, 0x80, 0x00, 0x00, 0x00, 0x00, 0x00, 0x00, 0x00,  
....................   0xf8, 0xff, 0xff, 0x07, 0x01, 0x00, 0x00, 0x00, 0x00, 0x00, 0x00, 0x00, 0x00, 0x00, 0x00, 0x00, 0x00, 0x00, 0x00, 0x00, 0x00, 0x00, 0x00, 0x00, 0x00, 0x00, 0x00, 0x00, 0x00, 0x00, 0x00, 0x00, 0x00, 0x00, 0x00, 0x00, 0x00, 0x00, 0x00, 0x00, 0x00, 0x00, 0x00, 0x00, 0x00, 0x00, 0x00, 0x00, 0x00, 0x00, 0x00, 0x00, 0x00, 0x00, 0x00, 0x00, 0x00, 0x00, 0x00, 0x00, 0x00, 0x00, 0x00, 0x00, 0x00, 0x00, 0x00, 0x00, 0x00, 0x00, 0x00, 0x00, 0x00, 0x01, 0x01, 0x03, 0x07, 0x0f, 0x3e, 0xfc, 0xf0, 0xc0, 0x00, 0x00,  
....................   0x01, 0x1f, 0x3f, 0x7c, 0xf0, 0xc0, 0xc0, 0x80, 0x00, 0x00, 0x00, 0x00, 0x00, 0x00, 0x00, 0x00, 0x00, 0x00, 0x00, 0x00, 0x00, 0x00, 0x00, 0x00, 0x00, 0x00, 0x00, 0x00, 0x00, 0x00, 0x00, 0x00, 0x00, 0x00, 0x00, 0x00, 0x00, 0x00, 0x00, 0x00, 0x00, 0x00, 0x00, 0x00, 0x00, 0x00, 0x00, 0x00, 0x00, 0x00, 0x00, 0x00, 0x00, 0x00, 0x00, 0x00, 0x00, 0x00, 0x00, 0x00, 0x00, 0x00, 0x00, 0x00, 0x00, 0x00, 0x00, 0x00, 0x00, 0x00, 0x00, 0x00, 0x00, 0x00, 0x00, 0x00, 0x80, 0xc0, 0xf0, 0xff, 0x3f, 0x0f, 0x00, 0x00,  
....................   0x00, 0x00, 0x00, 0x00, 0x00, 0x01, 0x03, 0x07, 0x07, 0x0e, 0x0e, 0x0e, 0x0c, 0x1c, 0x1c, 0x1c, 0x1c, 0x1c, 0x1c, 0x1c, 0x1c, 0x1c, 0x1c, 0x1c, 0x1c, 0x1c, 0x1c, 0x1c, 0x1c, 0x1c, 0x1c, 0x1c, 0x1c, 0x1c, 0x1c, 0x1c, 0x1c, 0x1c, 0x1c, 0x1c, 0x1c, 0x1c, 0x1c, 0x1c, 0x1c, 0x1c, 0x1c, 0x1c, 0x1c, 0x1c, 0x1c, 0x1c, 0x1c, 0x1c, 0x1c, 0x1c, 0x1c, 0x1c, 0x1c, 0x1c, 0x1c, 0x1c, 0x1c, 0x1c, 0x1c, 0x1c, 0x1c, 0x1c, 0x1c, 0x1c, 0x1c, 0x1c, 0x0c, 0x0e, 0x0e, 0x07, 0x03, 0x03, 0x01, 0x00, 0x00, 0x00, 0x00, 0x00 
.................... }; 
.................... const unsigned char rainy[]= { 
.................... 0x00, 0x00, 0x00, 0x00, 0x00, 0x00, 0x00, 0x00, 0x00, 0x00, 0x00, 0x00, 0x00, 0x00, 0x00, 0x00, 0x00, 0x00, 0x00, 0x00, 0x00, 0x00, 0x00, 0x80, 0xc0, 0xc0, 0xe0, 0xe0, 0xe0, 0x70, 0x70, 0x70, 0x70, 0x70, 0x70, 0x70, 0x70, 0x70, 0x70, 0x70, 0xe0, 0xe0, 0xe0, 0xc0, 0xc0, 0x80, 0x00, 0x00, 0x00, 0x00, 0x00, 0x00, 0x00, 0x00, 0x00, 0x00, 0x00, 0x00, 0x00, 0x00, 0x00, 0x00, 0x00, 0x00, 0x00, 0x00, 0x00, 0x00, 0x00, 0x00, 0x00, 0x00, 0x00, 0x00, 0x00, 0x00, 0x00, 0x00, 0x00, 0x00, 0x00, 0x00, 0x00,  
....................   0x00, 0x00, 0x00, 0x00, 0x00, 0x00, 0x00, 0x00, 0x00, 0x00, 0x00, 0x00, 0x00, 0x00, 0x00, 0x00, 0x00, 0x00, 0xc0, 0xf8, 0xfc, 0xfe, 0x1f, 0x0f, 0x07, 0x03, 0x01, 0x00, 0x00, 0x00, 0x00, 0x00, 0x00, 0x00, 0x00, 0x00, 0x00, 0x00, 0x00, 0x00, 0x00, 0x00, 0x01, 0x03, 0x03, 0x0f, 0x1f, 0x3e, 0x1c, 0x1c, 0x1c, 0x1c, 0x1c, 0x1c, 0x1c, 0x1c, 0x3c, 0x38, 0x78, 0xf0, 0xf0, 0xe0, 0xc0, 0x00, 0x00, 0x00, 0x00, 0x00, 0x00, 0x00, 0x00, 0x00, 0x00, 0x20, 0x00, 0x00, 0x00, 0x00, 0x00, 0x00, 0x00, 0x08, 0x00,  
....................   0x00, 0x00, 0x00, 0x00, 0x00, 0x00, 0x00, 0x00, 0x00, 0x00, 0x00, 0x00, 0x00, 0xe0, 0xf0, 0xf8, 0x7c, 0x1e, 0x0f, 0x0f, 0x07, 0x07, 0x00, 0x00, 0x00, 0x00, 0x00, 0x00, 0x00, 0x00, 0x00, 0x00, 0x00, 0x00, 0x00, 0x00, 0x00, 0x00, 0x00, 0x04, 0x00, 0x00, 0x00, 0x00, 0x00, 0x00, 0x00, 0x00, 0x00, 0x00, 0x00, 0x00, 0x00, 0x00, 0x00, 0x00, 0x00, 0x00, 0x00, 0x00, 0x07, 0x07, 0x07, 0x07, 0x0f, 0x0e, 0x1e, 0x7c, 0xf8, 0xf0, 0xe0, 0x00, 0x00, 0x00, 0x00, 0x00, 0x00, 0x00, 0x00, 0x00, 0x00, 0x00, 0x00,  
....................   0x00, 0x00, 0x00, 0x00, 0x00, 0x00, 0x00, 0x00, 0x00, 0x00, 0x00, 0x00, 0x03, 0x1f, 0x3f, 0x7f, 0xf8, 0xf0, 0xe0, 0xc0, 0xc0, 0x80, 0x80, 0x80, 0x80, 0x80, 0x80, 0x80, 0x80, 0x80, 0x80, 0x80, 0x80, 0x80, 0x80, 0x80, 0x80, 0x80, 0x80, 0x80, 0x80, 0x80, 0x80, 0x80, 0x80, 0x80, 0x80, 0x80, 0x80, 0x80, 0x80, 0x80, 0x80, 0x80, 0x80, 0x80, 0x80, 0x80, 0x80, 0x80, 0x80, 0x80, 0x80, 0xc0, 0xc0, 0xe0, 0xf0, 0xfc, 0x7f, 0x3f, 0x0f, 0x13, 0x00, 0x00, 0x00, 0x00, 0x00, 0x00, 0x00, 0x00, 0x00, 0x00, 0x00,  
....................   0x00, 0x00, 0x00, 0x00, 0x00, 0x00, 0x00, 0x00, 0x00, 0x00, 0x00, 0x00, 0x00, 0x00, 0x00, 0x00, 0x00, 0x00, 0x01, 0x01, 0x01, 0x03, 0x03, 0x03, 0x03, 0xf3, 0xfb, 0xfb, 0xf3, 0x03, 0x03, 0x03, 0x03, 0x83, 0xc3, 0x83, 0x03, 0x03, 0x03, 0x03, 0xf3, 0xfb, 0xfb, 0xf3, 0x03, 0x03, 0x03, 0x03, 0x83, 0xc3, 0x83, 0x03, 0x03, 0x03, 0x03, 0xf3, 0xfb, 0xfb, 0xf3, 0x03, 0x03, 0x03, 0x03, 0x01, 0x01, 0x01, 0x00, 0x00, 0x00, 0x00, 0x00, 0x00, 0x00, 0x00, 0x00, 0x00, 0x00, 0x00, 0x00, 0x00, 0x00, 0x00, 0x00,  
....................   0x00, 0x00, 0x00, 0x00, 0x00, 0x00, 0x00, 0x00, 0x00, 0x00, 0x00, 0x00, 0x00, 0x00, 0x00, 0x00, 0x00, 0x00, 0x00, 0x00, 0x00, 0x00, 0x00, 0x00, 0x00, 0x01, 0x01, 0x01, 0x01, 0x00, 0x00, 0x00, 0x00, 0x0f, 0x0f, 0x0f, 0x00, 0x00, 0x00, 0x00, 0x01, 0x01, 0x01, 0x01, 0x00, 0x00, 0x00, 0x00, 0x0f, 0x0f, 0x0f, 0x00, 0x00, 0x00, 0x00, 0x01, 0x01, 0x01, 0x00, 0x00, 0x00, 0x00, 0x00, 0x00, 0x00, 0x00, 0x00, 0x00, 0x00, 0x00, 0x00, 0x00, 0x00, 0x00, 0x00, 0x40, 0x00, 0x00, 0x00, 0x00, 0x00, 0x00, 0x00 
.................... }; 
.................... const unsigned char thunder[]={ 
....................  0x00, 0x00, 0x00, 0x00, 0x00, 0x00, 0x00, 0x00, 0x00, 0x00, 0x00, 0x00, 0x00, 0x00, 0x00, 0x00, 0x00, 0x80, 0x80, 0x40, 0x40, 0x40, 0x20, 0x20, 0x20, 0x20, 0x20, 0x20, 0x20, 0x20, 0x20, 0x40, 0x20, 0x20, 0x10, 0x10, 0x08, 0x08, 0x08, 0x08, 0x00, 0x04, 0x04, 0x04, 0x04, 0x04, 0x00, 0x08, 0x08, 0x08, 0x08, 0x10, 0x10, 0x20, 0x60, 0x40, 0x40, 0x40, 0x40, 0x40, 0x40, 0x40, 0xc0, 0x80, 0x80, 0x80, 0x00, 0x00, 0x00, 0x00, 0x00, 0x00, 0x00, 0x00, 0x00, 0x00, 0x00, 0x00, 0x00, 0x00, 0x00, 0x00, 0x00, 0x00,  
....................   0x00, 0x00, 0x00, 0x00, 0x00, 0x00, 0x00, 0x00, 0x00, 0x00, 0x80, 0x40, 0x40, 0x20, 0x3c, 0x2e, 0x21, 0x21, 0x20, 0x20, 0x20, 0x60, 0x30, 0x18, 0x08, 0x08, 0x0c, 0x04, 0x04, 0x04, 0x04, 0x04, 0x08, 0x08, 0x18, 0x10, 0x30, 0x20, 0x20, 0x20, 0x20, 0x20, 0x20, 0x20, 0x20, 0x20, 0x40, 0x40, 0xc0, 0x80, 0x80, 0x80, 0xc0, 0x40, 0x40, 0x40, 0x40, 0x40, 0x40, 0xc0, 0x80, 0x80, 0x00, 0x00, 0x00, 0x00, 0x01, 0x03, 0x02, 0x3c, 0x38, 0x60, 0x40, 0xc0, 0x80, 0x00, 0x00, 0x00, 0x00, 0x00, 0x00, 0x00, 0x00, 0x00,  
....................   0x00, 0x00, 0x00, 0x00, 0x00, 0xe0, 0x30, 0x10, 0x1f, 0x0f, 0x00, 0x00, 0x00, 0x00, 0x00, 0x00, 0x00, 0x00, 0x00, 0x00, 0x00, 0x00, 0x00, 0x00, 0x00, 0x00, 0x00, 0x00, 0x00, 0x00, 0x00, 0x00, 0x00, 0x00, 0x00, 0x00, 0x00, 0x00, 0x00, 0x00, 0x00, 0x00, 0x00, 0x00, 0x00, 0x00, 0x00, 0x20, 0x10, 0x19, 0x1f, 0x10, 0x30, 0xe0, 0xc0, 0x00, 0x00, 0x00, 0x00, 0x00, 0x00, 0x01, 0x01, 0x03, 0x02, 0x02, 0x02, 0x02, 0x02, 0x02, 0x02, 0x02, 0x04, 0x04, 0x0f, 0xfe, 0xf0, 0x00, 0x00, 0x00, 0x00, 0x00, 0x00, 0x00,  
....................   0x00, 0x00, 0x00, 0x00, 0x00, 0x03, 0x06, 0x04, 0x04, 0x08, 0x08, 0x08, 0x08, 0x08, 0x08, 0x08, 0x88, 0xc8, 0x68, 0x38, 0x18, 0x08, 0x08, 0x08, 0x08, 0x48, 0x68, 0x78, 0x58, 0x58, 0xd8, 0xf8, 0x68, 0x48, 0x48, 0x48, 0x88, 0x88, 0x88, 0x88, 0x88, 0x88, 0x88, 0x88, 0x88, 0x88, 0x88, 0x88, 0x88, 0x88, 0x84, 0x84, 0x86, 0x83, 0x81, 0x80, 0x80, 0x80, 0x80, 0x80, 0x80, 0x80, 0x80, 0x80, 0x80, 0x80, 0x80, 0x80, 0x80, 0x80, 0x80, 0x80, 0x80, 0x80, 0x81, 0x40, 0x40, 0x61, 0x23, 0x3e, 0x00, 0x00, 0x00, 0x00,  
....................   0x00, 0x00, 0x00, 0x00, 0x00, 0x00, 0x00, 0x00, 0x00, 0x00, 0x00, 0x00, 0x00, 0x00, 0x01, 0x01, 0x01, 0x01, 0x01, 0x01, 0x81, 0xf1, 0xb9, 0xcf, 0x63, 0x30, 0x18, 0x0c, 0x06, 0x03, 0x01, 0x00, 0x00, 0x00, 0x00, 0x00, 0x00, 0x00, 0x00, 0x00, 0x00, 0x00, 0x00, 0x00, 0x00, 0x00, 0x08, 0x0c, 0x0e, 0x0b, 0x09, 0x08, 0x08, 0x88, 0xf8, 0x38, 0x8a, 0x82, 0x43, 0x32, 0x32, 0x0a, 0x06, 0x06, 0x02, 0x00, 0x00, 0x00, 0x00, 0x00, 0x00, 0x00, 0x00, 0x00, 0x00, 0x00, 0x00, 0x00, 0x00, 0x00, 0x00, 0x00, 0x00, 0x00,  
....................   0x00, 0x00, 0x00, 0x00, 0x00, 0x00, 0x00, 0x00, 0x00, 0x00, 0x00, 0x00, 0x00, 0x00, 0x00, 0x00, 0x00, 0x00, 0x00, 0x07, 0x07, 0x03, 0x01, 0x00, 0x00, 0x00, 0x00, 0x00, 0x00, 0x00, 0x00, 0x00, 0x00, 0x00, 0x00, 0x00, 0x00, 0x00, 0x00, 0x00, 0x00, 0x00, 0x00, 0x00, 0x00, 0x00, 0x00, 0x00, 0x00, 0x00, 0x00, 0x38, 0x1e, 0x0f, 0x06, 0x03, 0x01, 0x00, 0x00, 0x00, 0x00, 0x00, 0x00, 0x00, 0x00, 0x00, 0x00, 0x00, 0x00, 0x00, 0x00, 0x00, 0x00, 0x00, 0x00, 0x00, 0x00, 0x00, 0x00, 0x00, 0x00, 0x00, 0x00, 0x00 
.................... }; 
.................... const unsigned char sunny[]={ 
....................   0x00, 0x00, 0x00, 0x00, 0x00, 0x00, 0x00, 0x00, 0x00, 0x00, 0x00, 0x00, 0x00, 0x00, 0x00, 0x00, 0x00, 0x00, 0x00, 0x00, 0x00, 0x00, 0x00, 0x00, 0x00, 0x00, 0x00, 0x00, 0x00, 0x00, 0x00, 0x00, 0x00, 0x00, 0x00, 0x00, 0x00, 0x00, 0x00, 0x00, 0x00, 0x00, 0x00, 0x00, 0x00, 0x00, 0x00, 0x00, 0x10, 0xc0, 0x00, 0x00, 0x00, 0x00, 0x00, 0x00, 0x00, 0x00, 0x00, 0x00, 0x40, 0x00, 0x00, 0x00, 0x00, 0x00, 0x00, 0x00, 0x00, 0x00, 0x00, 0x00, 0x00, 0x00, 0x00, 0x00, 0x00, 0x00, 0x00, 0x00, 0x00, 0x00, 0x00, 0x00,  
....................   0x00, 0x00, 0x00, 0x00, 0x00, 0x00, 0x00, 0x00, 0x00, 0x00, 0x00, 0x00, 0x00, 0x00, 0x00, 0x00, 0x00, 0x00, 0x00, 0x00, 0x00, 0x00, 0x00, 0x00, 0x00, 0x00, 0x00, 0x00, 0x00, 0x80, 0x80, 0x80, 0x00, 0x40, 0x40, 0x80, 0x80, 0x80, 0x08, 0x00, 0x10, 0x20, 0x20, 0x40, 0x00, 0x00, 0x80, 0xc0, 0x60, 0x21, 0x34, 0x10, 0x10, 0x10, 0x10, 0x20, 0x20, 0x40, 0x86, 0x01, 0x00, 0x00, 0x00, 0x00, 0x00, 0x80, 0x80, 0x80, 0x00, 0x00, 0x00, 0x00, 0x00, 0x00, 0x00, 0x00, 0x00, 0x00, 0x00, 0x00, 0x00, 0x00, 0x00, 0x00,  
....................   0x00, 0x00, 0x00, 0x00, 0x00, 0x00, 0x00, 0x00, 0x00, 0x00, 0x00, 0x00, 0x00, 0x00, 0x00, 0x00, 0x00, 0x00, 0x00, 0x00, 0x00, 0x00, 0x00, 0x00, 0xf0, 0x08, 0x06, 0x02, 0x01, 0x00, 0x00, 0x00, 0x00, 0x00, 0x00, 0x00, 0x00, 0x00, 0x01, 0x01, 0x02, 0x04, 0x18, 0x08, 0x08, 0x0e, 0x09, 0x10, 0x10, 0x10, 0x20, 0x60, 0xc0, 0x00, 0x00, 0x00, 0x00, 0x00, 0x00, 0xe7, 0x18, 0x00, 0x01, 0x01, 0x01, 0x00, 0x00, 0x00, 0x00, 0x00, 0x00, 0x00, 0x00, 0x00, 0x00, 0x00, 0x00, 0x00, 0x00, 0x00, 0x00, 0x00, 0x00, 0x00,  
....................   0x00, 0x00, 0x00, 0x00, 0x00, 0x00, 0x00, 0x00, 0x00, 0x00, 0x00, 0x00, 0x00, 0x00, 0x00, 0x80, 0x60, 0x18, 0x0c, 0x04, 0x02, 0x02, 0x01, 0x01, 0x01, 0x00, 0x00, 0x00, 0x00, 0x00, 0x00, 0x00, 0x00, 0x00, 0x00, 0x00, 0x00, 0x00, 0x00, 0x00, 0x00, 0x00, 0x00, 0x00, 0x00, 0x00, 0x00, 0x00, 0x00, 0x00, 0x00, 0x00, 0x00, 0x01, 0x01, 0x01, 0x01, 0x01, 0x01, 0x02, 0x02, 0x04, 0x0d, 0x10, 0x62, 0x80, 0x04, 0x08, 0x00, 0x00, 0x00, 0x00, 0x00, 0x00, 0x00, 0x00, 0x00, 0x00, 0x00, 0x00, 0x00, 0x00, 0x00, 0x00,  
....................   0x00, 0x00, 0x00, 0x00, 0x00, 0x00, 0x00, 0x00, 0x00, 0x00, 0x00, 0x00, 0x00, 0x00, 0x00, 0x3f, 0xe0, 0x80, 0x00, 0x00, 0x00, 0x00, 0x00, 0x00, 0x00, 0x00, 0x00, 0x00, 0x00, 0x00, 0x00, 0x00, 0x00, 0x00, 0x00, 0x00, 0x00, 0x00, 0x00, 0x00, 0x00, 0x00, 0x00, 0x00, 0x00, 0x00, 0x00, 0x00, 0x00, 0x00, 0x00, 0x00, 0x00, 0x00, 0x00, 0x00, 0x00, 0x00, 0x00, 0x00, 0x00, 0x00, 0x00, 0x80, 0x60, 0x1f, 0x00, 0x00, 0x00, 0x00, 0x00, 0x00, 0x00, 0x00, 0x00, 0x00, 0x00, 0x00, 0x00, 0x00, 0x00, 0x00, 0x00, 0x00,  
....................   0x00, 0x00, 0x00, 0x00, 0x00, 0x00, 0x00, 0x00, 0x00, 0x00, 0x00, 0x00, 0x00, 0x00, 0x00, 0x00, 0x00, 0x01, 0x03, 0x06, 0x04, 0x04, 0x08, 0x08, 0x08, 0x08, 0x08, 0x08, 0x08, 0x08, 0x08, 0x08, 0x08, 0x08, 0x08, 0x08, 0x08, 0x08, 0x08, 0x08, 0x08, 0x08, 0x08, 0x08, 0x08, 0x08, 0x08, 0x08, 0x08, 0x08, 0x08, 0x08, 0x08, 0x08, 0x08, 0x08, 0x08, 0x08, 0x08, 0x04, 0x04, 0x02, 0x03, 0x01, 0x00, 0x00, 0x00, 0x00, 0x00, 0x00, 0x00, 0x00, 0x00, 0x00, 0x00, 0x00, 0x00, 0x00, 0x00, 0x00, 0x00, 0x00, 0x00, 0x00 
.................... }; 
.................... //function prototypes 
.................... void    lcd_init(); 
.................... void    lcd_command(char command); 
.................... void    lcd_data(char data); 
.................... void    lcd_spi(char spi_data); 
.................... void    lcd_gotoxy(char x, char y); 
.................... void    lcd_contrast (byte contrast); 
.................... void    lcd_putc(char cvar); 
.................... void    lcd_putcInv(char cvar); 
.................... void    lcd_clear(); 
.................... void    table_to_lcd(); 
.................... void    table_to_lcd_inverted(); 
.................... void    lcd_dot (char x, char y); 
.................... void    lcd_print_digit(char digit, char x, char y); 
....................  
.................... char char_row,charsel,charpos,chardata; 
.................... int16 ddram; 
....................  
.................... void lcd_init() { 
....................    output_high(lcd_dc);           
*
06AF:  BSF    03.5
06B0:  BCF    08.3
06B1:  BCF    03.5
06B2:  BSF    08.3
....................    output_high(lcd_cs);    
06B3:  BSF    03.5
06B4:  BCF    05.5
06B5:  BCF    03.5
06B6:  BSF    05.5
....................    delay_us(200); 
06B7:  MOVLW  C8
06B8:  MOVWF  63
....................  
....................    output_low(lcd_res); 
*
06C7:  BSF    03.5
06C8:  BCF    08.2
06C9:  BCF    03.5
06CA:  BCF    08.2
....................    delay_ms(50); 
06CB:  MOVLW  32
06CC:  MOVWF  63
....................    output_high(lcd_res); 
*
06E0:  BSF    03.5
06E1:  BCF    08.2
06E2:  BCF    03.5
06E3:  BSF    08.2
06E4:  CLRF   2C
06E5:  BTFSC  0B.7
06E6:  BSF    2C.7
06E7:  BCF    0B.7
....................  
....................    lcd_command(0x21);  
06E8:  MOVLW  21
06E9:  MOVWF  75
06EA:  CALL   584
06EB:  BTFSC  2C.7
06EC:  BSF    0B.7
06ED:  CLRF   2C
06EE:  BTFSC  0B.7
06EF:  BSF    2C.7
06F0:  BCF    0B.7
....................    lcd_command(0xc8);  
06F1:  MOVLW  C8
06F2:  MOVWF  75
06F3:  CALL   584
06F4:  BTFSC  2C.7
06F5:  BSF    0B.7
06F6:  CLRF   2C
06F7:  BTFSC  0B.7
06F8:  BSF    2C.7
06F9:  BCF    0B.7
....................    lcd_command(0x12);  
06FA:  MOVLW  12
06FB:  MOVWF  75
06FC:  CALL   584
06FD:  BTFSC  2C.7
06FE:  BSF    0B.7
06FF:  CLRF   2C
0700:  BTFSC  0B.7
0701:  BSF    2C.7
0702:  BCF    0B.7
....................    lcd_command(0x20);  
0703:  MOVLW  20
0704:  MOVWF  75
0705:  CALL   584
0706:  BTFSC  2C.7
0707:  BSF    0B.7
0708:  CLRF   2C
0709:  BTFSC  0B.7
070A:  BSF    2C.7
070B:  BCF    0B.7
....................                              
....................    lcd_command(0x09);  
070C:  MOVLW  09
070D:  MOVWF  75
070E:  CALL   584
070F:  BTFSC  2C.7
0710:  BSF    0B.7
....................  
....................    delay_ms(50); 
0711:  MOVLW  32
0712:  MOVWF  63
....................  
....................    lcd_clear();        
*
072A:  CALL   5C9
072B:  BTFSC  2C.7
072C:  BSF    0B.7
....................  
....................    delay_ms(10); 
072D:  MOVLW  0A
072E:  MOVWF  63
....................  
....................    lcd_command(0x08);  
*
0746:  MOVLW  08
0747:  MOVWF  75
0748:  CALL   584
0749:  BTFSC  2C.7
074A:  BSF    0B.7
....................    delay_ms(10); 
074B:  MOVLW  0A
074C:  MOVWF  63
....................  
....................    lcd_command(0x0c); // mod control normal change 
*
0764:  MOVLW  0C
0765:  MOVWF  75
0766:  CALL   584
0767:  BTFSC  2C.7
0768:  BSF    0B.7
.................... } 
....................  
.................... void lcd_clear() { 
....................    lcd_gotoxy(0,0);         // 84*6=504      clear 
*
05C9:  CLRF   72
05CA:  CLRF   73
05CB:  CALL   5A0
....................    for (ddram=504; ddram>0; ddram--) 
05CC:  MOVLW  01
05CD:  MOVWF  32
05CE:  MOVLW  F8
05CF:  MOVWF  31
05D0:  MOVF   31,F
05D1:  BTFSS  03.2
05D2:  GOTO   5D6
05D3:  MOVF   32,F
05D4:  BTFSC  03.2
05D5:  GOTO   5DD
....................       lcd_data(0x00); 
05D6:  CLRF   72
05D7:  CALL   5AD
05D8:  MOVF   31,W
05D9:  BTFSC  03.2
05DA:  DECF   32,F
05DB:  DECF   31,F
05DC:  GOTO   5D0
05DD:  RETURN
.................... } 
....................  
.................... void lcd_command(char command) 
.................... { 
....................    output_low(lcd_dc);   // byte is a command it is read with the eight SCLK pulse 
*
0584:  BSF    03.5
0585:  BCF    08.3
0586:  BCF    03.5
0587:  BCF    08.3
....................    output_low(lcd_cs);   // chip enabled 
0588:  BSF    03.5
0589:  BCF    05.5
058A:  BCF    03.5
058B:  BCF    05.5
....................    delay_us(2); 
058C:  MOVLW  02
058D:  MOVWF  77
058E:  DECFSZ 77,F
058F:  GOTO   58E
0590:  GOTO   591
0591:  NOP
....................    lcd_spi(command); 
0592:  MOVF   75,W
0593:  MOVWF  76
0594:  CALL   558
....................    output_high(lcd_cs);   // chip disabled 
0595:  BSF    03.5
0596:  BCF    05.5
0597:  BCF    03.5
0598:  BSF    05.5
....................    delay_us(2); 
0599:  MOVLW  02
059A:  MOVWF  77
059B:  DECFSZ 77,F
059C:  GOTO   59B
059D:  GOTO   59E
059E:  NOP
059F:  RETURN
.................... } 
....................  
.................... void lcd_data(char data) 
.................... { 
....................    output_high(lcd_dc); 
*
05AD:  BSF    03.5
05AE:  BCF    08.3
05AF:  BCF    03.5
05B0:  BSF    08.3
....................    output_low(lcd_cs);   // chip enabled 
05B1:  BSF    03.5
05B2:  BCF    05.5
05B3:  BCF    03.5
05B4:  BCF    05.5
....................    delay_us(2); 
05B5:  MOVLW  02
05B6:  MOVWF  77
05B7:  DECFSZ 77,F
05B8:  GOTO   5B7
05B9:  GOTO   5BA
05BA:  NOP
....................    lcd_spi(data); 
05BB:  MOVF   72,W
05BC:  MOVWF  76
05BD:  CALL   558
....................    output_high(lcd_cs);   // chip disabled 
05BE:  BSF    03.5
05BF:  BCF    05.5
05C0:  BCF    03.5
05C1:  BSF    05.5
....................    delay_us(2); 
05C2:  MOVLW  02
05C3:  MOVWF  77
05C4:  DECFSZ 77,F
05C5:  GOTO   5C4
05C6:  GOTO   5C7
05C7:  NOP
05C8:  RETURN
.................... } 
....................  
.................... void lcd_spi(char spi_data) {      // serial write data or command subroutine 
....................    char caa; 
....................    for (caa=8;caa>0;caa--) 
*
0558:  MOVLW  08
0559:  MOVWF  7C
055A:  MOVF   7C,F
055B:  BTFSC  03.2
055C:  GOTO   583
....................    { 
....................       output_low(lcd_sclk); 
055D:  BCF    33.3
055E:  MOVF   33,W
055F:  BSF    03.5
0560:  MOVWF  07
0561:  BCF    03.5
0562:  BCF    07.3
....................       delay_us(2); 
0563:  MOVLW  02
0564:  MOVWF  77
0565:  DECFSZ 77,F
0566:  GOTO   565
0567:  GOTO   568
0568:  NOP
....................       output_bit(lcd_sda,(spi_data&0x80)); 
0569:  BTFSC  76.7
056A:  GOTO   56D
056B:  BCF    07.5
056C:  GOTO   56E
056D:  BSF    07.5
056E:  BCF    33.5
056F:  MOVF   33,W
0570:  BSF    03.5
0571:  MOVWF  07
....................       output_high(lcd_sclk); 
0572:  BCF    03.5
0573:  BCF    33.3
0574:  MOVF   33,W
0575:  BSF    03.5
0576:  MOVWF  07
0577:  BCF    03.5
0578:  BSF    07.3
....................       delay_us(2); 
0579:  MOVLW  02
057A:  MOVWF  77
057B:  DECFSZ 77,F
057C:  GOTO   57B
057D:  GOTO   57E
057E:  NOP
....................       spi_data = spi_data << 1; 
057F:  BCF    03.0
0580:  RLF    76,F
0581:  DECF   7C,F
0582:  GOTO   55A
....................    } 
0583:  RETURN
.................... } 
....................  
.................... void lcd_gotoxy(char x, char y) {   // Nokia LCD 3310 Position cursor 
....................    lcd_command(0x40|(y&0x07));     // Y axe initialisation: 0100 0yyy 
*
05A0:  MOVF   73,W
05A1:  ANDLW  07
05A2:  IORLW  40
05A3:  MOVWF  74
05A4:  MOVWF  75
05A5:  CALL   584
....................    lcd_command(0x80|(x&0x7f));     // X axe initialisation: 1xxx xxxx 
05A6:  MOVF   72,W
05A7:  ANDLW  7F
05A8:  IORLW  80
05A9:  MOVWF  74
05AA:  MOVWF  75
05AB:  CALL   584
05AC:  RETURN
.................... } 
....................  
.................... void lcd_contrast (char contrast) { 
....................     lcd_command(0x21);                  // LCD Extended Commands. 
....................     lcd_command(0x80 | contrast);       // Set LCD Vop (Contrast). 
....................     lcd_command(0x20);                  // LCD Standard Commands, horizontal addressing mode. 
.................... } 
....................  
.................... void lcd_putc(char cvar) {               // Write 1 character to LCD 
....................    charsel=cvar; 
*
0800:  MOVF   66,W
0801:  MOVWF  2E
....................    table_to_lcd(); 
*
0896:  RETURN
.................... } 
.................... void lcd_putcInv(char cvar) {               // Write 1 character to LCD 
....................    charsel=cvar; 
....................    table_to_lcd_inverted(); 
.................... } 
.................... void table_to_lcd() {                      // extract ascii from tables & write to LCD 
....................    if (charsel<0x20) return; 
*
0802:  MOVF   2E,W
0803:  SUBLW  1F
0804:  BTFSC  03.0
0805:  GOTO   096
....................    if (charsel>0x7f) return; 
0806:  MOVF   2E,W
0807:  SUBLW  7F
0808:  BTFSS  03.0
0809:  GOTO   096
....................  
....................    for (char_row=0;char_row<5;char_row++) 
080A:  CLRF   2D
080B:  MOVF   2D,W
080C:  SUBLW  04
080D:  BTFSS  03.0
080E:  GOTO   08C
....................       { 
....................          if (charsel<0x50){charpos=(((charsel&0xff)-0x20)*5);chardata=TABLE1[(charpos+char_row)];}   // use TABLE1 
080F:  MOVF   2E,W
0810:  SUBLW  4F
0811:  BTFSS  03.0
0812:  GOTO   047
0813:  MOVF   2E,W
0814:  ADDLW  E0
0815:  MOVWF  68
0816:  MOVF   68,W
0817:  MOVWF  6C
0818:  MOVLW  05
0819:  MOVWF  6D
*
083E:  MOVF   78,W
083F:  MOVWF  2F
0840:  MOVF   2D,W
0841:  ADDWF  2F,W
0842:  BCF    0A.3
0843:  CALL   05C
0844:  BSF    0A.3
0845:  MOVWF  78
0846:  MOVWF  30
....................          if (charsel>0x4f){charpos=(((charsel&0xff)-0x50)*5);chardata=TABLE2[(charpos+char_row)];}   // use TABLE2 
0847:  MOVF   2E,W
0848:  SUBLW  4F
0849:  BTFSC  03.0
084A:  GOTO   07F
084B:  MOVF   2E,W
084C:  ADDLW  B0
084D:  MOVWF  68
084E:  MOVF   68,W
084F:  MOVWF  6C
0850:  MOVLW  05
0851:  MOVWF  6D
*
0876:  MOVF   78,W
0877:  MOVWF  2F
0878:  MOVF   2D,W
0879:  ADDWF  2F,W
087A:  BCF    0A.3
087B:  CALL   153
087C:  BSF    0A.3
087D:  MOVWF  78
087E:  MOVWF  30
087F:  CLRF   2C
0880:  BTFSC  0B.7
0881:  BSF    2C.7
0882:  BCF    0B.7
....................  
....................          lcd_data(chardata);  // send data to nokia 
0883:  MOVF   30,W
0884:  MOVWF  72
0885:  BCF    0A.3
0886:  CALL   5AD
0887:  BSF    0A.3
0888:  BTFSC  2C.7
0889:  BSF    0B.7
088A:  INCF   2D,F
088B:  GOTO   00B
088C:  CLRF   2C
088D:  BTFSC  0B.7
088E:  BSF    2C.7
088F:  BCF    0B.7
....................       } 
....................          lcd_data(0x00);      // 1 byte (always blank) 
0890:  CLRF   72
0891:  BCF    0A.3
0892:  CALL   5AD
0893:  BSF    0A.3
0894:  BTFSC  2C.7
0895:  BSF    0B.7
.................... } 
.................... void table_to_lcd_inverted() {                      // extract ascii from tables & write to LCD 
....................    if (charsel<0x20) return; 
....................    if (charsel>0x7f) return; 
....................  
....................    for (char_row=0;char_row<5;char_row++) 
....................       { 
....................          if (charsel<0x50){charpos=(((charsel&0xff)-0x20)*5);chardata=TABLE1[(charpos+char_row)];}   // use TABLE1 
....................          if (charsel>0x4f){charpos=(((charsel&0xff)-0x50)*5);chardata=TABLE2[(charpos+char_row)];}   // use TABLE2 
....................  
....................          lcd_data(~chardata);  // send data to nokia 
....................       } 
....................          lcd_data(0xff);      // 1 byte (always blank) 
.................... } 
.................... void lcd_dot (char x, char y) { 
....................     char offset; 
....................     byte  data; 
....................  
....................     if (x > 84) return; 
....................     if (y > 48) return; 
....................  
....................     offset = y % 8; 
....................     data = (0x01<<offset); 
....................          
....................     lcd_gotoxy(x, (y/8)); 
....................     lcd_data(data); 
.................... } 
....................  
.................... void lcd_print_digit(char digit, char x, char y){ 
....................    int temp; 
....................    for (char row = 0; row <= 1; row++){ 
*
0897:  CLRF   69
0898:  MOVF   69,W
0899:  SUBLW  01
089A:  BTFSS  03.0
089B:  GOTO   12B
....................       lcd_gotoxy(x, y+row); 
089C:  MOVF   69,W
089D:  ADDWF  67,W
089E:  MOVWF  6B
089F:  CLRF   2C
08A0:  BTFSC  0B.7
08A1:  BSF    2C.7
08A2:  BCF    0B.7
08A3:  MOVF   66,W
08A4:  MOVWF  72
08A5:  MOVF   6B,W
08A6:  MOVWF  73
08A7:  BCF    0A.3
08A8:  CALL   5A0
08A9:  BSF    0A.3
08AA:  BTFSC  2C.7
08AB:  BSF    0B.7
....................       for(char col = 0; col < 10; col++){ 
08AC:  CLRF   6A
08AD:  MOVF   6A,W
08AE:  SUBLW  09
08AF:  BTFSS  03.0
08B0:  GOTO   129
....................          temp = (digit*20)+(10*row)+col; 
08B1:  MOVF   65,W
08B2:  MOVWF  6C
08B3:  MOVLW  14
08B4:  MOVWF  6D
*
08D9:  MOVF   78,W
08DA:  MOVWF  6B
08DB:  MOVLW  0A
08DC:  MOVWF  6C
08DD:  MOVF   69,W
08DE:  MOVWF  6D
*
0903:  MOVF   78,W
0904:  ADDWF  6B,W
0905:  ADDWF  6A,W
0906:  MOVWF  68
....................          if (digit == 12) { 
0907:  MOVF   65,W
0908:  SUBLW  0C
0909:  BTFSS  03.2
090A:  GOTO   116
090B:  CLRF   2C
090C:  BTFSC  0B.7
090D:  BSF    2C.7
090E:  BCF    0B.7
....................          lcd_data(0x00); 
090F:  CLRF   72
0910:  BCF    0A.3
0911:  CALL   5AD
0912:  BSF    0A.3
0913:  BTFSC  2C.7
0914:  BSF    0B.7
....................          continue;} 
0915:  GOTO   127
....................          lcd_data(digits[temp]); 
0916:  CLRF   7A
0917:  MOVF   68,W
0918:  BCF    0A.3
0919:  CALL   24A
091A:  BSF    0A.3
091B:  MOVWF  6B
091C:  CLRF   2C
091D:  BTFSC  0B.7
091E:  BSF    2C.7
091F:  BCF    0B.7
0920:  MOVF   6B,W
0921:  MOVWF  72
0922:  BCF    0A.3
0923:  CALL   5AD
0924:  BSF    0A.3
0925:  BTFSC  2C.7
0926:  BSF    0B.7
0927:  INCF   6A,F
0928:  GOTO   0AD
....................       } 
0929:  INCF   69,F
092A:  GOTO   098
....................    } 
092B:  RETURN
.................... } 
....................  
.................... //#include "C:\Users\NGUYEN DUY LINH\Downloads\Goc.c" 
....................  
.................... int buffer[16]; 
....................  
.................... char state = 0; 
.................... char k; 
.................... char l; 
.................... char count = 0; 
.................... int hr1 , hr2, min1, min2, temp1, temp2, date1, date2, hum1, hum2; 
.................... int incode; 
.................... char cnt; 
.................... boolean ready = 0; 
....................  
.................... int index = 0; 
....................  
.................... void init() 
.................... { 
....................     setup_adc_ports(NO_ANALOGS); 
*
0687:  BSF    03.5
0688:  BSF    03.6
0689:  MOVF   09,W
068A:  ANDLW  C0
068B:  MOVWF  09
068C:  BCF    03.6
068D:  BCF    1F.4
068E:  BCF    1F.5
068F:  MOVLW  00
0690:  BSF    03.6
0691:  MOVWF  08
....................     setup_adc (ADC_OFF) ; 
0692:  BCF    03.5
0693:  BCF    03.6
0694:  BCF    1F.0
....................     setup_spi (FALSE); 
0695:  CLRF   14
....................     setup_uart(115200); 
0696:  BSF    03.5
0697:  BSF    03.6
0698:  BSF    07.3
0699:  MOVLW  2A
069A:  BCF    03.6
069B:  MOVWF  19
069C:  MOVLW  00
069D:  MOVWF  1A
069E:  MOVLW  A6
069F:  MOVWF  18
06A0:  MOVLW  90
06A1:  BCF    03.5
06A2:  MOVWF  18
....................     enable_interrupts(INT_RDA); 
06A3:  BSF    03.5
06A4:  BSF    0C.5
....................     enable_interrupts(GLOBAL); 
06A5:  MOVLW  C0
06A6:  BCF    03.5
06A7:  IORWF  0B,F
....................     enable_interrupts(INT_EXT); 
06A8:  BSF    0B.4
....................     ext_int_edge(H_TO_L); 
06A9:  BSF    03.5
06AA:  BCF    01.6
....................     setup_timer_1( T1_INTERNAL | T1_DIV_BY_2); 
06AB:  MOVLW  15
06AC:  BCF    03.5
06AD:  MOVWF  10
....................     Set_timer0(0); 
06AE:  CLRF   01
....................     lcd_init (); 
*
0769:  BSF    0A.3
076A:  BCF    0A.4
076B:  GOTO   155 (RETURN)
.................... } 
.................... //! 
.................... //!void time2digit(char hr, char min, char sec, char *hr1, char *hr2, char *min1, char *min2, char *sec1, char *sec2){ 
.................... //!    *hr1 = hr/10 + 0x30; 
.................... //!    *hr2 = hr%10 + 0x30; 
.................... //!    *min1 = min/10 + 0x30; 
.................... //!    *min2 = min%10 + 0x30; 
.................... //!    *sec1 = sec/10 + 0x30; 
.................... //!    *sec2 = sec%10+ 0x30; 
.................... //!} 
.................... //! 
.................... //!void time_display(char hr1, char hr2, char min1, char min2, char sec1, char sec2, char x, char y){ 
.................... //!    if (x>24 || y>4) return; 
.................... //!    lcd_print_digit(hr1 -0x30, x, y); 
.................... //!    lcd_print_digit(hr2-0x30, x + 12, y); 
.................... //!    lcd_print_digit(min1-0x30, x + 24, y); 
.................... //!    lcd_print_digit(min2-0x30, x + 36, y); 
.................... //!    lcd_print_digit(sec1-0x30, x + 48, y); 
.................... //!    lcd_print_digit(sec2-0x30, x + 60, y); 
.................... //!} 
....................  
....................  
.................... void buzz(){ 
....................    output_high(PIN_D1); 
076C:  BSF    03.5
076D:  BCF    08.1
076E:  BCF    03.5
076F:  BSF    08.1
....................    output_high(PIN_A4); 
0770:  BSF    03.5
0771:  BCF    05.4
0772:  BCF    03.5
0773:  BSF    05.4
....................    delay_ms(50); 
0774:  MOVLW  32
0775:  MOVWF  63
....................    output_low(PIN_A4); 
*
0789:  BSF    03.5
078A:  BCF    05.4
078B:  BCF    03.5
078C:  BCF    05.4
....................    output_low(PIN_D1); 
078D:  BSF    03.5
078E:  BCF    08.1
078F:  BCF    03.5
0790:  BCF    08.1
0791:  RETURN
.................... } 
....................  
....................  
.................... #int_rda 
.................... void uart_receive(){ 
....................    incode = getc(); 
*
05DE:  BTFSS  0C.5
05DF:  GOTO   5DE
05E0:  MOVF   1A,W
05E1:  MOVWF  52
.................... //!   sprintf(str, "%d\n", incode); 
.................... //!   printf(str); 
....................    if (incode == '#') 
05E2:  MOVF   52,W
05E3:  SUBLW  23
05E4:  BTFSS  03.2
05E5:  GOTO   5E8
....................    {   
....................       ready=true; 
05E6:  BSF    54.0
....................       return; 
05E7:  GOTO   621
....................    } 
....................    if (ready){ 
05E8:  BTFSS  54.0
05E9:  GOTO   621
.................... //!        if (index<8){ 
.................... //!         buffer[index] = incode; 
.................... //!        } 
.................... //!        else{ index =0; ready = false; 
.................... //!        } 
.................... //!   } 
....................       cnt = count; 
05EA:  MOVF   47,W
05EB:  MOVWF  53
....................       switch(index){ 
05EC:  MOVF   55,W
05ED:  ADDLW  F6
05EE:  BTFSC  03.0
05EF:  GOTO   61A
05F0:  ADDLW  0A
05F1:  GOTO   625
....................        
....................       case 0:  
....................          hr1 = incode; 
05F2:  MOVF   52,W
05F3:  MOVWF  48
....................          index++; 
05F4:  INCF   55,F
....................          break; 
05F5:  GOTO   61A
....................       case 1: 
....................          hr2 = incode; 
05F6:  MOVF   52,W
05F7:  MOVWF  49
....................          index++; 
05F8:  INCF   55,F
....................          break; 
05F9:  GOTO   61A
....................       case 2:  
....................          min1 = incode; 
05FA:  MOVF   52,W
05FB:  MOVWF  4A
....................          index++; 
05FC:  INCF   55,F
....................          break; 
05FD:  GOTO   61A
....................       case 3:  
....................          min2 = incode; 
05FE:  MOVF   52,W
05FF:  MOVWF  4B
....................          index++; 
0600:  INCF   55,F
....................          break; 
0601:  GOTO   61A
....................       case 4:  
....................          date1 = incode; 
0602:  MOVF   52,W
0603:  MOVWF  4E
....................          index++; 
0604:  INCF   55,F
....................          break; 
0605:  GOTO   61A
....................       case 5:  
....................          date2 = incode; 
0606:  MOVF   52,W
0607:  MOVWF  4F
....................          index++; 
0608:  INCF   55,F
....................          break; 
0609:  GOTO   61A
....................       case 6:  
....................          temp1 = incode; 
060A:  MOVF   52,W
060B:  MOVWF  4C
....................          index++; 
060C:  INCF   55,F
....................          break; 
060D:  GOTO   61A
....................       case 7:  
....................          temp2 = incode; 
060E:  MOVF   52,W
060F:  MOVWF  4D
....................          index++; 
0610:  INCF   55,F
....................          break; 
0611:  GOTO   61A
....................       case 8:  
....................          hum1 = incode; 
0612:  MOVF   52,W
0613:  MOVWF  50
....................          index++; 
0614:  INCF   55,F
....................          break; 
0615:  GOTO   61A
....................       case 9 : 
....................          hum2 = incode; 
0616:  MOVF   52,W
0617:  MOVWF  51
....................          index=0; 
0618:  CLRF   55
....................          ready = false; 
0619:  BCF    54.0
....................          break; 
....................       } 
....................          if (cnt!= count) { 
061A:  MOVF   47,W
061B:  SUBWF  53,W
061C:  BTFSC  03.2
061D:  GOTO   621
....................             lcd_clear(); 
061E:  CALL   5C9
....................             cnt = count; 
061F:  MOVF   47,W
0620:  MOVWF  53
....................          } 
....................    } 
.................... } 
....................  
....................  
0621:  BCF    0C.5
0622:  BCF    0A.3
0623:  BCF    0A.4
0624:  GOTO   033
.................... #int_ext 
.................... void encoder(){ 
....................    if (!state){ 
*
0633:  MOVF   44,F
0634:  BTFSS  03.2
0635:  GOTO   64F
....................        state = 1; 
0636:  MOVLW  01
0637:  MOVWF  44
....................        l = input(PIN_D4); 
0638:  BSF    03.5
0639:  BSF    08.4
063A:  BCF    03.5
063B:  CLRF   46
063C:  BTFSC  08.4
063D:  INCF   46,F
....................        k = input(PIN_D5); 
063E:  BSF    03.5
063F:  BSF    08.5
0640:  BCF    03.5
0641:  CLRF   45
0642:  BTFSC  08.5
0643:  INCF   45,F
....................        Set_timer1(0); 
0644:  CLRF   0E
0645:  CLRF   0F
0646:  CLRF   0E
....................        if (k) count++; 
0647:  MOVF   45,F
0648:  BTFSS  03.2
0649:  INCF   47,F
.................... //!       else  
.................... //!       { 
.................... //!         count--; 
.................... //!       } 
....................        if (count > 3) count = 0; 
064A:  MOVF   47,W
064B:  SUBLW  03
064C:  BTFSS  03.0
064D:  CLRF   47
.................... //!       if (count < 0) count = 1;  
....................     } 
064E:  GOTO   66A
....................     else { 
....................          if (get_timer1() > 6250){ 
064F:  MOVF   0F,W
0650:  MOVWF  7A
0651:  MOVF   0E,W
0652:  MOVWF  77
0653:  MOVF   0F,W
0654:  SUBWF  7A,W
0655:  BTFSS  03.2
0656:  GOTO   64F
0657:  MOVF   77,W
0658:  MOVWF  72
0659:  MOVF   7A,W
065A:  MOVWF  73
065B:  MOVF   73,W
065C:  SUBLW  17
065D:  BTFSC  03.0
065E:  GOTO   66A
065F:  XORLW  FF
0660:  BTFSS  03.2
0661:  GOTO   666
0662:  MOVF   72,W
0663:  SUBLW  6A
0664:  BTFSC  03.0
0665:  GOTO   66A
....................          state = 0; 
0666:  CLRF   44
....................          Set_timer1(0); 
0667:  CLRF   0E
0668:  CLRF   0F
0669:  CLRF   0E
....................          } 
....................     } 
066A:  BCF    0B.1
066B:  BCF    0A.3
066C:  BCF    0A.4
066D:  GOTO   033
.................... } 
....................  
....................  
.................... void main() 
*
092C:  MOVF   03,W
092D:  ANDLW  1F
092E:  MOVWF  03
092F:  BSF    03.5
0930:  BSF    03.6
0931:  BSF    07.3
0932:  MOVLW  08
0933:  BCF    03.6
0934:  MOVWF  19
0935:  MOVLW  02
0936:  MOVWF  1A
0937:  MOVLW  A6
0938:  MOVWF  18
0939:  MOVLW  90
093A:  BCF    03.5
093B:  MOVWF  18
093C:  MOVLW  FF
093D:  MOVWF  33
093E:  CLRF   44
093F:  CLRF   47
0940:  BCF    54.0
0941:  CLRF   55
0942:  BSF    03.5
0943:  BSF    03.6
0944:  MOVF   09,W
0945:  ANDLW  C0
0946:  MOVWF  09
0947:  BCF    03.6
0948:  BCF    1F.4
0949:  BCF    1F.5
094A:  MOVLW  00
094B:  BSF    03.6
094C:  MOVWF  08
094D:  BCF    03.5
094E:  CLRF   07
094F:  CLRF   08
0950:  CLRF   09
0951:  BCF    03.7
.................... { 
....................     init();  
0952:  BCF    0A.3
0953:  BCF    03.6
0954:  GOTO   687
0955:  BSF    0A.3
....................     char sec; 
....................     char blink; 
....................     char x= 4, y=2; 
0956:  MOVLW  04
0957:  MOVWF  58
0958:  MOVLW  02
0959:  MOVWF  59
....................     buzz(); 
095A:  BCF    0A.3
095B:  CALL   76C
095C:  BSF    0A.3
....................     WHILE (true)                                         
....................     {  
....................          if (cnt!= count) { 
095D:  MOVF   47,W
095E:  SUBWF  53,W
095F:  BTFSC  03.2
0960:  GOTO   16C
0961:  CLRF   2C
0962:  BTFSC  0B.7
0963:  BSF    2C.7
0964:  BCF    0B.7
....................             lcd_clear(); 
0965:  BCF    0A.3
0966:  CALL   5C9
0967:  BSF    0A.3
0968:  BTFSC  2C.7
0969:  BSF    0B.7
....................             cnt = count; 
096A:  MOVF   47,W
096B:  MOVWF  53
....................          } 
....................          if (count == 0){ 
096C:  MOVF   47,F
096D:  BTFSS  03.2
096E:  GOTO   1CF
....................             if (cnt!= count) { 
096F:  MOVF   47,W
0970:  SUBWF  53,W
0971:  BTFSC  03.2
0972:  GOTO   17E
0973:  CLRF   2C
0974:  BTFSC  0B.7
0975:  BSF    2C.7
0976:  BCF    0B.7
....................             lcd_clear(); 
0977:  BCF    0A.3
0978:  CALL   5C9
0979:  BSF    0A.3
097A:  BTFSC  2C.7
097B:  BSF    0B.7
....................             cnt = count; 
097C:  MOVF   47,W
097D:  MOVWF  53
097E:  CLRF   2C
097F:  BTFSC  0B.7
0980:  BSF    2C.7
0981:  BCF    0B.7
....................          } 
....................              lcd_gotoxy(0,0); 
0982:  CLRF   72
0983:  CLRF   73
0984:  BCF    0A.3
0985:  CALL   5A0
0986:  BSF    0A.3
0987:  BTFSC  2C.7
0988:  BSF    0B.7
....................             lcd_putc("16/12/2019");  
0989:  MOVLW  6E
098A:  BSF    03.6
098B:  MOVWF  0D
098C:  MOVLW  06
098D:  MOVWF  0F
098E:  BCF    0A.3
098F:  BCF    03.6
0990:  CALL   792
0991:  BSF    0A.3
....................             lcd_print_digit(hr1 -0x30, x, y); 
0992:  MOVLW  30
0993:  SUBWF  48,W
0994:  MOVWF  63
0995:  MOVWF  65
0996:  MOVF   58,W
0997:  MOVWF  66
0998:  MOVF   59,W
0999:  MOVWF  67
099A:  CALL   097
....................             lcd_print_digit(hr2-0x30, x + 12, y); 
099B:  MOVLW  30
099C:  SUBWF  49,W
099D:  MOVWF  63
099E:  MOVLW  0C
099F:  ADDWF  58,W
09A0:  MOVWF  64
09A1:  MOVF   63,W
09A2:  MOVWF  65
09A3:  MOVF   64,W
09A4:  MOVWF  66
09A5:  MOVF   59,W
09A6:  MOVWF  67
09A7:  CALL   097
....................             lcd_print_digit(11, x + 24, y); 
09A8:  MOVLW  18
09A9:  ADDWF  58,W
09AA:  MOVWF  63
09AB:  MOVLW  0B
09AC:  MOVWF  65
09AD:  MOVF   63,W
09AE:  MOVWF  66
09AF:  MOVF   59,W
09B0:  MOVWF  67
09B1:  CALL   097
....................             lcd_print_digit(min1-0x30, x + 36, y);  
09B2:  MOVLW  30
09B3:  SUBWF  4A,W
09B4:  MOVWF  63
09B5:  MOVLW  24
09B6:  ADDWF  58,W
09B7:  MOVWF  64
09B8:  MOVF   63,W
09B9:  MOVWF  65
09BA:  MOVF   64,W
09BB:  MOVWF  66
09BC:  MOVF   59,W
09BD:  MOVWF  67
09BE:  CALL   097
....................             lcd_print_digit(min2-0x30, x + 48, y); 
09BF:  MOVLW  30
09C0:  SUBWF  4B,W
09C1:  MOVWF  63
09C2:  MOVLW  30
09C3:  ADDWF  58,W
09C4:  MOVWF  64
09C5:  MOVF   63,W
09C6:  MOVWF  65
09C7:  MOVF   64,W
09C8:  MOVWF  66
09C9:  MOVF   59,W
09CA:  MOVWF  67
09CB:  CALL   097
.................... //!            lcd_putc(tempd2); 
....................             cnt = count; 
09CC:  MOVF   47,W
09CD:  MOVWF  53
....................             blink++; 
09CE:  INCF   57,F
....................             //delay_ms(300); 
....................          } 
....................          if (count ==  1) 
09CF:  DECFSZ 47,W
09D0:  GOTO   26F
....................          { 
....................             //lcd_clear(); 
....................             if (cnt!= count) { 
09D1:  MOVF   47,W
09D2:  SUBWF  53,W
09D3:  BTFSC  03.2
09D4:  GOTO   1E0
09D5:  CLRF   2C
09D6:  BTFSC  0B.7
09D7:  BSF    2C.7
09D8:  BCF    0B.7
....................                lcd_clear(); 
09D9:  BCF    0A.3
09DA:  CALL   5C9
09DB:  BSF    0A.3
09DC:  BTFSC  2C.7
09DD:  BSF    0B.7
....................                cnt = count; 
09DE:  MOVF   47,W
09DF:  MOVWF  53
09E0:  CLRF   2C
09E1:  BTFSC  0B.7
09E2:  BSF    2C.7
09E3:  BCF    0B.7
....................             } 
....................             lcd_gotoxy(4,1); 
09E4:  MOVLW  04
09E5:  MOVWF  72
09E6:  MOVLW  01
09E7:  MOVWF  73
09E8:  BCF    0A.3
09E9:  CALL   5A0
09EA:  BSF    0A.3
09EB:  BTFSC  2C.7
09EC:  BSF    0B.7
....................             lcd_putc("Nhiet do: "); 
09ED:  MOVLW  74
09EE:  BSF    03.6
09EF:  MOVWF  0D
09F0:  MOVLW  06
09F1:  MOVWF  0F
09F2:  BCF    0A.3
09F3:  BCF    03.6
09F4:  CALL   792
09F5:  BSF    0A.3
09F6:  CLRF   2C
09F7:  BTFSC  0B.7
09F8:  BSF    2C.7
09F9:  BCF    0B.7
....................             lcd_gotoxy(5,2); 
09FA:  MOVLW  05
09FB:  MOVWF  72
09FC:  MOVLW  02
09FD:  MOVWF  73
09FE:  BCF    0A.3
09FF:  CALL   5A0
0A00:  BSF    0A.3
0A01:  BTFSC  2C.7
0A02:  BSF    0B.7
....................             lcd_putc(temp1); 
0A03:  MOVF   4C,W
0A04:  MOVWF  66
0A05:  CALL   000
....................             lcd_putc(temp2); 
0A06:  MOVF   4D,W
0A07:  MOVWF  66
0A08:  CALL   000
....................             lcd_putc(" "); 
0A09:  MOVLW  7A
0A0A:  BSF    03.6
0A0B:  MOVWF  0D
0A0C:  MOVLW  06
0A0D:  MOVWF  0F
0A0E:  BCF    0A.3
0A0F:  BCF    03.6
0A10:  CALL   792
0A11:  BSF    0A.3
0A12:  CLRF   2C
0A13:  BTFSC  0B.7
0A14:  BSF    2C.7
0A15:  BCF    0B.7
....................             lcd_data(0x03); 
0A16:  MOVLW  03
0A17:  MOVWF  72
0A18:  BCF    0A.3
0A19:  CALL   5AD
0A1A:  BSF    0A.3
0A1B:  BTFSC  2C.7
0A1C:  BSF    0B.7
0A1D:  CLRF   2C
0A1E:  BTFSC  0B.7
0A1F:  BSF    2C.7
0A20:  BCF    0B.7
....................             lcd_data(0x03); 
0A21:  MOVLW  03
0A22:  MOVWF  72
0A23:  BCF    0A.3
0A24:  CALL   5AD
0A25:  BSF    0A.3
0A26:  BTFSC  2C.7
0A27:  BSF    0B.7
0A28:  CLRF   2C
0A29:  BTFSC  0B.7
0A2A:  BSF    2C.7
0A2B:  BCF    0B.7
....................             lcd_data(0x00); 
0A2C:  CLRF   72
0A2D:  BCF    0A.3
0A2E:  CALL   5AD
0A2F:  BSF    0A.3
0A30:  BTFSC  2C.7
0A31:  BSF    0B.7
....................             lcd_putc("C"); 
0A32:  MOVLW  7B
0A33:  BSF    03.6
0A34:  MOVWF  0D
0A35:  MOVLW  06
0A36:  MOVWF  0F
0A37:  BCF    0A.3
0A38:  BCF    03.6
0A39:  CALL   792
0A3A:  BSF    0A.3
0A3B:  CLRF   2C
0A3C:  BTFSC  0B.7
0A3D:  BSF    2C.7
0A3E:  BCF    0B.7
....................             lcd_gotoxy(4,3); 
0A3F:  MOVLW  04
0A40:  MOVWF  72
0A41:  MOVLW  03
0A42:  MOVWF  73
0A43:  BCF    0A.3
0A44:  CALL   5A0
0A45:  BSF    0A.3
0A46:  BTFSC  2C.7
0A47:  BSF    0B.7
....................             lcd_putc("Do am: "); 
0A48:  MOVLW  7C
0A49:  BSF    03.6
0A4A:  MOVWF  0D
0A4B:  MOVLW  06
0A4C:  MOVWF  0F
0A4D:  BCF    0A.3
0A4E:  BCF    03.6
0A4F:  CALL   792
0A50:  BSF    0A.3
0A51:  CLRF   2C
0A52:  BTFSC  0B.7
0A53:  BSF    2C.7
0A54:  BCF    0B.7
....................             lcd_gotoxy(5,4); 
0A55:  MOVLW  05
0A56:  MOVWF  72
0A57:  MOVLW  04
0A58:  MOVWF  73
0A59:  BCF    0A.3
0A5A:  CALL   5A0
0A5B:  BSF    0A.3
0A5C:  BTFSC  2C.7
0A5D:  BSF    0B.7
....................             lcd_putc(hum1); 
0A5E:  MOVF   50,W
0A5F:  MOVWF  66
0A60:  CALL   000
....................             lcd_putc(hum2); 
0A61:  MOVF   51,W
0A62:  MOVWF  66
0A63:  CALL   000
....................             lcd_putc(" %"); 
0A64:  MOVLW  80
0A65:  BSF    03.6
0A66:  MOVWF  0D
0A67:  MOVLW  06
0A68:  MOVWF  0F
0A69:  BCF    0A.3
0A6A:  BCF    03.6
0A6B:  CALL   792
0A6C:  BSF    0A.3
....................             //delay_ms(200); 
....................             cnt= count; 
0A6D:  MOVF   47,W
0A6E:  MOVWF  53
....................          } 
....................          if (count == 2) 
0A6F:  MOVF   47,W
0A70:  SUBLW  02
0A71:  BTFSS  03.2
0A72:  GOTO   2AF
....................          { 
....................          if (cnt!= count) { 
0A73:  MOVF   47,W
0A74:  SUBWF  53,W
0A75:  BTFSC  03.2
0A76:  GOTO   282
0A77:  CLRF   2C
0A78:  BTFSC  0B.7
0A79:  BSF    2C.7
0A7A:  BCF    0B.7
....................             lcd_clear(); 
0A7B:  BCF    0A.3
0A7C:  CALL   5C9
0A7D:  BSF    0A.3
0A7E:  BTFSC  2C.7
0A7F:  BSF    0B.7
....................             cnt = count; 
0A80:  MOVF   47,W
0A81:  MOVWF  53
0A82:  CLRF   2C
0A83:  BTFSC  0B.7
0A84:  BSF    2C.7
0A85:  BCF    0B.7
....................          } 
....................             //lcd_clear(); 
....................             //lcd_putc("Man hinh 3"); 
....................             lcd_gotoxy(0,0); 
0A86:  CLRF   72
0A87:  CLRF   73
0A88:  BCF    0A.3
0A89:  CALL   5A0
0A8A:  BSF    0A.3
0A8B:  BTFSC  2C.7
0A8C:  BSF    0B.7
....................            // int16 i;  
....................            for (int16 i=0; i<=504;i++) lcd_data(sunny[i]); 
0A8D:  CLRF   5B
0A8E:  CLRF   5A
0A8F:  MOVF   5B,W
0A90:  SUBLW  01
0A91:  BTFSS  03.0
0A92:  GOTO   2AF
0A93:  BTFSS  03.2
0A94:  GOTO   299
0A95:  MOVF   5A,W
0A96:  SUBLW  F8
0A97:  BTFSS  03.0
0A98:  GOTO   2AF
0A99:  MOVF   5B,W
0A9A:  MOVWF  7A
0A9B:  MOVF   5A,W
0A9C:  BCF    0A.3
0A9D:  CALL   357
0A9E:  BSF    0A.3
0A9F:  MOVWF  63
0AA0:  CLRF   2C
0AA1:  BTFSC  0B.7
0AA2:  BSF    2C.7
0AA3:  BCF    0B.7
0AA4:  MOVF   63,W
0AA5:  MOVWF  72
0AA6:  BCF    0A.3
0AA7:  CALL   5AD
0AA8:  BSF    0A.3
0AA9:  BTFSC  2C.7
0AAA:  BSF    0B.7
0AAB:  INCF   5A,F
0AAC:  BTFSC  03.2
0AAD:  INCF   5B,F
0AAE:  GOTO   28F
.................... //!           lcd_gotoxy(1,0); 
.................... //!           lcd_putc("SUNNY"); 
....................             //delay_ms(50); 
....................            //for(i=0; i<504; i++)  
....................           // cnt = count; 
....................          } 
....................          if (count == 3) 
0AAF:  MOVF   47,W
0AB0:  SUBLW  03
0AB1:  BTFSS  03.2
0AB2:  GOTO   335
....................          { 
....................           
....................          if (cnt!= count) { 
0AB3:  MOVF   47,W
0AB4:  SUBWF  53,W
0AB5:  BTFSC  03.2
0AB6:  GOTO   2C2
0AB7:  CLRF   2C
0AB8:  BTFSC  0B.7
0AB9:  BSF    2C.7
0ABA:  BCF    0B.7
....................             lcd_clear(); 
0ABB:  BCF    0A.3
0ABC:  CALL   5C9
0ABD:  BSF    0A.3
0ABE:  BTFSC  2C.7
0ABF:  BSF    0B.7
....................             cnt = count; 
0AC0:  MOVF   47,W
0AC1:  MOVWF  53
....................          } 
....................           
....................          char x= 4, y=2; 
....................          int a, b, c, d, check; 
0AC2:  MOVLW  04
0AC3:  MOVWF  5C
0AC4:  MOVLW  02
0AC5:  MOVWF  5D
....................          a = 1; b = 2; c = 1; d = 4;check = pin_D6; 
0AC6:  MOVLW  01
0AC7:  MOVWF  5E
0AC8:  MOVLW  02
0AC9:  MOVWF  5F
0ACA:  MOVLW  01
0ACB:  MOVWF  60
0ACC:  MOVLW  04
0ACD:  MOVWF  61
0ACE:  MOVLW  46
0ACF:  MOVWF  62
....................             //lcd_clear(); 
....................             if(check!=PIN_D6) output_high(PIN_A4); 
0AD0:  MOVF   62,W
0AD1:  SUBLW  46
0AD2:  BTFSC  03.2
0AD3:  GOTO   2D8
0AD4:  BSF    03.5
0AD5:  BCF    05.4
0AD6:  BCF    03.5
0AD7:  BSF    05.4
0AD8:  CLRF   2C
0AD9:  BTFSC  0B.7
0ADA:  BSF    2C.7
0ADB:  BCF    0B.7
....................             lcd_gotoxy(1,0); 
0ADC:  MOVLW  01
0ADD:  MOVWF  72
0ADE:  CLRF   73
0ADF:  BCF    0A.3
0AE0:  CALL   5A0
0AE1:  BSF    0A.3
0AE2:  BTFSC  2C.7
0AE3:  BSF    0B.7
....................             lcd_putc("Arlam at:");  
0AE4:  MOVLW  82
0AE5:  BSF    03.6
0AE6:  MOVWF  0D
0AE7:  MOVLW  06
0AE8:  MOVWF  0F
0AE9:  BCF    0A.3
0AEA:  BCF    03.6
0AEB:  CALL   792
0AEC:  BSF    0A.3
....................             lcd_print_digit(a, x, y); 
0AED:  MOVF   5E,W
0AEE:  MOVWF  65
0AEF:  MOVF   5C,W
0AF0:  MOVWF  66
0AF1:  MOVF   5D,W
0AF2:  MOVWF  67
0AF3:  CALL   097
....................             lcd_print_digit(b, x + 12, y); 
0AF4:  MOVLW  0C
0AF5:  ADDWF  5C,W
0AF6:  MOVWF  63
0AF7:  MOVF   5F,W
0AF8:  MOVWF  65
0AF9:  MOVF   63,W
0AFA:  MOVWF  66
0AFB:  MOVF   5D,W
0AFC:  MOVWF  67
0AFD:  CALL   097
....................             lcd_print_digit(11, x +24, y); 
0AFE:  MOVLW  18
0AFF:  ADDWF  5C,W
0B00:  MOVWF  63
0B01:  MOVLW  0B
0B02:  MOVWF  65
0B03:  MOVF   63,W
0B04:  MOVWF  66
0B05:  MOVF   5D,W
0B06:  MOVWF  67
0B07:  CALL   097
....................             lcd_print_digit(c, x + 36,y); 
0B08:  MOVLW  24
0B09:  ADDWF  5C,W
0B0A:  MOVWF  63
0B0B:  MOVF   60,W
0B0C:  MOVWF  65
0B0D:  MOVF   63,W
0B0E:  MOVWF  66
0B0F:  MOVF   5D,W
0B10:  MOVWF  67
0B11:  CALL   097
....................             lcd_print_digit(d, x +48, y); 
0B12:  MOVLW  30
0B13:  ADDWF  5C,W
0B14:  MOVWF  63
0B15:  MOVF   61,W
0B16:  MOVWF  65
0B17:  MOVF   63,W
0B18:  MOVWF  66
0B19:  MOVF   5D,W
0B1A:  MOVWF  67
0B1B:  CALL   097
....................             if(((hr1-0x30==a) && (hr2 - 0x30 == b)) && ((min1 - 0x30 == c) && (min2-0x30 ==d))){ 
0B1C:  MOVLW  30
0B1D:  SUBWF  48,W
0B1E:  SUBWF  5E,W
0B1F:  BTFSS  03.2
0B20:  GOTO   333
0B21:  MOVLW  30
0B22:  SUBWF  49,W
0B23:  SUBWF  5F,W
0B24:  BTFSS  03.2
0B25:  GOTO   333
0B26:  MOVLW  30
0B27:  SUBWF  4A,W
0B28:  SUBWF  60,W
0B29:  BTFSS  03.2
0B2A:  GOTO   333
0B2B:  MOVLW  30
0B2C:  SUBWF  4B,W
0B2D:  SUBWF  61,W
0B2E:  BTFSS  03.2
0B2F:  GOTO   333
....................             buzz(); 
0B30:  BCF    0A.3
0B31:  CALL   76C
0B32:  BSF    0A.3
....................             } 
....................             cnt = count; 
0B33:  MOVF   47,W
0B34:  MOVWF  53
....................              
....................             //delay_ms(500); 
....................          } 
0B35:  GOTO   15D
....................         // delay_ms(30); 
....................       }  
....................  }  
0B36:  SLEEP

Configuration Fuses:
   Word  1: 2CE2   HS NOWDT PUT MCLR NOPROTECT NOCPD NOBROWNOUT IESO FCMEN NOLVP NODEBUG
   Word  2: 3FFF   BORV40 NOWRT
